2026-04-08 18:47:25.331:INFO:oejs.Server:ScalaTest-main-running-TestMergeModeCommitTimeOrdering: Started @34955ms
35209 [ScalaTest-main-running-TestMergeModeCommitTimeOrdering] WARN  org.apache.hudi.common.table.HoodieTableConfig [] - hoodie.properties modified to: {hoodie.table.initial.version=9, hoodie.table.keygenerator.type=NON_PARTITION, hoodie.table.type=MERGE_ON_READ, hoodie.table.metadata.partitions=files, hoodie.archivelog.folder=archived, hoodie.table.create.schema={"type":"record","name":"htestmergemodecommittimeordering_5_record","namespace":"hoodie.htestmergemodecommittimeordering_5","fields":[{"name":"id","type":["null","int"],"default":null},{"name":"name","type":["null","string"],"default":null},{"name":"price","type":["null","double"],"default":null},{"name":"ts","type":["null","long"],"default":null}]}, hoodie.timeline.layout.version=2, hoodie.timeline.history.path=history, hoodie.table.checksum=3753011540, hoodie.datasource.write.drop.partition.columns=false, hoodie.table.recordkey.fields=id, hoodie.table.name=htestmergemodecommittimeordering_5, hoodie.table.format=native, hoodie.timeline.path=timeline, hoodie.datasource.write.hive_style_partitioning=true, hoodie.table.metadata.partitions.inflight=, hoodie.database.name=default, hoodie.record.merge.mode=COMMIT_TIME_ORDERING, hoodie.datasource.write.partitionpath.urlencode=false, hoodie.table.version=9} (at file:/home/ubuntu/ws3/hudi-rs/tables/table4_1775674044916/.hoodie)
35446 [ScalaTest-main-running-TestMergeModeCommitTimeOrdering] WARN  org.apache.hudi.common.table.HoodieTableConfig [] - hoodie.properties modified to: {hoodie.table.initial.version=9, hoodie.table.keygenerator.type=NON_PARTITION, hoodie.table.type=MERGE_ON_READ, hoodie.table.metadata.partitions=files, hoodie.archivelog.folder=archived, hoodie.table.create.schema={"type":"record","name":"htestmergemodecommittimeordering_5_record","namespace":"hoodie.htestmergemodecommittimeordering_5","fields":[{"name":"id","type":["null","int"],"default":null},{"name":"name","type":["null","string"],"default":null},{"name":"price","type":["null","double"],"default":null},{"name":"ts","type":["null","long"],"default":null}]}, hoodie.timeline.layout.version=2, hoodie.timeline.history.path=history, hoodie.table.checksum=3753011540, hoodie.datasource.write.drop.partition.columns=false, hoodie.table.recordkey.fields=id, hoodie.table.name=htestmergemodecommittimeordering_5, hoodie.table.format=native, hoodie.timeline.path=timeline, hoodie.datasource.write.hive_style_partitioning=true, hoodie.table.metadata.partitions.inflight=, hoodie.table.index.defs.path=.hoodie/.index_defs/index.json, hoodie.database.name=default, hoodie.record.merge.mode=COMMIT_TIME_ORDERING, hoodie.datasource.write.partitionpath.urlencode=false, hoodie.table.version=9} (at file:/home/ubuntu/ws3/hudi-rs/tables/table4_1775674044916/.hoodie)
35459 [ScalaTest-main-running-TestMergeModeCommitTimeOrdering] WARN  org.apache.hudi.common.table.HoodieTableConfig [] - hoodie.properties modified to: {hoodie.table.initial.version=9, hoodie.table.keygenerator.type=NON_PARTITION, hoodie.table.type=MERGE_ON_READ, hoodie.table.metadata.partitions=column_stats,files, hoodie.archivelog.folder=archived, hoodie.table.create.schema={"type":"record","name":"htestmergemodecommittimeordering_5_record","namespace":"hoodie.htestmergemodecommittimeordering_5","fields":[{"name":"id","type":["null","int"],"default":null},{"name":"name","type":["null","string"],"default":null},{"name":"price","type":["null","double"],"default":null},{"name":"ts","type":["null","long"],"default":null}]}, hoodie.timeline.layout.version=2, hoodie.timeline.history.path=history, hoodie.table.checksum=3753011540, hoodie.datasource.write.drop.partition.columns=false, hoodie.table.recordkey.fields=id, hoodie.table.name=htestmergemodecommittimeordering_5, hoodie.table.format=native, hoodie.timeline.path=timeline, hoodie.datasource.write.hive_style_partitioning=true, hoodie.table.metadata.partitions.inflight=, hoodie.table.index.defs.path=.hoodie/.index_defs/index.json, hoodie.database.name=default, hoodie.record.merge.mode=COMMIT_TIME_ORDERING, hoodie.datasource.write.partitionpath.urlencode=false, hoodie.table.version=9} (at file:/home/ubuntu/ws3/hudi-rs/tables/table4_1775674044916/.hoodie)
I0408 18:47:25.932808 75050 Task.cpp:2413] Terminating task Gluten_Stage_200_TID_351_VTID_45 with state Finished after running for 6ms
I0408 18:47:25.932826 73636 Task.cpp:2413] Terminating task Gluten_Stage_200_TID_357_VTID_41 with state Finished after running for 6ms
I0408 18:47:25.932826 75052 Task.cpp:2413] Terminating task Gluten_Stage_200_TID_354_VTID_46 with state Finished after running for 6ms
I0408 18:47:25.932967 73825 Task.cpp:2413] Terminating task Gluten_Stage_200_TID_353_VTID_42 with state Finished after running for 6ms
I0408 18:47:25.932934 73824 Task.cpp:2413] Terminating task Gluten_Stage_200_TID_356_VTID_44 with state Finished after running for 6ms
I0408 18:47:25.934203 75051 Task.cpp:2413] Terminating task Gluten_Stage_200_TID_355_VTID_47 with state Finished after running for 5ms
I0408 18:47:25.937594 73734 Task.cpp:2413] Terminating task Gluten_Stage_200_TID_352_VTID_43 with state Finished after running for 11ms
35541 [Executor task launch worker for task 0.0 in stage 200.0 (TID 351)] WARN  org.apache.gluten.columnarbatch.IndicatorVectorPool [] - There are still unreleased native columnar batches during ending the task. Will close them automatically however the batches should be better released manually to minimize memory pressure.
35542 [Executor task launch worker for task 2.0 in stage 200.0 (TID 353)] WARN  org.apache.gluten.columnarbatch.IndicatorVectorPool [] - There are still unreleased native columnar batches during ending the task. Will close them automatically however the batches should be better released manually to minimize memory pressure.
35543 [Executor task launch worker for task 3.0 in stage 200.0 (TID 354)] WARN  org.apache.gluten.columnarbatch.IndicatorVectorPool [] - There are still unreleased native columnar batches during ending the task. Will close them automatically however the batches should be better released manually to minimize memory pressure.
35544 [Executor task launch worker for task 5.0 in stage 200.0 (TID 356)] WARN  org.apache.gluten.columnarbatch.IndicatorVectorPool [] - There are still unreleased native columnar batches during ending the task. Will close them automatically however the batches should be better released manually to minimize memory pressure.
35545 [Executor task launch worker for task 6.0 in stage 200.0 (TID 357)] WARN  org.apache.gluten.columnarbatch.IndicatorVectorPool [] - There are still unreleased native columnar batches during ending the task. Will close them automatically however the batches should be better released manually to minimize memory pressure.
35546 [Executor task launch worker for task 4.0 in stage 200.0 (TID 355)] WARN  org.apache.gluten.columnarbatch.IndicatorVectorPool [] - There are still unreleased native columnar batches during ending the task. Will close them automatically however the batches should be better released manually to minimize memory pressure.
35546 [Executor task launch worker for task 1.0 in stage 200.0 (TID 352)] WARN  org.apache.gluten.columnarbatch.IndicatorVectorPool [] - There are still unreleased native columnar batches during ending the task. Will close them automatically however the batches should be better released manually to minimize memory pressure.
2026-04-08 18:47:26.122:INFO:oejs.Server:ScalaTest-main-running-TestMergeModeCommitTimeOrdering: jetty-9.4.57.v20241219; built: 2025-01-08T21:24:30.412Z; git: df524e6b29271c2e09ba9aea83c18dc9db464a31; jvm 17.0.18+8-Ubuntu-122.04.1
2026-04-08 18:47:26.124:INFO:oejs.Server:ScalaTest-main-running-TestMergeModeCommitTimeOrdering: Started @35748ms
36348 [ScalaTest-main-running-TestMergeModeCommitTimeOrdering] WARN  org.apache.spark.sql.hudi.command.MergeIntoHoodieTableCommand [] - Updates without precombine can have nondeterministic behavior
36370 [ScalaTest-main-running-TestMergeModeCommitTimeOrdering] WARN  org.apache.hudi.config.HoodiePayloadConfig [] - 'hoodie.payload.ordering.field' wasn't set during Hoodie payload building due to absent key field passed.
2026-04-08 18:47:26.771:INFO:oejs.Server:ScalaTest-main-running-TestMergeModeCommitTimeOrdering: jetty-9.4.57.v20241219; built: 2025-01-08T21:24:30.412Z; git: df524e6b29271c2e09ba9aea83c18dc9db464a31; jvm 17.0.18+8-Ubuntu-122.04.1
2026-04-08 18:47:26.773:INFO:oejs.Server:ScalaTest-main-running-TestMergeModeCommitTimeOrdering: Started @36397ms
36412 [ScalaTest-main-running-TestMergeModeCommitTimeOrdering] WARN  org.apache.hudi.HoodieSparkUtils [] - createRdd executedPlan:
VeloxColumnarToRow
+- ColumnarUnion
   :- ^(38) ProjectExecTransformer [4 AS id#625, D2 AS name#626, 45.0 AS price#627, 101 AS ts#628L]
   :  +- ^(38) InputIteratorTransformer[]
   :     +- RowToVeloxColumnar
   :        +- *(1) Scan OneRowRelation[]
   :- ^(39) ProjectExecTransformer [5 AS 5#631, E2 AS E2#632, 55.0 AS 55.0#633, 99 AS ts#629L]
   :  +- ^(39) InputIteratorTransformer[]
   :     +- RowToVeloxColumnar
   :        +- *(2) Scan OneRowRelation[]
   +- ^(40) ProjectExecTransformer [6 AS 6#634, F2 AS F2#635, 65.0 AS 65.0#636, 100 AS ts#630L]
      +- ^(40) InputIteratorTransformer[]
         +- RowToVeloxColumnar
            +- *(3) Scan OneRowRelation[]

2026-04-08 18:47:26.832:INFO:oejs.Server:ScalaTest-main-running-TestMergeModeCommitTimeOrdering: jetty-9.4.57.v20241219; built: 2025-01-08T21:24:30.412Z; git: df524e6b29271c2e09ba9aea83c18dc9db464a31; jvm 17.0.18+8-Ubuntu-122.04.1
2026-04-08 18:47:26.835:INFO:oejs.Server:ScalaTest-main-running-TestMergeModeCommitTimeOrdering: Started @36458ms
I0408 18:47:26.892953 73734 Task.cpp:2413] Terminating task Gluten_Stage_221_TID_402_VTID_48 with state Finished after running for 5ms
I0408 18:47:26.892953 75051 Task.cpp:2413] Terminating task Gluten_Stage_221_TID_403_VTID_50 with state Finished after running for 5ms
I0408 18:47:26.892953 75052 Task.cpp:2413] Terminating task Gluten_Stage_221_TID_401_VTID_49 with state Finished after running for 5ms
36502 [Executor task launch worker for task 0.0 in stage 221.0 (TID 401)] WARN  org.apache.gluten.columnarbatch.IndicatorVectorPool [] - There are still unreleased native columnar batches during ending the task. Will close them automatically however the batches should be better released manually to minimize memory pressure.
36503 [Executor task launch worker for task 1.0 in stage 221.0 (TID 402)] WARN  org.apache.gluten.columnarbatch.IndicatorVectorPool [] - There are still unreleased native columnar batches during ending the task. Will close them automatically however the batches should be better released manually to minimize memory pressure.
36504 [Executor task launch worker for task 2.0 in stage 221.0 (TID 403)] WARN  org.apache.gluten.columnarbatch.IndicatorVectorPool [] - There are still unreleased native columnar batches during ending the task. Will close them automatically however the batches should be better released manually to minimize memory pressure.
I0408 18:47:27.073254 73734 Task.cpp:2413] Terminating task Gluten_Stage_224_TID_411_VTID_51 with state Finished after running for 7ms
36679 [Executor task launch worker for task 2.0 in stage 224.0 (TID 411)] WARN  org.apache.gluten.columnarbatch.IndicatorVectorPool [] - There are still unreleased native columnar batches during ending the task. Will close them automatically however the batches should be better released manually to minimize memory pressure.
I0408 18:47:27.075930 75051 Task.cpp:2413] Terminating task Gluten_Stage_224_TID_409_VTID_52 with state Finished after running for 8ms
I0408 18:47:27.075930 75052 Task.cpp:2413] Terminating task Gluten_Stage_224_TID_410_VTID_53 with state Finished after running for 8ms
36682 [Executor task launch worker for task 1.0 in stage 224.0 (TID 410)] WARN  org.apache.gluten.columnarbatch.IndicatorVectorPool [] - There are still unreleased native columnar batches during ending the task. Will close them automatically however the batches should be better released manually to minimize memory pressure.
36682 [Executor task launch worker for task 0.0 in stage 224.0 (TID 409)] WARN  org.apache.gluten.columnarbatch.IndicatorVectorPool [] - There are still unreleased native columnar batches during ending the task. Will close them automatically however the batches should be better released manually to minimize memory pressure.
2026-04-08 18:47:27.221:INFO:oejs.Server:ScalaTest-main-running-TestMergeModeCommitTimeOrdering: jetty-9.4.57.v20241219; built: 2025-01-08T21:24:30.412Z; git: df524e6b29271c2e09ba9aea83c18dc9db464a31; jvm 17.0.18+8-Ubuntu-122.04.1
2026-04-08 18:47:27.223:INFO:oejs.Server:ScalaTest-main-running-TestMergeModeCommitTimeOrdering: Started @36847ms
I0408 18:47:27.917466 73824 HudiPlanConverter.cc:36] [HudiMOR] parseHudiSplitInfo: baseUri=file:/home/ubuntu/ws3/hudi-rs/tables/table4_1775674044916 baseFile=01dff7bd-35ba-407b-84b4-bdd76c37cd05-0_0-213-384_20260408184725087.parquet logFiles=1 partitionPath=
I0408 18:47:27.917594 73824 HudiPlanConverter.cc:161] [HudiMOR] fileGroupReaderContext: tablePath=file:/home/ubuntu/ws3/hudi-rs/tables/table4_1775674044916 latestCommitTime=20260408184726775 mergeMode=COMMIT_TIME_ORDERING
I0408 18:47:27.918556 73824 WholeStageResultIterator.cc:161] [HudiMOR] Building HiveHudiMORSplit path=file:/home/ubuntu/ws3/hudi-rs/tables/table4_1775674044916/01dff7bd-35ba-407b-84b4-bdd76c37cd05-0_0-213-384_20260408184725087.parquet baseUri=file:/home/ubuntu/ws3/hudi-rs/tables/table4_1775674044916 baseFile=01dff7bd-35ba-407b-84b4-bdd76c37cd05-0_0-213-384_20260408184725087.parquet logFiles=1 partitionPath= hudiOptions=0 latestCommitTime=20260408184726775 mergeMode=COMMIT_TIME_ORDERING isMOR=true
I0408 18:47:27.918572 73824 WholeStageResultIterator.cc:172] [HudiMOR]   logFile[0]=.01dff7bd-35ba-407b-84b4-bdd76c37cd05-0_20260408184726775.log.1_0-232-426
I0408 18:47:27.922039 73824 HudiSplitReader.cpp:81] [HudiMOR] prepareSplit: creating FileGroupReader baseUri=file:/home/ubuntu/ws3/hudi-rs/tables/table4_1775674044916 latestCommitTime=20260408184726775 mergeMode=COMMIT_TIME_ORDERING hudiOptions=0
I0408 18:47:27.922124 73824 HudiSplitReader.cpp:183] [HudiMOR] prepareSplit: creating FileGroupReader with context partitionPath= baseFileName=01dff7bd-35ba-407b-84b4-bdd76c37cd05-0_0-213-384_20260408184725087.parquet logFileNames=1
I0408 18:47:27.922132 73824 HudiSplitReader.cpp:188] [HudiMOR] prepareSplit: logFile[0]=.01dff7bd-35ba-407b-84b4-bdd76c37cd05-0_20260408184726775.log.1_0-232-426
[2026-04-08T18:47:27Z DEBUG hudi] new_file_group_reader_with_context: base_uri=file:/home/ubuntu/ws3/hudi-rs/tables/table4_1775674044916 table_path=file:/home/ubuntu/ws3/hudi-rs/tables/table4_1775674044916 partition_path= latest_commit_time=20260408184726775 start=0 length=435277 should_use_record_position=true allow_inflight_instants=false emit_delete=false sort_output=false props_count=31 base_file=01dff7bd-35ba-407b-84b4-bdd76c37cd05-0_0-213-384_20260408184725087.parquet log_files_count=1 has_data_schema=true has_requested_schema=true
[2026-04-08T18:47:27Z DEBUG hudi] new_file_group_reader_with_context: reader_context table_path=file:/home/ubuntu/ws3/hudi-rs/tables/table4_1775674044916 latest_commit_time=20260408184726775 base_file_format=PARQUET has_log_files=true needs_bootstrap_merge=false should_merge_use_record_position=true iterator_mode=ENGINE_RECORD merge_mode=COMMIT_TIME_ORDERING merge_strategy_id= has_instant_range=false table_config_count=30 hoodie_reader_config_count=0
[2026-04-08T18:47:27Z DEBUG hudi] new_file_group_reader_with_context: split base_file_name=01dff7bd-35ba-407b-84b4-bdd76c37cd05-0_0-213-384_20260408184725087.parquet log_file_names=[".01dff7bd-35ba-407b-84b4-bdd76c37cd05-0_20260408184726775.log.1_0-232-426"]
I0408 18:47:27.923486 73824 HudiSplitReader.cpp:194] [HudiMOR] prepareSplit: FileGroupReader created OK
I0408 18:47:27.923547 73824 HudiSplitReader.cpp:197] [HudiMOR] prepareSplit: FileSlice created OK
I0408 18:47:27.923552 73824 HudiSplitReader.cpp:199] [HudiMOR] prepareSplit: calling get_closable_iterator (hudi-rs MOR merge)...
[2026-04-08T18:47:27Z DEBUG hudi_core::file_group::reader_v1] FileGroupReader: MOR merge for '01dff7bd-35ba-407b-84b4-bdd76c37cd05-0_0-213-384_20260408184725087.parquet' with 1 log file(s): [.01dff7bd-35ba-407b-84b4-bdd76c37cd05-0_20260408184726775.log.1_0-232-426]
[2026-04-08T18:47:27Z DEBUG apache_avro::schema] Going to parse record schema: Name { name: "htestmergemodecommittimeordering_5_record", namespace: Some("hoodie.htestmergemodecommittimeordering_5") }
[2026-04-08T18:47:27Z DEBUG hudi_core::file_group::reader_v1] FileGroupReader: reading base file '01dff7bd-35ba-407b-84b4-bdd76c37cd05-0_0-213-384_20260408184725087.parquet' (non-streaming)
[2026-04-08T18:47:27Z DEBUG hudi_core::storage] Parquet full read (non-streaming) for '01dff7bd-35ba-407b-84b4-bdd76c37cd05-0_0-213-384_20260408184725087.parquet': reading all 9 cols: [_hoodie_commit_time, _hoodie_commit_seqno, _hoodie_record_key, _hoodie_partition_path, _hoodie_file_name, id, name, price, ts]
[2026-04-08T18:47:27Z DEBUG hudi_core::file_group::reader_v1] FileGroupReader: no commit time filter for '01dff7bd-35ba-407b-84b4-bdd76c37cd05-0_0-213-384_20260408184725087.parquet' (snapshot/time-travel query)
I0408 18:47:27.927117 73824 HudiSplitReader.cpp:209] [HudiMOR] prepareSplit: read_file_slice returned OK arrowStream=0x7dff40109150
I0408 18:47:27.927479 73824 HudiSplitReader.cpp:224] [HudiMOR] next: calling get_next on ArrowArrayStream...
I0408 18:47:27.927553 73824 HudiSplitReader.cpp:242] [HudiMOR] next: got ArrowArray numRows=10 numCols=9
I0408 18:47:27.927743 73824 HudiSplitReader.cpp:267] [HudiMOR] next: Arrow schema (9 cols): _hoodie_commit_time, _hoodie_commit_seqno, _hoodie_record_key, _hoodie_partition_path, _hoodie_file_name, id, name, price, ts
I0408 18:47:27.927752 73824 HudiSplitReader.cpp:272] [HudiMOR] next: importing Arrow batch into Velox RowVector...
I0408 18:47:27.928059 73824 HudiSplitReader.cpp:285] [HudiMOR] next: Velox RowVector from Arrow (10 rows, 9 cols): _hoodie_commit_time:VARCHAR, _hoodie_commit_seqno:VARCHAR, _hoodie_record_key:VARCHAR, _hoodie_partition_path:VARCHAR, _hoodie_file_name:VARCHAR, id:INTEGER, name:VARCHAR, price:DOUBLE, ts:BIGINT
I0408 18:47:27.928072 73824 HudiSplitReader.cpp:298] [HudiMOR] next: readerOutputType (4 cols): id:INTEGER, name:VARCHAR, price:DOUBLE, ts:BIGINT
I0408 18:47:27.928074 73824 HudiSplitReader.cpp:309] [HudiMOR] next: projecting 9 Arrow cols -> 4 output cols
I0408 18:47:27.928109 73824 HudiSplitReader.cpp:326] [HudiMOR] next: project col id : arrow[5] -> output[0]
I0408 18:47:27.928115 73824 HudiSplitReader.cpp:326] [HudiMOR] next: project col name : arrow[6] -> output[1]
I0408 18:47:27.928117 73824 HudiSplitReader.cpp:326] [HudiMOR] next: project col price : arrow[7] -> output[2]
I0408 18:47:27.928120 73824 HudiSplitReader.cpp:326] [HudiMOR] next: project col ts : arrow[8] -> output[3]
I0408 18:47:27.928175 73824 HudiSplitReader.cpp:332] [HudiMOR] next: projected RowVector has 10 rows
I0408 18:47:27.928231 73824 HiveDataSource.cpp:522] [HudiMOR-DS] next: rowsScanned=10 outputSize=10 outputType=ROW<id:INTEGER,name:VARCHAR,price:DOUBLE,ts:BIGINT> readerOutputType=ROW<id:INTEGER,name:VARCHAR,price:DOUBLE,ts:BIGINT> outputType=ROW<n0_0:INTEGER,n0_1:VARCHAR,n0_2:DOUBLE,n0_3:BIGINT>
I0408 18:47:27.928347 73824 HiveDataSource.cpp:546] [HudiMOR-DS] next: remainingFilterExprSet=NO rowVector cols=4 rows=10
I0408 18:47:27.928966 73824 HudiSplitReader.cpp:224] [HudiMOR] next: calling get_next on ArrowArrayStream...
I0408 18:47:27.928980 73824 HudiSplitReader.cpp:238] [HudiMOR] next: end-of-stream (null release callback)
I0408 18:47:27.928995 73824 HiveDataSource.cpp:522] [HudiMOR-DS] next: rowsScanned=0 outputSize=10 outputType=ROW<id:INTEGER,name:VARCHAR,price:DOUBLE,ts:BIGINT> readerOutputType=ROW<id:INTEGER,name:VARCHAR,price:DOUBLE,ts:BIGINT> outputType=ROW<n0_0:INTEGER,n0_1:VARCHAR,n0_2:DOUBLE,n0_3:BIGINT>
I0408 18:47:27.929311 73824 Task.cpp:2413] Terminating task Gluten_Stage_240_TID_443_VTID_54 with state Finished after running for 9ms
I0408 18:47:27.944730 73824 HudiPlanConverter.cc:36] [HudiMOR] parseHudiSplitInfo: baseUri=file:/home/ubuntu/ws3/hudi-rs/tables/table4_1775674044916 baseFile=01dff7bd-35ba-407b-84b4-bdd76c37cd05-0_0-213-384_20260408184725087.parquet logFiles=1 partitionPath=
I0408 18:47:27.944877 73824 HudiPlanConverter.cc:161] [HudiMOR] fileGroupReaderContext: tablePath=file:/home/ubuntu/ws3/hudi-rs/tables/table4_1775674044916 latestCommitTime=20260408184726775 mergeMode=COMMIT_TIME_ORDERING
I0408 18:47:27.945834 73824 WholeStageResultIterator.cc:161] [HudiMOR] Building HiveHudiMORSplit path=file:/home/ubuntu/ws3/hudi-rs/tables/table4_1775674044916/01dff7bd-35ba-407b-84b4-bdd76c37cd05-0_0-213-384_20260408184725087.parquet baseUri=file:/home/ubuntu/ws3/hudi-rs/tables/table4_1775674044916 baseFile=01dff7bd-35ba-407b-84b4-bdd76c37cd05-0_0-213-384_20260408184725087.parquet logFiles=1 partitionPath= hudiOptions=0 latestCommitTime=20260408184726775 mergeMode=COMMIT_TIME_ORDERING isMOR=true
I0408 18:47:27.945852 73824 WholeStageResultIterator.cc:172] [HudiMOR]   logFile[0]=.01dff7bd-35ba-407b-84b4-bdd76c37cd05-0_20260408184726775.log.1_0-232-426
I0408 18:47:27.950081 73824 HudiSplitReader.cpp:81] [HudiMOR] prepareSplit: creating FileGroupReader baseUri=file:/home/ubuntu/ws3/hudi-rs/tables/table4_1775674044916 latestCommitTime=20260408184726775 mergeMode=COMMIT_TIME_ORDERING hudiOptions=0
I0408 18:47:27.950176 73824 HudiSplitReader.cpp:183] [HudiMOR] prepareSplit: creating FileGroupReader with context partitionPath= baseFileName=01dff7bd-35ba-407b-84b4-bdd76c37cd05-0_0-213-384_20260408184725087.parquet logFileNames=1
I0408 18:47:27.950186 73824 HudiSplitReader.cpp:188] [HudiMOR] prepareSplit: logFile[0]=.01dff7bd-35ba-407b-84b4-bdd76c37cd05-0_20260408184726775.log.1_0-232-426
[2026-04-08T18:47:27Z DEBUG hudi] new_file_group_reader_with_context: base_uri=file:/home/ubuntu/ws3/hudi-rs/tables/table4_1775674044916 table_path=file:/home/ubuntu/ws3/hudi-rs/tables/table4_1775674044916 partition_path= latest_commit_time=20260408184726775 start=0 length=435277 should_use_record_position=true allow_inflight_instants=false emit_delete=false sort_output=false props_count=31 base_file=01dff7bd-35ba-407b-84b4-bdd76c37cd05-0_0-213-384_20260408184725087.parquet log_files_count=1 has_data_schema=true has_requested_schema=true
[2026-04-08T18:47:27Z DEBUG hudi] new_file_group_reader_with_context: reader_context table_path=file:/home/ubuntu/ws3/hudi-rs/tables/table4_1775674044916 latest_commit_time=20260408184726775 base_file_format=PARQUET has_log_files=true needs_bootstrap_merge=false should_merge_use_record_position=true iterator_mode=ENGINE_RECORD merge_mode=COMMIT_TIME_ORDERING merge_strategy_id= has_instant_range=false table_config_count=30 hoodie_reader_config_count=0
[2026-04-08T18:47:27Z DEBUG hudi] new_file_group_reader_with_context: split base_file_name=01dff7bd-35ba-407b-84b4-bdd76c37cd05-0_0-213-384_20260408184725087.parquet log_file_names=[".01dff7bd-35ba-407b-84b4-bdd76c37cd05-0_20260408184726775.log.1_0-232-426"]
I0408 18:47:27.951524 73824 HudiSplitReader.cpp:194] [HudiMOR] prepareSplit: FileGroupReader created OK
I0408 18:47:27.951586 73824 HudiSplitReader.cpp:197] [HudiMOR] prepareSplit: FileSlice created OK
I0408 18:47:27.951591 73824 HudiSplitReader.cpp:199] [HudiMOR] prepareSplit: calling get_closable_iterator (hudi-rs MOR merge)...
[2026-04-08T18:47:27Z DEBUG hudi_core::file_group::reader_v1] FileGroupReader: MOR merge for '01dff7bd-35ba-407b-84b4-bdd76c37cd05-0_0-213-384_20260408184725087.parquet' with 1 log file(s): [.01dff7bd-35ba-407b-84b4-bdd76c37cd05-0_20260408184726775.log.1_0-232-426]
[2026-04-08T18:47:27Z DEBUG apache_avro::schema] Going to parse record schema: Name { name: "htestmergemodecommittimeordering_5_record", namespace: Some("hoodie.htestmergemodecommittimeordering_5") }
[2026-04-08T18:47:27Z DEBUG hudi_core::file_group::reader_v1] FileGroupReader: reading base file '01dff7bd-35ba-407b-84b4-bdd76c37cd05-0_0-213-384_20260408184725087.parquet' (non-streaming)
[2026-04-08T18:47:27Z DEBUG hudi_core::storage] Parquet full read (non-streaming) for '01dff7bd-35ba-407b-84b4-bdd76c37cd05-0_0-213-384_20260408184725087.parquet': reading all 9 cols: [_hoodie_commit_time, _hoodie_commit_seqno, _hoodie_record_key, _hoodie_partition_path, _hoodie_file_name, id, name, price, ts]
[2026-04-08T18:47:27Z DEBUG hudi_core::file_group::reader_v1] FileGroupReader: no commit time filter for '01dff7bd-35ba-407b-84b4-bdd76c37cd05-0_0-213-384_20260408184725087.parquet' (snapshot/time-travel query)
I0408 18:47:27.955335 73824 HudiSplitReader.cpp:209] [HudiMOR] prepareSplit: read_file_slice returned OK arrowStream=0x7dff40afe3b0
I0408 18:47:27.955729 73824 HudiSplitReader.cpp:224] [HudiMOR] next: calling get_next on ArrowArrayStream...
I0408 18:47:27.955801 73824 HudiSplitReader.cpp:242] [HudiMOR] next: got ArrowArray numRows=10 numCols=9
I0408 18:47:27.956014 73824 HudiSplitReader.cpp:267] [HudiMOR] next: Arrow schema (9 cols): _hoodie_commit_time, _hoodie_commit_seqno, _hoodie_record_key, _hoodie_partition_path, _hoodie_file_name, id, name, price, ts
I0408 18:47:27.956022 73824 HudiSplitReader.cpp:272] [HudiMOR] next: importing Arrow batch into Velox RowVector...
I0408 18:47:27.956321 73824 HudiSplitReader.cpp:285] [HudiMOR] next: Velox RowVector from Arrow (10 rows, 9 cols): _hoodie_commit_time:VARCHAR, _hoodie_commit_seqno:VARCHAR, _hoodie_record_key:VARCHAR, _hoodie_partition_path:VARCHAR, _hoodie_file_name:VARCHAR, id:INTEGER, name:VARCHAR, price:DOUBLE, ts:BIGINT
I0408 18:47:27.956336 73824 HudiSplitReader.cpp:298] [HudiMOR] next: readerOutputType (4 cols): id:INTEGER, name:VARCHAR, price:DOUBLE, ts:BIGINT
I0408 18:47:27.956338 73824 HudiSplitReader.cpp:309] [HudiMOR] next: projecting 9 Arrow cols -> 4 output cols
I0408 18:47:27.956372 73824 HudiSplitReader.cpp:326] [HudiMOR] next: project col id : arrow[5] -> output[0]
I0408 18:47:27.956377 73824 HudiSplitReader.cpp:326] [HudiMOR] next: project col name : arrow[6] -> output[1]
I0408 18:47:27.956382 73824 HudiSplitReader.cpp:326] [HudiMOR] next: project col price : arrow[7] -> output[2]
I0408 18:47:27.956386 73824 HudiSplitReader.cpp:326] [HudiMOR] next: project col ts : arrow[8] -> output[3]
I0408 18:47:27.956441 73824 HudiSplitReader.cpp:332] [HudiMOR] next: projected RowVector has 10 rows
I0408 18:47:27.956490 73824 HiveDataSource.cpp:522] [HudiMOR-DS] next: rowsScanned=10 outputSize=10 outputType=ROW<id:INTEGER,name:VARCHAR,price:DOUBLE,ts:BIGINT> readerOutputType=ROW<id:INTEGER,name:VARCHAR,price:DOUBLE,ts:BIGINT> outputType=ROW<n0_0:INTEGER,n0_1:VARCHAR,n0_2:DOUBLE,n0_3:BIGINT>
I0408 18:47:27.956606 73824 HiveDataSource.cpp:546] [HudiMOR-DS] next: remainingFilterExprSet=NO rowVector cols=4 rows=10
I0408 18:47:27.957271 73824 HudiSplitReader.cpp:224] [HudiMOR] next: calling get_next on ArrowArrayStream...
I0408 18:47:27.957285 73824 HudiSplitReader.cpp:238] [HudiMOR] next: end-of-stream (null release callback)
I0408 18:47:27.957288 73824 HiveDataSource.cpp:522] [HudiMOR-DS] next: rowsScanned=0 outputSize=10 outputType=ROW<id:INTEGER,name:VARCHAR,price:DOUBLE,ts:BIGINT> readerOutputType=ROW<id:INTEGER,name:VARCHAR,price:DOUBLE,ts:BIGINT> outputType=ROW<n0_0:INTEGER,n0_1:VARCHAR,n0_2:DOUBLE,n0_3:BIGINT>
I0408 18:47:27.957633 73824 Task.cpp:2413] Terminating task Gluten_Stage_241_TID_444_VTID_55 with state Finished after running for 9ms
I0408 18:47:27.965540 73824 VeloxHashShuffleWriter.cc:877] Calculated partition buffer size -  memLimit: 1069547520, bytesPerRow: 25, preAllocRowCnt: 4096
I0408 18:47:27.965561 73824 VeloxHashShuffleWriter.cc:1423] Actual partition buffer size - current: 0, newSize: 4096
I0408 18:47:27.965658 73824 VeloxHashShuffleWriter.cc:1423] Actual partition buffer size - current: 0, newSize: 4096
I0408 18:47:27.965682 73824 VeloxHashShuffleWriter.cc:1423] Actual partition buffer size - current: 0, newSize: 4096
I0408 18:47:27.965703 73824 VeloxHashShuffleWriter.cc:1423] Actual partition buffer size - current: 0, newSize: 4096
I0408 18:47:27.966225 73824 LocalPartitionWriter.cc:633] LocalPartitionWriter stopped. Total spills: 0
I0408 18:47:28.013156 73824 Task.cpp:2413] Terminating task Gluten_Stage_243_TID_445_VTID_56 with state Finished after running for 6ms
- Test merge operations with COMMIT_TIME_ORDERING for mor table (tableVersion=9,setRecordMergeConfigs=false,setUpsertOperation=true) *** FAILED ***
  Expected Array([0,X,20.0,100], [1,A,10.0,100], [2,B,20.0,100], [3,C,30.0,100], [4,D2,45.0,101], [5,E2,55.0,99], [6,F2,65.0,100]), but got Array([0,X,20.0,100], [1,A,10.0,100], [2,B,20.0,100], [3,C,30.0,100], [4,D,40.0,100], [4,D2,45.0,101], [5,E,50.0,100], [5,E2,55.0,99], [6,F,60.0,100], [6,F2,65.0,100]) (HoodieSparkSqlTestBase.scala:448)
fdss: /home/ubuntu/ws3/hudi-rs/tables/table5_1775674048041
37659 [ScalaTest-main-running-TestMergeModeCommitTimeOrdering] WARN  org.apache.hudi.common.table.HoodieTableConfig [] - The ordering field (ts) is specified. COMMIT_TIME_ORDERING merge mode does not use ordering field anymore.
37753 [ScalaTest-main-running-TestMergeModeCommitTimeOrdering] WARN  org.apache.hudi.common.table.HoodieTableConfig [] - The ordering field (ts) is specified. COMMIT_TIME_ORDERING merge mode does not use ordering field anymore.
2026-04-08 18:47:28.158:INFO:oejs.Server:ScalaTest-main-running-TestMergeModeCommitTimeOrdering: jetty-9.4.57.v20241219; built: 2025-01-08T21:24:30.412Z; git: df524e6b29271c2e09ba9aea83c18dc9db464a31; jvm 17.0.18+8-Ubuntu-122.04.1
2026-04-08 18:47:28.160:INFO:oejs.Server:ScalaTest-main-running-TestMergeModeCommitTimeOrdering: Started @37784ms
37778 [ScalaTest-main-running-TestMergeModeCommitTimeOrdering] WARN  org.apache.hudi.HoodieSparkUtils [] - createRdd executedPlan:
*(1) Scan ExistingRDD[id#742,name#743,price#744,ts#745L]

2026-04-08 18:47:28.405:INFO:oejs.Server:ScalaTest-main-running-TestMergeModeCommitTimeOrdering: jetty-9.4.57.v20241219; built: 2025-01-08T21:24:30.412Z; git: df524e6b29271c2e09ba9aea83c18dc9db464a31; jvm 17.0.18+8-Ubuntu-122.04.1
2026-04-08 18:47:28.408:INFO:oejs.Server:ScalaTest-main-running-TestMergeModeCommitTimeOrdering: Started @38032ms
38286 [ScalaTest-main-running-TestMergeModeCommitTimeOrdering] WARN  org.apache.hudi.common.table.HoodieTableConfig [] - hoodie.properties modified to: {hoodie.table.initial.version=9, hoodie.table.keygenerator.type=NON_PARTITION, hoodie.table.type=MERGE_ON_READ, hoodie.table.metadata.partitions=files, hoodie.archivelog.folder=archived, hoodie.table.create.schema={"type":"record","name":"htestmergemodecommittimeordering_6_record","namespace":"hoodie.htestmergemodecommittimeordering_6","fields":[{"name":"id","type":["null","int"],"default":null},{"name":"name","type":["null","string"],"default":null},{"name":"price","type":["null","double"],"default":null},{"name":"ts","type":["null","long"],"default":null}]}, hoodie.timeline.layout.version=2, hoodie.timeline.history.path=history, hoodie.table.checksum=1186674926, hoodie.datasource.write.drop.partition.columns=false, hoodie.table.recordkey.fields=id, hoodie.table.name=htestmergemodecommittimeordering_6, hoodie.table.format=native, hoodie.timeline.path=timeline, hoodie.table.ordering.fields=ts, hoodie.datasource.write.hive_style_partitioning=true, hoodie.table.metadata.partitions.inflight=, hoodie.database.name=default, hoodie.record.merge.mode=COMMIT_TIME_ORDERING, hoodie.datasource.write.partitionpath.urlencode=false, hoodie.table.version=9} (at file:/home/ubuntu/ws3/hudi-rs/tables/table5_1775674048041/.hoodie)
38514 [ScalaTest-main-running-TestMergeModeCommitTimeOrdering] WARN  org.apache.hudi.common.table.HoodieTableConfig [] - hoodie.properties modified to: {hoodie.table.initial.version=9, hoodie.table.keygenerator.type=NON_PARTITION, hoodie.table.type=MERGE_ON_READ, hoodie.table.metadata.partitions=files, hoodie.archivelog.folder=archived, hoodie.table.create.schema={"type":"record","name":"htestmergemodecommittimeordering_6_record","namespace":"hoodie.htestmergemodecommittimeordering_6","fields":[{"name":"id","type":["null","int"],"default":null},{"name":"name","type":["null","string"],"default":null},{"name":"price","type":["null","double"],"default":null},{"name":"ts","type":["null","long"],"default":null}]}, hoodie.timeline.layout.version=2, hoodie.timeline.history.path=history, hoodie.table.checksum=1186674926, hoodie.datasource.write.drop.partition.columns=false, hoodie.table.recordkey.fields=id, hoodie.table.name=htestmergemodecommittimeordering_6, hoodie.table.format=native, hoodie.timeline.path=timeline, hoodie.table.ordering.fields=ts, hoodie.datasource.write.hive_style_partitioning=true, hoodie.table.metadata.partitions.inflight=, hoodie.table.index.defs.path=.hoodie/.index_defs/index.json, hoodie.database.name=default, hoodie.record.merge.mode=COMMIT_TIME_ORDERING, hoodie.datasource.write.partitionpath.urlencode=false, hoodie.table.version=9} (at file:/home/ubuntu/ws3/hudi-rs/tables/table5_1775674048041/.hoodie)
38525 [ScalaTest-main-running-TestMergeModeCommitTimeOrdering] WARN  org.apache.hudi.common.table.HoodieTableConfig [] - hoodie.properties modified to: {hoodie.table.initial.version=9, hoodie.table.keygenerator.type=NON_PARTITION, hoodie.table.type=MERGE_ON_READ, hoodie.table.metadata.partitions=column_stats,files, hoodie.archivelog.folder=archived, hoodie.table.create.schema={"type":"record","name":"htestmergemodecommittimeordering_6_record","namespace":"hoodie.htestmergemodecommittimeordering_6","fields":[{"name":"id","type":["null","int"],"default":null},{"name":"name","type":["null","string"],"default":null},{"name":"price","type":["null","double"],"default":null},{"name":"ts","type":["null","long"],"default":null}]}, hoodie.timeline.layout.version=2, hoodie.timeline.history.path=history, hoodie.table.checksum=1186674926, hoodie.datasource.write.drop.partition.columns=false, hoodie.table.recordkey.fields=id, hoodie.table.name=htestmergemodecommittimeordering_6, hoodie.table.format=native, hoodie.timeline.path=timeline, hoodie.table.ordering.fields=ts, hoodie.datasource.write.hive_style_partitioning=true, hoodie.table.metadata.partitions.inflight=, hoodie.table.index.defs.path=.hoodie/.index_defs/index.json, hoodie.database.name=default, hoodie.record.merge.mode=COMMIT_TIME_ORDERING, hoodie.datasource.write.partitionpath.urlencode=false, hoodie.table.version=9} (at file:/home/ubuntu/ws3/hudi-rs/tables/table5_1775674048041/.hoodie)
I0408 18:47:28.972388 75052 Task.cpp:2413] Terminating task Gluten_Stage_257_TID_459_VTID_57 with state Finished after running for 5ms
I0408 18:47:28.972949 73824 Task.cpp:2413] Terminating task Gluten_Stage_257_TID_460_VTID_58 with state Finished after running for 4ms
38580 [Executor task launch worker for task 1.0 in stage 257.0 (TID 460)] WARN  org.apache.gluten.columnarbatch.IndicatorVectorPool [] - There are still unreleased native columnar batches during ending the task. Will close them automatically however the batches should be better released manually to minimize memory pressure.
38581 [Executor task launch worker for task 0.0 in stage 257.0 (TID 459)] WARN  org.apache.gluten.columnarbatch.IndicatorVectorPool [] - There are still unreleased native columnar batches during ending the task. Will close them automatically however the batches should be better released manually to minimize memory pressure.
2026-04-08 18:47:29.020:INFO:oejs.Server:ScalaTest-main-running-TestMergeModeCommitTimeOrdering: jetty-9.4.57.v20241219; built: 2025-01-08T21:24:30.412Z; git: df524e6b29271c2e09ba9aea83c18dc9db464a31; jvm 17.0.18+8-Ubuntu-122.04.1
2026-04-08 18:47:29.022:INFO:oejs.Server:ScalaTest-main-running-TestMergeModeCommitTimeOrdering: Started @38646ms
39286 [ScalaTest-main-running-TestMergeModeCommitTimeOrdering] WARN  org.apache.hudi.common.table.HoodieTableConfig [] - The ordering field (ts) is specified. COMMIT_TIME_ORDERING merge mode does not use ordering field anymore.
2026-04-08 18:47:29.692:INFO:oejs.Server:ScalaTest-main-running-TestMergeModeCommitTimeOrdering: jetty-9.4.57.v20241219; built: 2025-01-08T21:24:30.412Z; git: df524e6b29271c2e09ba9aea83c18dc9db464a31; jvm 17.0.18+8-Ubuntu-122.04.1
2026-04-08 18:47:29.694:INFO:oejs.Server:ScalaTest-main-running-TestMergeModeCommitTimeOrdering: Started @39318ms
39313 [ScalaTest-main-running-TestMergeModeCommitTimeOrdering] WARN  org.apache.hudi.HoodieSparkUtils [] - createRdd executedPlan:
*(1) Scan ExistingRDD[id#788,name#789,price#790,ts#791L]

2026-04-08 18:47:29.724:INFO:oejs.Server:ScalaTest-main-running-TestMergeModeCommitTimeOrdering: jetty-9.4.57.v20241219; built: 2025-01-08T21:24:30.412Z; git: df524e6b29271c2e09ba9aea83c18dc9db464a31; jvm 17.0.18+8-Ubuntu-122.04.1
2026-04-08 18:47:29.726:INFO:oejs.Server:ScalaTest-main-running-TestMergeModeCommitTimeOrdering: Started @39350ms
I0408 18:47:29.777015 73734 Task.cpp:2413] Terminating task Gluten_Stage_268_TID_484_VTID_59 with state Finished after running for 5ms
I0408 18:47:29.777113 75052 Task.cpp:2413] Terminating task Gluten_Stage_268_TID_485_VTID_60 with state Finished after running for 5ms
39385 [Executor task launch worker for task 1.0 in stage 268.0 (TID 485)] WARN  org.apache.gluten.columnarbatch.IndicatorVectorPool [] - There are still unreleased native columnar batches during ending the task. Will close them automatically however the batches should be better released manually to minimize memory pressure.
39386 [Executor task launch worker for task 0.0 in stage 268.0 (TID 484)] WARN  org.apache.gluten.columnarbatch.IndicatorVectorPool [] - There are still unreleased native columnar batches during ending the task. Will close them automatically however the batches should be better released manually to minimize memory pressure.
2026-04-08 18:47:29.932:INFO:oejs.Server:ScalaTest-main-running-TestMergeModeCommitTimeOrdering: jetty-9.4.57.v20241219; built: 2025-01-08T21:24:30.412Z; git: df524e6b29271c2e09ba9aea83c18dc9db464a31; jvm 17.0.18+8-Ubuntu-122.04.1
2026-04-08 18:47:29.934:INFO:oejs.Server:ScalaTest-main-running-TestMergeModeCommitTimeOrdering: Started @39557ms
I0408 18:47:30.617465 73824 HudiPlanConverter.cc:36] [HudiMOR] parseHudiSplitInfo: baseUri=file:/home/ubuntu/ws3/hudi-rs/tables/table5_1775674048041 baseFile=bd69d5fe-d89e-4105-bba8-f9d2de1889d2-0_0-260-467_20260408184728161.parquet logFiles=0 partitionPath=
I0408 18:47:30.617465 73734 HudiPlanConverter.cc:36] [HudiMOR] parseHudiSplitInfo: baseUri=file:/home/ubuntu/ws3/hudi-rs/tables/table5_1775674048041 baseFile=10087cd6-7a75-4f81-bc70-82e8a16be17d-0_0-272-493_20260408184729696.parquet logFiles=0 partitionPath=
I0408 18:47:30.617612 73734 HudiPlanConverter.cc:161] [HudiMOR] fileGroupReaderContext: tablePath=file:/home/ubuntu/ws3/hudi-rs/tables/table5_1775674048041 latestCommitTime=20260408184729696 mergeMode=COMMIT_TIME_ORDERING
I0408 18:47:30.617612 73824 HudiPlanConverter.cc:161] [HudiMOR] fileGroupReaderContext: tablePath=file:/home/ubuntu/ws3/hudi-rs/tables/table5_1775674048041 latestCommitTime=20260408184729696 mergeMode=COMMIT_TIME_ORDERING
I0408 18:47:30.618758 73734 WholeStageResultIterator.cc:161] [HudiMOR] Building HiveHudiMORSplit path=file:/home/ubuntu/ws3/hudi-rs/tables/table5_1775674048041/10087cd6-7a75-4f81-bc70-82e8a16be17d-0_0-272-493_20260408184729696.parquet baseUri=file:/home/ubuntu/ws3/hudi-rs/tables/table5_1775674048041 baseFile=10087cd6-7a75-4f81-bc70-82e8a16be17d-0_0-272-493_20260408184729696.parquet logFiles=0 partitionPath= hudiOptions=0 latestCommitTime=20260408184729696 mergeMode=COMMIT_TIME_ORDERING isMOR=false (CoW)
I0408 18:47:30.618758 73824 WholeStageResultIterator.cc:161] [HudiMOR] Building HiveHudiMORSplit path=file:/home/ubuntu/ws3/hudi-rs/tables/table5_1775674048041/bd69d5fe-d89e-4105-bba8-f9d2de1889d2-0_0-260-467_20260408184728161.parquet baseUri=file:/home/ubuntu/ws3/hudi-rs/tables/table5_1775674048041 baseFile=bd69d5fe-d89e-4105-bba8-f9d2de1889d2-0_0-260-467_20260408184728161.parquet logFiles=0 partitionPath= hudiOptions=0 latestCommitTime=20260408184729696 mergeMode=COMMIT_TIME_ORDERING isMOR=false (CoW)
I0408 18:47:30.626681 73824 HiveDataSource.cpp:522] [HudiMOR-DS] next: rowsScanned=2 outputSize=2 outputType=ROW<id:INTEGER,name:VARCHAR,price:DOUBLE,ts:BIGINT> readerOutputType=ROW<id:INTEGER,name:VARCHAR,price:DOUBLE,ts:BIGINT> outputType=ROW<n0_0:INTEGER,n0_1:VARCHAR,n0_2:DOUBLE,n0_3:BIGINT>
I0408 18:47:30.626681 73734 HiveDataSource.cpp:522] [HudiMOR-DS] next: rowsScanned=2 outputSize=2 outputType=ROW<id:INTEGER,name:VARCHAR,price:DOUBLE,ts:BIGINT> readerOutputType=ROW<id:INTEGER,name:VARCHAR,price:DOUBLE,ts:BIGINT> outputType=ROW<n0_0:INTEGER,n0_1:VARCHAR,n0_2:DOUBLE,n0_3:BIGINT>
I0408 18:47:30.626874 73734 HiveDataSource.cpp:546] [HudiMOR-DS] next: remainingFilterExprSet=NO rowVector cols=4 rows=2
I0408 18:47:30.626874 73824 HiveDataSource.cpp:546] [HudiMOR-DS] next: remainingFilterExprSet=NO rowVector cols=4 rows=2
I0408 18:47:30.628840 73734 HiveDataSource.cpp:522] [HudiMOR-DS] next: rowsScanned=0 outputSize=2 outputType=ROW<id:INTEGER,name:VARCHAR,price:DOUBLE,ts:BIGINT> readerOutputType=ROW<id:INTEGER,name:VARCHAR,price:DOUBLE,ts:BIGINT> outputType=ROW<n0_0:INTEGER,n0_1:VARCHAR,n0_2:DOUBLE,n0_3:BIGINT>
I0408 18:47:30.628840 73824 HiveDataSource.cpp:522] [HudiMOR-DS] next: rowsScanned=0 outputSize=2 outputType=ROW<id:INTEGER,name:VARCHAR,price:DOUBLE,ts:BIGINT> readerOutputType=ROW<id:INTEGER,name:VARCHAR,price:DOUBLE,ts:BIGINT> outputType=ROW<n0_0:INTEGER,n0_1:VARCHAR,n0_2:DOUBLE,n0_3:BIGINT>
I0408 18:47:30.629321 73734 Task.cpp:2413] Terminating task Gluten_Stage_280_TID_510_VTID_62 with state Finished after running for 7ms
I0408 18:47:30.629321 73824 Task.cpp:2413] Terminating task Gluten_Stage_280_TID_511_VTID_61 with state Finished after running for 7ms
I0408 18:47:30.647836 73734 HudiPlanConverter.cc:36] [HudiMOR] parseHudiSplitInfo: baseUri=file:/home/ubuntu/ws3/hudi-rs/tables/table5_1775674048041 baseFile=10087cd6-7a75-4f81-bc70-82e8a16be17d-0_0-272-493_20260408184729696.parquet logFiles=0 partitionPath=
I0408 18:47:30.648010 73734 HudiPlanConverter.cc:161] [HudiMOR] fileGroupReaderContext: tablePath=file:/home/ubuntu/ws3/hudi-rs/tables/table5_1775674048041 latestCommitTime=20260408184729696 mergeMode=COMMIT_TIME_ORDERING
I0408 18:47:30.648126 73824 HudiPlanConverter.cc:36] [HudiMOR] parseHudiSplitInfo: baseUri=file:/home/ubuntu/ws3/hudi-rs/tables/table5_1775674048041 baseFile=bd69d5fe-d89e-4105-bba8-f9d2de1889d2-0_0-260-467_20260408184728161.parquet logFiles=0 partitionPath=
I0408 18:47:30.648247 73824 HudiPlanConverter.cc:161] [HudiMOR] fileGroupReaderContext: tablePath=file:/home/ubuntu/ws3/hudi-rs/tables/table5_1775674048041 latestCommitTime=20260408184729696 mergeMode=COMMIT_TIME_ORDERING
I0408 18:47:30.649115 73824 WholeStageResultIterator.cc:161] [HudiMOR] Building HiveHudiMORSplit path=file:/home/ubuntu/ws3/hudi-rs/tables/table5_1775674048041/bd69d5fe-d89e-4105-bba8-f9d2de1889d2-0_0-260-467_20260408184728161.parquet baseUri=file:/home/ubuntu/ws3/hudi-rs/tables/table5_1775674048041 baseFile=bd69d5fe-d89e-4105-bba8-f9d2de1889d2-0_0-260-467_20260408184728161.parquet logFiles=0 partitionPath= hudiOptions=0 latestCommitTime=20260408184729696 mergeMode=COMMIT_TIME_ORDERING isMOR=false (CoW)
I0408 18:47:30.649115 73734 WholeStageResultIterator.cc:161] [HudiMOR] Building HiveHudiMORSplit path=file:/home/ubuntu/ws3/hudi-rs/tables/table5_1775674048041/10087cd6-7a75-4f81-bc70-82e8a16be17d-0_0-272-493_20260408184729696.parquet baseUri=file:/home/ubuntu/ws3/hudi-rs/tables/table5_1775674048041 baseFile=10087cd6-7a75-4f81-bc70-82e8a16be17d-0_0-272-493_20260408184729696.parquet logFiles=0 partitionPath= hudiOptions=0 latestCommitTime=20260408184729696 mergeMode=COMMIT_TIME_ORDERING isMOR=false (CoW)
I0408 18:47:30.657312 73824 HiveDataSource.cpp:522] [HudiMOR-DS] next: rowsScanned=2 outputSize=2 outputType=ROW<id:INTEGER,name:VARCHAR,price:DOUBLE,ts:BIGINT> readerOutputType=ROW<id:INTEGER,name:VARCHAR,price:DOUBLE,ts:BIGINT> outputType=ROW<n0_0:INTEGER,n0_1:VARCHAR,n0_2:DOUBLE,n0_3:BIGINT>
I0408 18:47:30.657312 73734 HiveDataSource.cpp:522] [HudiMOR-DS] next: rowsScanned=2 outputSize=2 outputType=ROW<id:INTEGER,name:VARCHAR,price:DOUBLE,ts:BIGINT> readerOutputType=ROW<id:INTEGER,name:VARCHAR,price:DOUBLE,ts:BIGINT> outputType=ROW<n0_0:INTEGER,n0_1:VARCHAR,n0_2:DOUBLE,n0_3:BIGINT>
I0408 18:47:30.657501 73734 HiveDataSource.cpp:546] [HudiMOR-DS] next: remainingFilterExprSet=NO rowVector cols=4 rows=2
I0408 18:47:30.657501 73824 HiveDataSource.cpp:546] [HudiMOR-DS] next: remainingFilterExprSet=NO rowVector cols=4 rows=2
I0408 18:47:30.659494 73824 HiveDataSource.cpp:522] [HudiMOR-DS] next: rowsScanned=0 outputSize=2 outputType=ROW<id:INTEGER,name:VARCHAR,price:DOUBLE,ts:BIGINT> readerOutputType=ROW<id:INTEGER,name:VARCHAR,price:DOUBLE,ts:BIGINT> outputType=ROW<n0_0:INTEGER,n0_1:VARCHAR,n0_2:DOUBLE,n0_3:BIGINT>
I0408 18:47:30.659494 73734 HiveDataSource.cpp:522] [HudiMOR-DS] next: rowsScanned=0 outputSize=2 outputType=ROW<id:INTEGER,name:VARCHAR,price:DOUBLE,ts:BIGINT> readerOutputType=ROW<id:INTEGER,name:VARCHAR,price:DOUBLE,ts:BIGINT> outputType=ROW<n0_0:INTEGER,n0_1:VARCHAR,n0_2:DOUBLE,n0_3:BIGINT>
I0408 18:47:30.659956 73824 Task.cpp:2413] Terminating task Gluten_Stage_281_TID_513_VTID_64 with state Finished after running for 7ms
I0408 18:47:30.659956 73734 Task.cpp:2413] Terminating task Gluten_Stage_281_TID_512_VTID_63 with state Finished after running for 7ms
I0408 18:47:30.669448 73734 VeloxHashShuffleWriter.cc:877] Calculated partition buffer size -  memLimit: 1065353216, bytesPerRow: 31, preAllocRowCnt: 4096
I0408 18:47:30.669448 73824 VeloxHashShuffleWriter.cc:877] Calculated partition buffer size -  memLimit: 1065353216, bytesPerRow: 25, preAllocRowCnt: 4096
I0408 18:47:30.669473 73734 VeloxHashShuffleWriter.cc:1423] Actual partition buffer size - current: 0, newSize: 4096
I0408 18:47:30.669480 73824 VeloxHashShuffleWriter.cc:1423] Actual partition buffer size - current: 0, newSize: 4096
I0408 18:47:30.669588 73824 VeloxHashShuffleWriter.cc:1423] Actual partition buffer size - current: 0, newSize: 4096
I0408 18:47:30.669588 73734 VeloxHashShuffleWriter.cc:1423] Actual partition buffer size - current: 0, newSize: 4096
I0408 18:47:30.670178 73734 LocalPartitionWriter.cc:633] LocalPartitionWriter stopped. Total spills: 0
I0408 18:47:30.670178 73824 LocalPartitionWriter.cc:633] LocalPartitionWriter stopped. Total spills: 0
I0408 18:47:30.711597 73824 Task.cpp:2413] Terminating task Gluten_Stage_283_TID_514_VTID_65 with state Finished after running for 5ms
fdss: /home/ubuntu/ws3/hudi-rs/tables/table6_1775674050717
40332 [ScalaTest-main-running-TestMergeModeCommitTimeOrdering] WARN  org.apache.hudi.common.table.HoodieTableConfig [] - The ordering field (ts) is specified. COMMIT_TIME_ORDERING merge mode does not use ordering field anymore.
40424 [ScalaTest-main-running-TestMergeModeCommitTimeOrdering] WARN  org.apache.hudi.common.table.HoodieTableConfig [] - The ordering field (ts) is specified. COMMIT_TIME_ORDERING merge mode does not use ordering field anymore.
2026-04-08 18:47:30.828:INFO:oejs.Server:ScalaTest-main-running-TestMergeModeCommitTimeOrdering: jetty-9.4.57.v20241219; built: 2025-01-08T21:24:30.412Z; git: df524e6b29271c2e09ba9aea83c18dc9db464a31; jvm 17.0.18+8-Ubuntu-122.04.1
2026-04-08 18:47:30.830:INFO:oejs.Server:ScalaTest-main-running-TestMergeModeCommitTimeOrdering: Started @40454ms
2026-04-08 18:47:31.072:INFO:oejs.Server:ScalaTest-main-running-TestMergeModeCommitTimeOrdering: jetty-9.4.57.v20241219; built: 2025-01-08T21:24:30.412Z; git: df524e6b29271c2e09ba9aea83c18dc9db464a31; jvm 17.0.18+8-Ubuntu-122.04.1
2026-04-08 18:47:31.074:INFO:oejs.Server:ScalaTest-main-running-TestMergeModeCommitTimeOrdering: Started @40698ms
40941 [ScalaTest-main-running-TestMergeModeCommitTimeOrdering] WARN  org.apache.hudi.common.table.HoodieTableConfig [] - hoodie.properties modified to: {hoodie.table.initial.version=9, hoodie.table.keygenerator.type=NON_PARTITION, hoodie.table.type=MERGE_ON_READ, hoodie.table.metadata.partitions=files, hoodie.archivelog.folder=archived, hoodie.table.create.schema={"type":"record","name":"htestmergemodecommittimeordering_7_record","namespace":"hoodie.htestmergemodecommittimeordering_7","fields":[{"name":"id","type":["null","int"],"default":null},{"name":"name","type":["null","string"],"default":null},{"name":"price","type":["null","double"],"default":null},{"name":"ts","type":["null","long"],"default":null}]}, hoodie.timeline.layout.version=2, hoodie.timeline.history.path=history, hoodie.table.checksum=834406520, hoodie.datasource.write.drop.partition.columns=false, hoodie.table.recordkey.fields=id, hoodie.table.name=htestmergemodecommittimeordering_7, hoodie.table.format=native, hoodie.timeline.path=timeline, hoodie.table.ordering.fields=ts, hoodie.datasource.write.hive_style_partitioning=true, hoodie.table.metadata.partitions.inflight=, hoodie.database.name=default, hoodie.record.merge.mode=COMMIT_TIME_ORDERING, hoodie.datasource.write.partitionpath.urlencode=false, hoodie.table.version=9} (at file:/home/ubuntu/ws3/hudi-rs/tables/table6_1775674050717/.hoodie)
