I0408 20:08:58.449165 112001 Task.cpp:2413] Terminating task Gluten_Stage_139_TID_257_VTID_37 with state Finished after running for 10ms
I0408 20:08:58.467592 112001 HudiPlanConverter.cc:36] [HudiMOR] parseHudiSplitInfo: baseUri=file:/home/ubuntu/ws3/hudi-rs/tables/table2_1775678933644 baseFile=ab8150ca-f6e2-47b9-915e-c94bfe6cc68e-0_0-96-169_20260408200853877.parquet logFiles=1 partitionPath=
I0408 20:08:58.467721 112001 HudiPlanConverter.cc:161] [HudiMOR] fileGroupReaderContext: tablePath=file:/home/ubuntu/ws3/hudi-rs/tables/table2_1775678933644 latestCommitTime=20260408200857278 mergeMode=COMMIT_TIME_ORDERING
I0408 20:08:58.467955 110694 HudiPlanConverter.cc:36] [HudiMOR] parseHudiSplitInfo: baseUri=file:/home/ubuntu/ws3/hudi-rs/tables/table2_1775678933644 baseFile=1021759e-3cb3-47ca-b1a1-73702bd4c42e-0_0-131-240_20260408200857278.parquet logFiles=0 partitionPath=
I0408 20:08:58.468096 110694 HudiPlanConverter.cc:161] [HudiMOR] fileGroupReaderContext: tablePath=file:/home/ubuntu/ws3/hudi-rs/tables/table2_1775678933644 latestCommitTime=20260408200857278 mergeMode=COMMIT_TIME_ORDERING
I0408 20:08:58.468703 112001 WholeStageResultIterator.cc:161] [HudiMOR] Building HiveHudiMORSplit path=file:/home/ubuntu/ws3/hudi-rs/tables/table2_1775678933644/ab8150ca-f6e2-47b9-915e-c94bfe6cc68e-0_0-96-169_20260408200853877.parquet baseUri=file:/home/ubuntu/ws3/hudi-rs/tables/table2_1775678933644 baseFile=ab8150ca-f6e2-47b9-915e-c94bfe6cc68e-0_0-96-169_20260408200853877.parquet logFiles=1 partitionPath= hudiOptions=0 latestCommitTime=20260408200857278 mergeMode=COMMIT_TIME_ORDERING isMOR=true
I0408 20:08:58.468719 112001 WholeStageResultIterator.cc:172] [HudiMOR]   logFile[0]=.ab8150ca-f6e2-47b9-915e-c94bfe6cc68e-0_20260408200855668.log.1_0-115-211
I0408 20:08:58.468961 110694 WholeStageResultIterator.cc:161] [HudiMOR] Building HiveHudiMORSplit path=file:/home/ubuntu/ws3/hudi-rs/tables/table2_1775678933644/1021759e-3cb3-47ca-b1a1-73702bd4c42e-0_0-131-240_20260408200857278.parquet baseUri=file:/home/ubuntu/ws3/hudi-rs/tables/table2_1775678933644 baseFile=1021759e-3cb3-47ca-b1a1-73702bd4c42e-0_0-131-240_20260408200857278.parquet logFiles=0 partitionPath= hudiOptions=0 latestCommitTime=20260408200857278 mergeMode=COMMIT_TIME_ORDERING isMOR=false (CoW)
I0408 20:08:58.473512 112001 HudiSplitReader.cpp:81] [HudiMOR] prepareSplit: creating FileGroupReader baseUri=file:/home/ubuntu/ws3/hudi-rs/tables/table2_1775678933644 latestCommitTime=20260408200857278 mergeMode=COMMIT_TIME_ORDERING hudiOptions=0
I0408 20:08:58.473610 112001 HudiSplitReader.cpp:183] [HudiMOR] prepareSplit: creating FileGroupReader with context partitionPath= baseFileName=ab8150ca-f6e2-47b9-915e-c94bfe6cc68e-0_0-96-169_20260408200853877.parquet logFileNames=1
I0408 20:08:58.473619 112001 HudiSplitReader.cpp:188] [HudiMOR] prepareSplit: logFile[0]=.ab8150ca-f6e2-47b9-915e-c94bfe6cc68e-0_20260408200855668.log.1_0-115-211
[2026-04-08T20:08:58Z DEBUG hudi] new_file_group_reader_with_context: base_uri=file:/home/ubuntu/ws3/hudi-rs/tables/table2_1775678933644 table_path=file:/home/ubuntu/ws3/hudi-rs/tables/table2_1775678933644 partition_path= latest_commit_time=20260408200857278 start=0 length=435271 should_use_record_position=true allow_inflight_instants=false emit_delete=false sort_output=false props_count=30 base_file=ab8150ca-f6e2-47b9-915e-c94bfe6cc68e-0_0-96-169_20260408200853877.parquet log_files_count=1 has_data_schema=true has_requested_schema=true
[2026-04-08T20:08:58Z DEBUG hudi] new_file_group_reader_with_context: reader_context table_path=file:/home/ubuntu/ws3/hudi-rs/tables/table2_1775678933644 latest_commit_time=20260408200857278 base_file_format=PARQUET has_log_files=true needs_bootstrap_merge=false should_merge_use_record_position=true iterator_mode=ENGINE_RECORD merge_mode=COMMIT_TIME_ORDERING merge_strategy_id= has_instant_range=false table_config_count=29 hoodie_reader_config_count=0
[2026-04-08T20:08:58Z DEBUG hudi] new_file_group_reader_with_context: split base_file_name=ab8150ca-f6e2-47b9-915e-c94bfe6cc68e-0_0-96-169_20260408200853877.parquet log_file_names=[".ab8150ca-f6e2-47b9-915e-c94bfe6cc68e-0_20260408200855668.log.1_0-115-211"]
I0408 20:08:58.474973 112001 HudiSplitReader.cpp:194] [HudiMOR] prepareSplit: FileGroupReader created OK
I0408 20:08:58.475051 112001 HudiSplitReader.cpp:197] [HudiMOR] prepareSplit: FileSlice created OK
I0408 20:08:58.475059 112001 HudiSplitReader.cpp:199] [HudiMOR] prepareSplit: calling get_closable_iterator (hudi-rs MOR merge)...
[2026-04-08T20:08:58Z DEBUG hudi] get_closable_iterator_java_style: partition= base_file=ab8150ca-f6e2-47b9-915e-c94bfe6cc68e-0_0-96-169_20260408200853877.parquet log_files=1 latest_instant_time=20260408200857278 ordering_fields=[] merge_mode=COMMIT_TIME_ORDERING
[2026-04-08T20:08:58Z DEBUG hudi_core::file_group::reader] HoodieFileGroupReader::new partition= base_file=ab8150ca-f6e2-47b9-915e-c94bfe6cc68e-0_0-96-169_20260408200853877.parquet log_files=1 ordering_fields=[] latest_instant_time=20260408200857278 record_key_field=_hoodie_record_key
[2026-04-08T20:08:58Z DEBUG hudi_core::file_group::reader]   log_file[0]: .ab8150ca-f6e2-47b9-915e-c94bfe6cc68e-0_20260408200855668.log.1_0-115-211
[2026-04-08T20:08:58Z DEBUG hudi_core::file_group::reader] [HoodieFileGroupReader] initRecordIterators: partition= base_file=ab8150ca-f6e2-47b9-915e-c94bfe6cc68e-0_0-96-169_20260408200853877.parquet log_files=1
[2026-04-08T20:08:58Z DEBUG hudi_core::storage] Parquet full read (non-streaming) for 'ab8150ca-f6e2-47b9-915e-c94bfe6cc68e-0_0-96-169_20260408200853877.parquet': reading all 9 cols: [_hoodie_commit_time, _hoodie_commit_seqno, _hoodie_record_key, _hoodie_partition_path, _hoodie_file_name, id, name, price, ts]
I0408 20:08:58.476645 110694 HiveDataSource.cpp:522] [HudiMOR-DS] next: rowsScanned=2 outputSize=2 outputType=ROW<id:INTEGER,name:VARCHAR,price:DOUBLE,ts:BIGINT> readerOutputType=ROW<id:INTEGER,name:VARCHAR,price:DOUBLE,ts:BIGINT> outputType=ROW<n0_0:INTEGER,n0_1:VARCHAR,n0_2:DOUBLE,n0_3:BIGINT>
I0408 20:08:58.476824 110694 HiveDataSource.cpp:546] [HudiMOR-DS] next: remainingFilterExprSet=NO rowVector cols=4 rows=2
[2026-04-08T20:08:58Z DEBUG hudi_core::file_group::reader] [HoodieFileGroupReader] makeBaseFileIterator: 1 batches, 7 total rows
[2026-04-08T20:08:58Z DEBUG hudi_core::file_group::reader] [HoodieFileGroupReader] base file schema: ["_hoodie_commit_time", "_hoodie_commit_seqno", "_hoodie_record_key", "_hoodie_partition_path", "_hoodie_file_name", "id", "name", "price", "ts"]
[2026-04-08T20:08:58Z DEBUG hudi_core::file_group::reader] [HoodieFileGroupReader] scanning 1 log file(s) with latest_instant_time=20260408200857278
[2026-04-08T20:08:58Z DEBUG hudi_core::file_group::reader::buffer::loader] [DefaultFileGroupRecordBufferLoader] getRecordBuffer: merge_mode=COMMIT_TIME_ORDERING record_key_field=_hoodie_record_key ordering_fields=[] log_files=1 latest_instant_time=20260408200857278
[2026-04-08T20:08:58Z DEBUG hudi_core::file_group::reader::log_record_reader] [Pass1] forward_scan: 1 total blocks, latest_instant_time=20260408200857278, has_instant_range=true
[2026-04-08T20:08:58Z DEBUG hudi_core::file_group::reader::log_record_reader] [Pass1] block #1 passed all gates: type=AvroData instant=20260408200855668
[2026-04-08T20:08:58Z DEBUG hudi_core::file_group::reader::log_record_reader] [Pass1] complete: ordered_instants=["20260408200855668"] total_blocks=1 corrupt=0 rollbacks=0
[2026-04-08T20:08:58Z DEBUG hudi_core::file_group::reader::log_record_reader] [Pass1]   instant=20260408200855668: 1 block(s) [["AvroData"]]
[2026-04-08T20:08:58Z DEBUG hudi_core::file_group::reader::log_record_reader] [Pass2] reverse_scan: 1 instants to process (newest→oldest)
[2026-04-08T20:08:58Z DEBUG hudi_core::file_group::reader::log_record_reader] [Pass2] complete: 1 blocks in deque, valid_instants=["20260408200855668"]
[2026-04-08T20:08:58Z DEBUG hudi_core::file_group::reader::log_record_reader] Pass 1+2 complete: 1 blocks queued, 1 valid instants
[2026-04-08T20:08:58Z DEBUG hudi_core::file_group::reader::log_record_reader] [Pass3] processQueuedBlocksForInstant: 1 blocks to process (pop_back = oldest first)
[2026-04-08T20:08:58Z DEBUG hudi_core::file_group::reader::log_record_reader] [Pass3] block #1: type=AvroData instant=20260408200855668 content_empty=true has_location=true
[2026-04-08T20:08:58Z DEBUG hudi_core::file_group::log_file::log_block] [LogBlock::inflate] type=AvroData file=.ab8150ca-f6e2-47b9-915e-c94bfe6cc68e-0_20260408200855668.log.1_0-115-211 pos=892 len=355 block_len=1233
[2026-04-08T20:08:58Z DEBUG apache_avro::schema] Going to parse record schema: Name { name: "htestmergemodecommittimeordering_3_record", namespace: Some("hoodie.htestmergemodecommittimeordering_3") }
I0408 20:08:58.478837 110694 HiveDataSource.cpp:522] [HudiMOR-DS] next: rowsScanned=0 outputSize=2 outputType=ROW<id:INTEGER,name:VARCHAR,price:DOUBLE,ts:BIGINT> readerOutputType=ROW<id:INTEGER,name:VARCHAR,price:DOUBLE,ts:BIGINT> outputType=ROW<n0_0:INTEGER,n0_1:VARCHAR,n0_2:DOUBLE,n0_3:BIGINT>
I0408 20:08:58.479338 110694 Task.cpp:2413] Terminating task Gluten_Stage_140_TID_260_VTID_39 with state Finished after running for 7ms
[2026-04-08T20:08:58Z DEBUG hudi_core::file_group::reader::log_record_reader] [Pass3] block #1 inflated: content_empty=false
[2026-04-08T20:08:58Z DEBUG hudi_core::file_group::reader::log_record_reader] [Pass3] DATA block #1: 1 data batches, 3 total rows
[2026-04-08T20:08:58Z DEBUG hudi_core::file_group::reader::buffer::key_based] [KeyBasedBuffer] processNextDataRecord: key=4 has_existing=false → merged (is_delete=false)
[2026-04-08T20:08:58Z DEBUG hudi_core::file_group::reader::buffer::key_based] [KeyBasedBuffer] processNextDataRecord: key=5 has_existing=false → merged (is_delete=false)
[2026-04-08T20:08:58Z DEBUG hudi_core::file_group::reader::buffer::key_based] [KeyBasedBuffer] processNextDataRecord: key=6 has_existing=false → merged (is_delete=false)
[2026-04-08T20:08:58Z DEBUG hudi_core::file_group::reader::log_record_reader] [Pass3] after processing block #1: buffer size=3
[2026-04-08T20:08:58Z INFO  hudi_core::file_group::reader::merged_log_record_reader] Number of log files scanned => 1
[2026-04-08T20:08:58Z INFO  hudi_core::file_group::reader::merged_log_record_reader] Number of entries in Map => 3
[2026-04-08T20:08:58Z DEBUG hudi_core::file_group::reader] [HoodieFileGroupReader] log scan complete: buffer_size=3 valid_instants=["20260408200855668"] stats: log_blocks=1 log_records=3 corrupt=0 rollbacks=0
[2026-04-08T20:08:58Z DEBUG hudi_core::file_group::reader] [HoodieFileGroupReader] set base file iterator (7 rows), starting merge_and_collect
[2026-04-08T20:08:58Z DEBUG hudi_core::file_group::reader::buffer::key_based] [KeyBasedBuffer] merge_and_collect: base_rows=7 log_records_in_map=3 total_log_records_processed=3
[2026-04-08T20:08:58Z DEBUG hudi_core::file_group::reader::buffer::key_based] [KeyBasedBuffer] merge_and_collect output: 7 data records, 0 deletes skipped
[2026-04-08T20:08:58Z DEBUG hudi_core::file_group::reader] [HoodieFileGroupReader] merge_and_collect complete: 7 rows, 9 columns
[2026-04-08T20:08:58Z DEBUG hudi] get_closable_iterator_java_style: merge complete, 7 rows, 9 cols
I0408 20:08:58.480073 112001 HudiSplitReader.cpp:209] [HudiMOR] prepareSplit: read_file_slice returned OK arrowStream=0x7fa23c16a000
I0408 20:08:58.480341 112001 HudiSplitReader.cpp:224] [HudiMOR] next: calling get_next on ArrowArrayStream...
I0408 20:08:58.480417 112001 HudiSplitReader.cpp:242] [HudiMOR] next: got ArrowArray numRows=7 numCols=9
I0408 20:08:58.480578 112001 HudiSplitReader.cpp:267] [HudiMOR] next: Arrow schema (9 cols): _hoodie_commit_time, _hoodie_commit_seqno, _hoodie_record_key, _hoodie_partition_path, _hoodie_file_name, id, name, price, ts
I0408 20:08:58.480585 112001 HudiSplitReader.cpp:272] [HudiMOR] next: importing Arrow batch into Velox RowVector...
I0408 20:08:58.480844 112001 HudiSplitReader.cpp:285] [HudiMOR] next: Velox RowVector from Arrow (7 rows, 9 cols): _hoodie_commit_time:VARCHAR, _hoodie_commit_seqno:VARCHAR, _hoodie_record_key:VARCHAR, _hoodie_partition_path:VARCHAR, _hoodie_file_name:VARCHAR, id:INTEGER, name:VARCHAR, price:DOUBLE, ts:BIGINT
I0408 20:08:58.480858 112001 HudiSplitReader.cpp:298] [HudiMOR] next: readerOutputType (4 cols): id:INTEGER, name:VARCHAR, price:DOUBLE, ts:BIGINT
I0408 20:08:58.480861 112001 HudiSplitReader.cpp:309] [HudiMOR] next: projecting 9 Arrow cols -> 4 output cols
I0408 20:08:58.480890 112001 HudiSplitReader.cpp:326] [HudiMOR] next: project col id : arrow[5] -> output[0]
I0408 20:08:58.480894 112001 HudiSplitReader.cpp:326] [HudiMOR] next: project col name : arrow[6] -> output[1]
I0408 20:08:58.480898 112001 HudiSplitReader.cpp:326] [HudiMOR] next: project col price : arrow[7] -> output[2]
I0408 20:08:58.480902 112001 HudiSplitReader.cpp:326] [HudiMOR] next: project col ts : arrow[8] -> output[3]
I0408 20:08:58.480945 112001 HudiSplitReader.cpp:332] [HudiMOR] next: projected RowVector has 7 rows
I0408 20:08:58.480998 112001 HiveDataSource.cpp:522] [HudiMOR-DS] next: rowsScanned=7 outputSize=7 outputType=ROW<id:INTEGER,name:VARCHAR,price:DOUBLE,ts:BIGINT> readerOutputType=ROW<id:INTEGER,name:VARCHAR,price:DOUBLE,ts:BIGINT> outputType=ROW<n0_0:INTEGER,n0_1:VARCHAR,n0_2:DOUBLE,n0_3:BIGINT>
I0408 20:08:58.481103 112001 HiveDataSource.cpp:546] [HudiMOR-DS] next: remainingFilterExprSet=NO rowVector cols=4 rows=7
I0408 20:08:58.481707 112001 HudiSplitReader.cpp:224] [HudiMOR] next: calling get_next on ArrowArrayStream...
I0408 20:08:58.481722 112001 HudiSplitReader.cpp:238] [HudiMOR] next: end-of-stream (null release callback)
I0408 20:08:58.481725 112001 HiveDataSource.cpp:522] [HudiMOR-DS] next: rowsScanned=0 outputSize=7 outputType=ROW<id:INTEGER,name:VARCHAR,price:DOUBLE,ts:BIGINT> readerOutputType=ROW<id:INTEGER,name:VARCHAR,price:DOUBLE,ts:BIGINT> outputType=ROW<n0_0:INTEGER,n0_1:VARCHAR,n0_2:DOUBLE,n0_3:BIGINT>
I0408 20:08:58.482126 112001 Task.cpp:2413] Terminating task Gluten_Stage_140_TID_259_VTID_38 with state Finished after running for 11ms
I0408 20:08:58.489861 110694 VeloxHashShuffleWriter.cc:877] Calculated partition buffer size -  memLimit: 1065353216, bytesPerRow: 26, preAllocRowCnt: 4096
I0408 20:08:58.489886 110694 VeloxHashShuffleWriter.cc:1423] Actual partition buffer size - current: 0, newSize: 4096
I0408 20:08:58.490597 110694 LocalPartitionWriter.cc:633] LocalPartitionWriter stopped. Total spills: 0
I0408 20:08:58.490664 112001 VeloxHashShuffleWriter.cc:877] Calculated partition buffer size -  memLimit: 1063256064, bytesPerRow: 25, preAllocRowCnt: 4096
I0408 20:08:58.490684 112001 VeloxHashShuffleWriter.cc:1423] Actual partition buffer size - current: 0, newSize: 4096
I0408 20:08:58.490797 112001 VeloxHashShuffleWriter.cc:1423] Actual partition buffer size - current: 0, newSize: 4096
I0408 20:08:58.490834 112001 VeloxHashShuffleWriter.cc:1423] Actual partition buffer size - current: 0, newSize: 4096
I0408 20:08:58.491392 112001 LocalPartitionWriter.cc:633] LocalPartitionWriter stopped. Total spills: 0
I0408 20:08:58.534771 112001 Task.cpp:2413] Terminating task Gluten_Stage_142_TID_261_VTID_40 with state Finished after running for 6ms
fdss: /home/ubuntu/ws3/hudi-rs/tables/table3_1775678938540
32462 [ScalaTest-main-running-TestMergeModeCommitTimeOrdering] WARN  org.apache.hudi.config.HoodiePayloadConfig [] - 'hoodie.payload.ordering.field' wasn't set during Hoodie payload building due to absent key field passed.
2026-04-08 20:08:58.712:INFO:oejs.Server:ScalaTest-main-running-TestMergeModeCommitTimeOrdering: jetty-9.4.57.v20241219; built: 2025-01-08T21:24:30.412Z; git: df524e6b29271c2e09ba9aea83c18dc9db464a31; jvm 17.0.18+8-Ubuntu-122.04.1
2026-04-08 20:08:58.714:INFO:oejs.Server:ScalaTest-main-running-TestMergeModeCommitTimeOrdering: Started @32497ms
2026-04-08 20:08:58.958:INFO:oejs.Server:ScalaTest-main-running-TestMergeModeCommitTimeOrdering: jetty-9.4.57.v20241219; built: 2025-01-08T21:24:30.412Z; git: df524e6b29271c2e09ba9aea83c18dc9db464a31; jvm 17.0.18+8-Ubuntu-122.04.1
2026-04-08 20:08:58.960:INFO:oejs.Server:ScalaTest-main-running-TestMergeModeCommitTimeOrdering: Started @32743ms
32978 [ScalaTest-main-running-TestMergeModeCommitTimeOrdering] WARN  org.apache.hudi.common.table.HoodieTableConfig [] - hoodie.properties modified to: {hoodie.table.initial.version=9, hoodie.table.keygenerator.type=NON_PARTITION, hoodie.table.type=MERGE_ON_READ, hoodie.table.metadata.partitions=files, hoodie.archivelog.folder=archived, hoodie.table.create.schema={"type":"record","name":"htestmergemodecommittimeordering_4_record","namespace":"hoodie.htestmergemodecommittimeordering_4","fields":[{"name":"id","type":["null","int"],"default":null},{"name":"name","type":["null","string"],"default":null},{"name":"price","type":["null","double"],"default":null},{"name":"ts","type":["null","long"],"default":null}]}, hoodie.timeline.layout.version=2, hoodie.timeline.history.path=history, hoodie.table.checksum=2830457282, hoodie.datasource.write.drop.partition.columns=false, hoodie.table.recordkey.fields=id, hoodie.table.name=htestmergemodecommittimeordering_4, hoodie.table.format=native, hoodie.timeline.path=timeline, hoodie.datasource.write.hive_style_partitioning=true, hoodie.table.metadata.partitions.inflight=, hoodie.database.name=default, hoodie.record.merge.mode=COMMIT_TIME_ORDERING, hoodie.datasource.write.partitionpath.urlencode=false, hoodie.table.version=9} (at file:/home/ubuntu/ws3/hudi-rs/tables/table3_1775678938540/.hoodie)
33214 [ScalaTest-main-running-TestMergeModeCommitTimeOrdering] WARN  org.apache.hudi.common.table.HoodieTableConfig [] - hoodie.properties modified to: {hoodie.table.initial.version=9, hoodie.table.keygenerator.type=NON_PARTITION, hoodie.table.type=MERGE_ON_READ, hoodie.table.metadata.partitions=files, hoodie.archivelog.folder=archived, hoodie.table.create.schema={"type":"record","name":"htestmergemodecommittimeordering_4_record","namespace":"hoodie.htestmergemodecommittimeordering_4","fields":[{"name":"id","type":["null","int"],"default":null},{"name":"name","type":["null","string"],"default":null},{"name":"price","type":["null","double"],"default":null},{"name":"ts","type":["null","long"],"default":null}]}, hoodie.timeline.layout.version=2, hoodie.timeline.history.path=history, hoodie.table.checksum=2830457282, hoodie.datasource.write.drop.partition.columns=false, hoodie.table.recordkey.fields=id, hoodie.table.name=htestmergemodecommittimeordering_4, hoodie.table.format=native, hoodie.timeline.path=timeline, hoodie.datasource.write.hive_style_partitioning=true, hoodie.table.metadata.partitions.inflight=, hoodie.table.index.defs.path=.hoodie/.index_defs/index.json, hoodie.database.name=default, hoodie.record.merge.mode=COMMIT_TIME_ORDERING, hoodie.datasource.write.partitionpath.urlencode=false, hoodie.table.version=9} (at file:/home/ubuntu/ws3/hudi-rs/tables/table3_1775678938540/.hoodie)
33226 [ScalaTest-main-running-TestMergeModeCommitTimeOrdering] WARN  org.apache.hudi.common.table.HoodieTableConfig [] - hoodie.properties modified to: {hoodie.table.initial.version=9, hoodie.table.keygenerator.type=NON_PARTITION, hoodie.table.type=MERGE_ON_READ, hoodie.table.metadata.partitions=column_stats,files, hoodie.archivelog.folder=archived, hoodie.table.create.schema={"type":"record","name":"htestmergemodecommittimeordering_4_record","namespace":"hoodie.htestmergemodecommittimeordering_4","fields":[{"name":"id","type":["null","int"],"default":null},{"name":"name","type":["null","string"],"default":null},{"name":"price","type":["null","double"],"default":null},{"name":"ts","type":["null","long"],"default":null}]}, hoodie.timeline.layout.version=2, hoodie.timeline.history.path=history, hoodie.table.checksum=2830457282, hoodie.datasource.write.drop.partition.columns=false, hoodie.table.recordkey.fields=id, hoodie.table.name=htestmergemodecommittimeordering_4, hoodie.table.format=native, hoodie.timeline.path=timeline, hoodie.datasource.write.hive_style_partitioning=true, hoodie.table.metadata.partitions.inflight=, hoodie.table.index.defs.path=.hoodie/.index_defs/index.json, hoodie.database.name=default, hoodie.record.merge.mode=COMMIT_TIME_ORDERING, hoodie.datasource.write.partitionpath.urlencode=false, hoodie.table.version=9} (at file:/home/ubuntu/ws3/hudi-rs/tables/table3_1775678938540/.hoodie)
I0408 20:08:59.527673 110781 Task.cpp:2413] Terminating task Gluten_Stage_156_TID_281_VTID_45 with state Finished after running for 6ms
I0408 20:08:59.528816 110597 Task.cpp:2413] Terminating task Gluten_Stage_156_TID_280_VTID_47 with state Finished after running for 5ms
I0408 20:08:59.528860 110694 Task.cpp:2413] Terminating task Gluten_Stage_156_TID_275_VTID_43 with state Finished after running for 7ms
I0408 20:08:59.528860 112003 Task.cpp:2413] Terminating task Gluten_Stage_156_TID_278_VTID_46 with state Finished after running for 6ms
I0408 20:08:59.528816 112001 Task.cpp:2413] Terminating task Gluten_Stage_156_TID_276_VTID_41 with state Finished after running for 7ms
I0408 20:08:59.529296 110782 Task.cpp:2413] Terminating task Gluten_Stage_156_TID_279_VTID_42 with state Finished after running for 5ms
I0408 20:08:59.531809 112002 Task.cpp:2413] Terminating task Gluten_Stage_156_TID_277_VTID_44 with state Finished after running for 10ms
33289 [Executor task launch worker for task 6.0 in stage 156.0 (TID 281)] WARN  org.apache.gluten.columnarbatch.IndicatorVectorPool [] - There are still unreleased native columnar batches during ending the task. Will close them automatically however the batches should be better released manually to minimize memory pressure.
33290 [Executor task launch worker for task 1.0 in stage 156.0 (TID 276)] WARN  org.apache.gluten.columnarbatch.IndicatorVectorPool [] - There are still unreleased native columnar batches during ending the task. Will close them automatically however the batches should be better released manually to minimize memory pressure.
33291 [Executor task launch worker for task 0.0 in stage 156.0 (TID 275)] WARN  org.apache.gluten.columnarbatch.IndicatorVectorPool [] - There are still unreleased native columnar batches during ending the task. Will close them automatically however the batches should be better released manually to minimize memory pressure.
33292 [Executor task launch worker for task 4.0 in stage 156.0 (TID 279)] WARN  org.apache.gluten.columnarbatch.IndicatorVectorPool [] - There are still unreleased native columnar batches during ending the task. Will close them automatically however the batches should be better released manually to minimize memory pressure.
33293 [Executor task launch worker for task 2.0 in stage 156.0 (TID 277)] WARN  org.apache.gluten.columnarbatch.IndicatorVectorPool [] - There are still unreleased native columnar batches during ending the task. Will close them automatically however the batches should be better released manually to minimize memory pressure.
33294 [Executor task launch worker for task 5.0 in stage 156.0 (TID 280)] WARN  org.apache.gluten.columnarbatch.IndicatorVectorPool [] - There are still unreleased native columnar batches during ending the task. Will close them automatically however the batches should be better released manually to minimize memory pressure.
33295 [Executor task launch worker for task 3.0 in stage 156.0 (TID 278)] WARN  org.apache.gluten.columnarbatch.IndicatorVectorPool [] - There are still unreleased native columnar batches during ending the task. Will close them automatically however the batches should be better released manually to minimize memory pressure.
2026-04-08 20:08:59.583:INFO:oejs.Server:ScalaTest-main-running-TestMergeModeCommitTimeOrdering: jetty-9.4.57.v20241219; built: 2025-01-08T21:24:30.412Z; git: df524e6b29271c2e09ba9aea83c18dc9db464a31; jvm 17.0.18+8-Ubuntu-122.04.1
2026-04-08 20:08:59.585:INFO:oejs.Server:ScalaTest-main-running-TestMergeModeCommitTimeOrdering: Started @33368ms
34081 [ScalaTest-main-running-TestMergeModeCommitTimeOrdering] WARN  org.apache.spark.sql.hudi.command.MergeIntoHoodieTableCommand [] - Updates without precombine can have nondeterministic behavior
34102 [ScalaTest-main-running-TestMergeModeCommitTimeOrdering] WARN  org.apache.hudi.config.HoodiePayloadConfig [] - 'hoodie.payload.ordering.field' wasn't set during Hoodie payload building due to absent key field passed.
2026-04-08 20:09:00.352:INFO:oejs.Server:ScalaTest-main-running-TestMergeModeCommitTimeOrdering: jetty-9.4.57.v20241219; built: 2025-01-08T21:24:30.412Z; git: df524e6b29271c2e09ba9aea83c18dc9db464a31; jvm 17.0.18+8-Ubuntu-122.04.1
2026-04-08 20:09:00.354:INFO:oejs.Server:ScalaTest-main-running-TestMergeModeCommitTimeOrdering: Started @34137ms
34144 [ScalaTest-main-running-TestMergeModeCommitTimeOrdering] WARN  org.apache.hudi.HoodieSparkUtils [] - createRdd executedPlan:
VeloxColumnarToRow
+- ColumnarUnion
   :- ^(36) ProjectExecTransformer [4 AS id#558, D2 AS name#559, 45.0 AS price#560, 101 AS ts#561L]
   :  +- ^(36) InputIteratorTransformer[]
   :     +- RowToVeloxColumnar
   :        +- *(1) Scan OneRowRelation[]
   :- ^(37) ProjectExecTransformer [5 AS 5#564, E2 AS E2#565, 55.0 AS 55.0#566, 99 AS ts#562L]
   :  +- ^(37) InputIteratorTransformer[]
   :     +- RowToVeloxColumnar
   :        +- *(2) Scan OneRowRelation[]
   +- ^(38) ProjectExecTransformer [6 AS 6#567, F2 AS F2#568, 65.0 AS 65.0#569, 100 AS ts#563L]
      +- ^(38) InputIteratorTransformer[]
         +- RowToVeloxColumnar
            +- *(3) Scan OneRowRelation[]

2026-04-08 20:09:00.411:INFO:oejs.Server:ScalaTest-main-running-TestMergeModeCommitTimeOrdering: jetty-9.4.57.v20241219; built: 2025-01-08T21:24:30.412Z; git: df524e6b29271c2e09ba9aea83c18dc9db464a31; jvm 17.0.18+8-Ubuntu-122.04.1
2026-04-08 20:09:00.414:INFO:oejs.Server:ScalaTest-main-running-TestMergeModeCommitTimeOrdering: Started @34197ms
I0408 20:09:00.470475 112002 Task.cpp:2413] Terminating task Gluten_Stage_167_TID_312_VTID_48 with state Finished after running for 5ms
I0408 20:09:00.473084 110782 Task.cpp:2413] Terminating task Gluten_Stage_167_TID_310_VTID_50 with state Finished after running for 6ms
I0408 20:09:00.473084 110694 Task.cpp:2413] Terminating task Gluten_Stage_167_TID_311_VTID_49 with state Finished after running for 6ms
34230 [Executor task launch worker for task 2.0 in stage 167.0 (TID 312)] WARN  org.apache.gluten.columnarbatch.IndicatorVectorPool [] - There are still unreleased native columnar batches during ending the task. Will close them automatically however the batches should be better released manually to minimize memory pressure.
34234 [Executor task launch worker for task 1.0 in stage 167.0 (TID 311)] WARN  org.apache.gluten.columnarbatch.IndicatorVectorPool [] - There are still unreleased native columnar batches during ending the task. Will close them automatically however the batches should be better released manually to minimize memory pressure.
34235 [Executor task launch worker for task 0.0 in stage 167.0 (TID 310)] WARN  org.apache.gluten.columnarbatch.IndicatorVectorPool [] - There are still unreleased native columnar batches during ending the task. Will close them automatically however the batches should be better released manually to minimize memory pressure.
I0408 20:09:00.655382 112002 Task.cpp:2413] Terminating task Gluten_Stage_171_TID_321_VTID_51 with state Finished after running for 9ms
I0408 20:09:00.655382 112003 Task.cpp:2413] Terminating task Gluten_Stage_171_TID_320_VTID_52 with state Finished after running for 9ms
I0408 20:09:00.655382 110694 Task.cpp:2413] Terminating task Gluten_Stage_171_TID_319_VTID_53 with state Finished after running for 9ms
34413 [Executor task launch worker for task 1.0 in stage 171.0 (TID 320)] WARN  org.apache.gluten.columnarbatch.IndicatorVectorPool [] - There are still unreleased native columnar batches during ending the task. Will close them automatically however the batches should be better released manually to minimize memory pressure.
34414 [Executor task launch worker for task 2.0 in stage 171.0 (TID 321)] WARN  org.apache.gluten.columnarbatch.IndicatorVectorPool [] - There are still unreleased native columnar batches during ending the task. Will close them automatically however the batches should be better released manually to minimize memory pressure.
34415 [Executor task launch worker for task 0.0 in stage 171.0 (TID 319)] WARN  org.apache.gluten.columnarbatch.IndicatorVectorPool [] - There are still unreleased native columnar batches during ending the task. Will close them automatically however the batches should be better released manually to minimize memory pressure.
2026-04-08 20:09:00.770:INFO:oejs.Server:ScalaTest-main-running-TestMergeModeCommitTimeOrdering: jetty-9.4.57.v20241219; built: 2025-01-08T21:24:30.412Z; git: df524e6b29271c2e09ba9aea83c18dc9db464a31; jvm 17.0.18+8-Ubuntu-122.04.1
2026-04-08 20:09:00.772:INFO:oejs.Server:ScalaTest-main-running-TestMergeModeCommitTimeOrdering: Started @34555ms
I0408 20:09:01.494407 110782 HudiPlanConverter.cc:36] [HudiMOR] parseHudiSplitInfo: baseUri=file:/home/ubuntu/ws3/hudi-rs/tables/table3_1775678938540 baseFile=01205d91-23e6-4693-b345-b8c92522803e-0_0-159-293_20260408200858716.parquet logFiles=1 partitionPath=
I0408 20:09:01.494531 110782 HudiPlanConverter.cc:161] [HudiMOR] fileGroupReaderContext: tablePath=file:/home/ubuntu/ws3/hudi-rs/tables/table3_1775678938540 latestCommitTime=20260408200900356 mergeMode=COMMIT_TIME_ORDERING
I0408 20:09:01.495517 110782 WholeStageResultIterator.cc:161] [HudiMOR] Building HiveHudiMORSplit path=file:/home/ubuntu/ws3/hudi-rs/tables/table3_1775678938540/01205d91-23e6-4693-b345-b8c92522803e-0_0-159-293_20260408200858716.parquet baseUri=file:/home/ubuntu/ws3/hudi-rs/tables/table3_1775678938540 baseFile=01205d91-23e6-4693-b345-b8c92522803e-0_0-159-293_20260408200858716.parquet logFiles=1 partitionPath= hudiOptions=0 latestCommitTime=20260408200900356 mergeMode=COMMIT_TIME_ORDERING isMOR=true
I0408 20:09:01.495532 110782 WholeStageResultIterator.cc:172] [HudiMOR]   logFile[0]=.01205d91-23e6-4693-b345-b8c92522803e-0_20260408200900356.log.1_0-178-335
I0408 20:09:01.499136 110782 HudiSplitReader.cpp:81] [HudiMOR] prepareSplit: creating FileGroupReader baseUri=file:/home/ubuntu/ws3/hudi-rs/tables/table3_1775678938540 latestCommitTime=20260408200900356 mergeMode=COMMIT_TIME_ORDERING hudiOptions=0
I0408 20:09:01.499220 110782 HudiSplitReader.cpp:183] [HudiMOR] prepareSplit: creating FileGroupReader with context partitionPath= baseFileName=01205d91-23e6-4693-b345-b8c92522803e-0_0-159-293_20260408200858716.parquet logFileNames=1
I0408 20:09:01.499228 110782 HudiSplitReader.cpp:188] [HudiMOR] prepareSplit: logFile[0]=.01205d91-23e6-4693-b345-b8c92522803e-0_20260408200900356.log.1_0-178-335
[2026-04-08T20:09:01Z DEBUG hudi] new_file_group_reader_with_context: base_uri=file:/home/ubuntu/ws3/hudi-rs/tables/table3_1775678938540 table_path=file:/home/ubuntu/ws3/hudi-rs/tables/table3_1775678938540 partition_path= latest_commit_time=20260408200900356 start=0 length=434434 should_use_record_position=true allow_inflight_instants=false emit_delete=false sort_output=false props_count=30 base_file=01205d91-23e6-4693-b345-b8c92522803e-0_0-159-293_20260408200858716.parquet log_files_count=1 has_data_schema=true has_requested_schema=true
[2026-04-08T20:09:01Z DEBUG hudi] new_file_group_reader_with_context: reader_context table_path=file:/home/ubuntu/ws3/hudi-rs/tables/table3_1775678938540 latest_commit_time=20260408200900356 base_file_format=PARQUET has_log_files=true needs_bootstrap_merge=false should_merge_use_record_position=true iterator_mode=ENGINE_RECORD merge_mode=COMMIT_TIME_ORDERING merge_strategy_id= has_instant_range=false table_config_count=29 hoodie_reader_config_count=0
[2026-04-08T20:09:01Z DEBUG hudi] new_file_group_reader_with_context: split base_file_name=01205d91-23e6-4693-b345-b8c92522803e-0_0-159-293_20260408200858716.parquet log_file_names=[".01205d91-23e6-4693-b345-b8c92522803e-0_20260408200900356.log.1_0-178-335"]
I0408 20:09:01.500589 110782 HudiSplitReader.cpp:194] [HudiMOR] prepareSplit: FileGroupReader created OK
I0408 20:09:01.500655 110782 HudiSplitReader.cpp:197] [HudiMOR] prepareSplit: FileSlice created OK
I0408 20:09:01.500661 110782 HudiSplitReader.cpp:199] [HudiMOR] prepareSplit: calling get_closable_iterator (hudi-rs MOR merge)...
[2026-04-08T20:09:01Z DEBUG hudi] get_closable_iterator_java_style: partition= base_file=01205d91-23e6-4693-b345-b8c92522803e-0_0-159-293_20260408200858716.parquet log_files=1 latest_instant_time=20260408200900356 ordering_fields=[] merge_mode=COMMIT_TIME_ORDERING
[2026-04-08T20:09:01Z DEBUG hudi_core::file_group::reader] HoodieFileGroupReader::new partition= base_file=01205d91-23e6-4693-b345-b8c92522803e-0_0-159-293_20260408200858716.parquet log_files=1 ordering_fields=[] latest_instant_time=20260408200900356 record_key_field=_hoodie_record_key
[2026-04-08T20:09:01Z DEBUG hudi_core::file_group::reader]   log_file[0]: .01205d91-23e6-4693-b345-b8c92522803e-0_20260408200900356.log.1_0-178-335
[2026-04-08T20:09:01Z DEBUG hudi_core::file_group::reader] [HoodieFileGroupReader] initRecordIterators: partition= base_file=01205d91-23e6-4693-b345-b8c92522803e-0_0-159-293_20260408200858716.parquet log_files=1
[2026-04-08T20:09:01Z DEBUG hudi_core::storage] Parquet full read (non-streaming) for '01205d91-23e6-4693-b345-b8c92522803e-0_0-159-293_20260408200858716.parquet': reading all 9 cols: [_hoodie_commit_time, _hoodie_commit_seqno, _hoodie_record_key, _hoodie_partition_path, _hoodie_file_name, id, name, price, ts]
[2026-04-08T20:09:01Z DEBUG hudi_core::file_group::reader] [HoodieFileGroupReader] makeBaseFileIterator: 1 batches, 7 total rows
[2026-04-08T20:09:01Z DEBUG hudi_core::file_group::reader] [HoodieFileGroupReader] base file schema: ["_hoodie_commit_time", "_hoodie_commit_seqno", "_hoodie_record_key", "_hoodie_partition_path", "_hoodie_file_name", "id", "name", "price", "ts"]
[2026-04-08T20:09:01Z DEBUG hudi_core::file_group::reader] [HoodieFileGroupReader] scanning 1 log file(s) with latest_instant_time=20260408200900356
[2026-04-08T20:09:01Z DEBUG hudi_core::file_group::reader::buffer::loader] [DefaultFileGroupRecordBufferLoader] getRecordBuffer: merge_mode=COMMIT_TIME_ORDERING record_key_field=_hoodie_record_key ordering_fields=[] log_files=1 latest_instant_time=20260408200900356
[2026-04-08T20:09:01Z DEBUG hudi_core::file_group::reader::log_record_reader] [Pass1] forward_scan: 1 total blocks, latest_instant_time=20260408200900356, has_instant_range=true
[2026-04-08T20:09:01Z DEBUG hudi_core::file_group::reader::log_record_reader] [Pass1] block #1 passed all gates: type=ParquetData instant=20260408200900356
[2026-04-08T20:09:01Z DEBUG hudi_core::file_group::reader::log_record_reader] [Pass1] complete: ordered_instants=["20260408200900356"] total_blocks=1 corrupt=0 rollbacks=0
[2026-04-08T20:09:01Z DEBUG hudi_core::file_group::reader::log_record_reader] [Pass1]   instant=20260408200900356: 1 block(s) [["ParquetData"]]
[2026-04-08T20:09:01Z DEBUG hudi_core::file_group::reader::log_record_reader] [Pass2] reverse_scan: 1 instants to process (newest→oldest)
[2026-04-08T20:09:01Z DEBUG hudi_core::file_group::reader::log_record_reader] [Pass2] complete: 1 blocks in deque, valid_instants=["20260408200900356"]
[2026-04-08T20:09:01Z DEBUG hudi_core::file_group::reader::log_record_reader] Pass 1+2 complete: 1 blocks queued, 1 valid instants
[2026-04-08T20:09:01Z DEBUG hudi_core::file_group::reader::log_record_reader] [Pass3] processQueuedBlocksForInstant: 1 blocks to process (pop_back = oldest first)
[2026-04-08T20:09:01Z DEBUG hudi_core::file_group::reader::log_record_reader] [Pass3] block #1: type=ParquetData instant=20260408200900356 content_empty=true has_location=true
[2026-04-08T20:09:01Z DEBUG hudi_core::file_group::log_file::log_block] [LogBlock::inflate] type=ParquetData file=.01205d91-23e6-4693-b345-b8c92522803e-0_20260408200900356.log.1_0-178-335 pos=892 len=3407 block_len=4285
[2026-04-08T20:09:01Z DEBUG hudi_core::file_group::reader::log_record_reader] [Pass3] block #1 inflated: content_empty=false
[2026-04-08T20:09:01Z DEBUG hudi_core::file_group::reader::log_record_reader] [Pass3] DATA block #1: 1 data batches, 3 total rows
[2026-04-08T20:09:01Z DEBUG hudi_core::file_group::reader::buffer::key_based] [KeyBasedBuffer] processNextDataRecord: key=4 has_existing=false → merged (is_delete=false)
[2026-04-08T20:09:01Z DEBUG hudi_core::file_group::reader::buffer::key_based] [KeyBasedBuffer] processNextDataRecord: key=5 has_existing=false → merged (is_delete=false)
[2026-04-08T20:09:01Z DEBUG hudi_core::file_group::reader::buffer::key_based] [KeyBasedBuffer] processNextDataRecord: key=6 has_existing=false → merged (is_delete=false)
[2026-04-08T20:09:01Z DEBUG hudi_core::file_group::reader::log_record_reader] [Pass3] after processing block #1: buffer size=3
[2026-04-08T20:09:01Z INFO  hudi_core::file_group::reader::merged_log_record_reader] Number of log files scanned => 1
[2026-04-08T20:09:01Z INFO  hudi_core::file_group::reader::merged_log_record_reader] Number of entries in Map => 3
[2026-04-08T20:09:01Z DEBUG hudi_core::file_group::reader] [HoodieFileGroupReader] log scan complete: buffer_size=3 valid_instants=["20260408200900356"] stats: log_blocks=1 log_records=3 corrupt=0 rollbacks=0
[2026-04-08T20:09:01Z DEBUG hudi_core::file_group::reader] [HoodieFileGroupReader] set base file iterator (7 rows), starting merge_and_collect
[2026-04-08T20:09:01Z DEBUG hudi_core::file_group::reader::buffer::key_based] [KeyBasedBuffer] merge_and_collect: base_rows=7 log_records_in_map=3 total_log_records_processed=3
[2026-04-08T20:09:01Z DEBUG hudi_core::file_group::reader::buffer::key_based] [KeyBasedBuffer] merge_and_collect output: 7 data records, 0 deletes skipped
[2026-04-08T20:09:01Z DEBUG hudi_core::file_group::reader] [HoodieFileGroupReader] merge_and_collect complete: 7 rows, 9 columns
[2026-04-08T20:09:01Z DEBUG hudi] get_closable_iterator_java_style: merge complete, 7 rows, 9 cols
I0408 20:09:01.505590 110782 HudiSplitReader.cpp:209] [HudiMOR] prepareSplit: read_file_slice returned OK arrowStream=0x7fa2e433bb00
I0408 20:09:01.506042 110782 HudiSplitReader.cpp:224] [HudiMOR] next: calling get_next on ArrowArrayStream...
I0408 20:09:01.506114 110782 HudiSplitReader.cpp:242] [HudiMOR] next: got ArrowArray numRows=7 numCols=9
I0408 20:09:01.506294 110782 HudiSplitReader.cpp:267] [HudiMOR] next: Arrow schema (9 cols): _hoodie_commit_time, _hoodie_commit_seqno, _hoodie_record_key, _hoodie_partition_path, _hoodie_file_name, id, name, price, ts
I0408 20:09:01.506301 110782 HudiSplitReader.cpp:272] [HudiMOR] next: importing Arrow batch into Velox RowVector...
I0408 20:09:01.506613 110782 HudiSplitReader.cpp:285] [HudiMOR] next: Velox RowVector from Arrow (7 rows, 9 cols): _hoodie_commit_time:VARCHAR, _hoodie_commit_seqno:VARCHAR, _hoodie_record_key:VARCHAR, _hoodie_partition_path:VARCHAR, _hoodie_file_name:VARCHAR, id:INTEGER, name:VARCHAR, price:DOUBLE, ts:BIGINT
I0408 20:09:01.506626 110782 HudiSplitReader.cpp:298] [HudiMOR] next: readerOutputType (4 cols): id:INTEGER, name:VARCHAR, price:DOUBLE, ts:BIGINT
I0408 20:09:01.506629 110782 HudiSplitReader.cpp:309] [HudiMOR] next: projecting 9 Arrow cols -> 4 output cols
I0408 20:09:01.506660 110782 HudiSplitReader.cpp:326] [HudiMOR] next: project col id : arrow[5] -> output[0]
I0408 20:09:01.506664 110782 HudiSplitReader.cpp:326] [HudiMOR] next: project col name : arrow[6] -> output[1]
I0408 20:09:01.506667 110782 HudiSplitReader.cpp:326] [HudiMOR] next: project col price : arrow[7] -> output[2]
I0408 20:09:01.506670 110782 HudiSplitReader.cpp:326] [HudiMOR] next: project col ts : arrow[8] -> output[3]
I0408 20:09:01.506717 110782 HudiSplitReader.cpp:332] [HudiMOR] next: projected RowVector has 7 rows
I0408 20:09:01.506762 110782 HiveDataSource.cpp:522] [HudiMOR-DS] next: rowsScanned=7 outputSize=7 outputType=ROW<id:INTEGER,name:VARCHAR,price:DOUBLE,ts:BIGINT> readerOutputType=ROW<id:INTEGER,name:VARCHAR,price:DOUBLE,ts:BIGINT> outputType=ROW<n0_0:INTEGER,n0_1:VARCHAR,n0_2:DOUBLE,n0_3:BIGINT>
I0408 20:09:01.506882 110782 HiveDataSource.cpp:546] [HudiMOR-DS] next: remainingFilterExprSet=NO rowVector cols=4 rows=7
I0408 20:09:01.507582 110782 HudiSplitReader.cpp:224] [HudiMOR] next: calling get_next on ArrowArrayStream...
I0408 20:09:01.507596 110782 HudiSplitReader.cpp:238] [HudiMOR] next: end-of-stream (null release callback)
I0408 20:09:01.507597 110782 HiveDataSource.cpp:522] [HudiMOR-DS] next: rowsScanned=0 outputSize=7 outputType=ROW<id:INTEGER,name:VARCHAR,price:DOUBLE,ts:BIGINT> readerOutputType=ROW<id:INTEGER,name:VARCHAR,price:DOUBLE,ts:BIGINT> outputType=ROW<n0_0:INTEGER,n0_1:VARCHAR,n0_2:DOUBLE,n0_3:BIGINT>
I0408 20:09:01.507944 110782 Task.cpp:2413] Terminating task Gluten_Stage_186_TID_352_VTID_54 with state Finished after running for 10ms
I0408 20:09:01.524899 110782 HudiPlanConverter.cc:36] [HudiMOR] parseHudiSplitInfo: baseUri=file:/home/ubuntu/ws3/hudi-rs/tables/table3_1775678938540 baseFile=01205d91-23e6-4693-b345-b8c92522803e-0_0-159-293_20260408200858716.parquet logFiles=1 partitionPath=
I0408 20:09:01.525050 110782 HudiPlanConverter.cc:161] [HudiMOR] fileGroupReaderContext: tablePath=file:/home/ubuntu/ws3/hudi-rs/tables/table3_1775678938540 latestCommitTime=20260408200900356 mergeMode=COMMIT_TIME_ORDERING
I0408 20:09:01.525998 110782 WholeStageResultIterator.cc:161] [HudiMOR] Building HiveHudiMORSplit path=file:/home/ubuntu/ws3/hudi-rs/tables/table3_1775678938540/01205d91-23e6-4693-b345-b8c92522803e-0_0-159-293_20260408200858716.parquet baseUri=file:/home/ubuntu/ws3/hudi-rs/tables/table3_1775678938540 baseFile=01205d91-23e6-4693-b345-b8c92522803e-0_0-159-293_20260408200858716.parquet logFiles=1 partitionPath= hudiOptions=0 latestCommitTime=20260408200900356 mergeMode=COMMIT_TIME_ORDERING isMOR=true
I0408 20:09:01.526011 110782 WholeStageResultIterator.cc:172] [HudiMOR]   logFile[0]=.01205d91-23e6-4693-b345-b8c92522803e-0_20260408200900356.log.1_0-178-335
I0408 20:09:01.530151 110782 HudiSplitReader.cpp:81] [HudiMOR] prepareSplit: creating FileGroupReader baseUri=file:/home/ubuntu/ws3/hudi-rs/tables/table3_1775678938540 latestCommitTime=20260408200900356 mergeMode=COMMIT_TIME_ORDERING hudiOptions=0
I0408 20:09:01.530237 110782 HudiSplitReader.cpp:183] [HudiMOR] prepareSplit: creating FileGroupReader with context partitionPath= baseFileName=01205d91-23e6-4693-b345-b8c92522803e-0_0-159-293_20260408200858716.parquet logFileNames=1
I0408 20:09:01.530246 110782 HudiSplitReader.cpp:188] [HudiMOR] prepareSplit: logFile[0]=.01205d91-23e6-4693-b345-b8c92522803e-0_20260408200900356.log.1_0-178-335
[2026-04-08T20:09:01Z DEBUG hudi] new_file_group_reader_with_context: base_uri=file:/home/ubuntu/ws3/hudi-rs/tables/table3_1775678938540 table_path=file:/home/ubuntu/ws3/hudi-rs/tables/table3_1775678938540 partition_path= latest_commit_time=20260408200900356 start=0 length=434434 should_use_record_position=true allow_inflight_instants=false emit_delete=false sort_output=false props_count=30 base_file=01205d91-23e6-4693-b345-b8c92522803e-0_0-159-293_20260408200858716.parquet log_files_count=1 has_data_schema=true has_requested_schema=true
[2026-04-08T20:09:01Z DEBUG hudi] new_file_group_reader_with_context: reader_context table_path=file:/home/ubuntu/ws3/hudi-rs/tables/table3_1775678938540 latest_commit_time=20260408200900356 base_file_format=PARQUET has_log_files=true needs_bootstrap_merge=false should_merge_use_record_position=true iterator_mode=ENGINE_RECORD merge_mode=COMMIT_TIME_ORDERING merge_strategy_id= has_instant_range=false table_config_count=29 hoodie_reader_config_count=0
[2026-04-08T20:09:01Z DEBUG hudi] new_file_group_reader_with_context: split base_file_name=01205d91-23e6-4693-b345-b8c92522803e-0_0-159-293_20260408200858716.parquet log_file_names=[".01205d91-23e6-4693-b345-b8c92522803e-0_20260408200900356.log.1_0-178-335"]
I0408 20:09:01.531584 110782 HudiSplitReader.cpp:194] [HudiMOR] prepareSplit: FileGroupReader created OK
I0408 20:09:01.531646 110782 HudiSplitReader.cpp:197] [HudiMOR] prepareSplit: FileSlice created OK
I0408 20:09:01.531652 110782 HudiSplitReader.cpp:199] [HudiMOR] prepareSplit: calling get_closable_iterator (hudi-rs MOR merge)...
[2026-04-08T20:09:01Z DEBUG hudi] get_closable_iterator_java_style: partition= base_file=01205d91-23e6-4693-b345-b8c92522803e-0_0-159-293_20260408200858716.parquet log_files=1 latest_instant_time=20260408200900356 ordering_fields=[] merge_mode=COMMIT_TIME_ORDERING
[2026-04-08T20:09:01Z DEBUG hudi_core::file_group::reader] HoodieFileGroupReader::new partition= base_file=01205d91-23e6-4693-b345-b8c92522803e-0_0-159-293_20260408200858716.parquet log_files=1 ordering_fields=[] latest_instant_time=20260408200900356 record_key_field=_hoodie_record_key
[2026-04-08T20:09:01Z DEBUG hudi_core::file_group::reader]   log_file[0]: .01205d91-23e6-4693-b345-b8c92522803e-0_20260408200900356.log.1_0-178-335
[2026-04-08T20:09:01Z DEBUG hudi_core::file_group::reader] [HoodieFileGroupReader] initRecordIterators: partition= base_file=01205d91-23e6-4693-b345-b8c92522803e-0_0-159-293_20260408200858716.parquet log_files=1
[2026-04-08T20:09:01Z DEBUG hudi_core::storage] Parquet full read (non-streaming) for '01205d91-23e6-4693-b345-b8c92522803e-0_0-159-293_20260408200858716.parquet': reading all 9 cols: [_hoodie_commit_time, _hoodie_commit_seqno, _hoodie_record_key, _hoodie_partition_path, _hoodie_file_name, id, name, price, ts]
[2026-04-08T20:09:01Z DEBUG hudi_core::file_group::reader] [HoodieFileGroupReader] makeBaseFileIterator: 1 batches, 7 total rows
[2026-04-08T20:09:01Z DEBUG hudi_core::file_group::reader] [HoodieFileGroupReader] base file schema: ["_hoodie_commit_time", "_hoodie_commit_seqno", "_hoodie_record_key", "_hoodie_partition_path", "_hoodie_file_name", "id", "name", "price", "ts"]
[2026-04-08T20:09:01Z DEBUG hudi_core::file_group::reader] [HoodieFileGroupReader] scanning 1 log file(s) with latest_instant_time=20260408200900356
[2026-04-08T20:09:01Z DEBUG hudi_core::file_group::reader::buffer::loader] [DefaultFileGroupRecordBufferLoader] getRecordBuffer: merge_mode=COMMIT_TIME_ORDERING record_key_field=_hoodie_record_key ordering_fields=[] log_files=1 latest_instant_time=20260408200900356
[2026-04-08T20:09:01Z DEBUG hudi_core::file_group::reader::log_record_reader] [Pass1] forward_scan: 1 total blocks, latest_instant_time=20260408200900356, has_instant_range=true
[2026-04-08T20:09:01Z DEBUG hudi_core::file_group::reader::log_record_reader] [Pass1] block #1 passed all gates: type=ParquetData instant=20260408200900356
[2026-04-08T20:09:01Z DEBUG hudi_core::file_group::reader::log_record_reader] [Pass1] complete: ordered_instants=["20260408200900356"] total_blocks=1 corrupt=0 rollbacks=0
[2026-04-08T20:09:01Z DEBUG hudi_core::file_group::reader::log_record_reader] [Pass1]   instant=20260408200900356: 1 block(s) [["ParquetData"]]
[2026-04-08T20:09:01Z DEBUG hudi_core::file_group::reader::log_record_reader] [Pass2] reverse_scan: 1 instants to process (newest→oldest)
[2026-04-08T20:09:01Z DEBUG hudi_core::file_group::reader::log_record_reader] [Pass2] complete: 1 blocks in deque, valid_instants=["20260408200900356"]
[2026-04-08T20:09:01Z DEBUG hudi_core::file_group::reader::log_record_reader] Pass 1+2 complete: 1 blocks queued, 1 valid instants
[2026-04-08T20:09:01Z DEBUG hudi_core::file_group::reader::log_record_reader] [Pass3] processQueuedBlocksForInstant: 1 blocks to process (pop_back = oldest first)
[2026-04-08T20:09:01Z DEBUG hudi_core::file_group::reader::log_record_reader] [Pass3] block #1: type=ParquetData instant=20260408200900356 content_empty=true has_location=true
[2026-04-08T20:09:01Z DEBUG hudi_core::file_group::log_file::log_block] [LogBlock::inflate] type=ParquetData file=.01205d91-23e6-4693-b345-b8c92522803e-0_20260408200900356.log.1_0-178-335 pos=892 len=3407 block_len=4285
[2026-04-08T20:09:01Z DEBUG hudi_core::file_group::reader::log_record_reader] [Pass3] block #1 inflated: content_empty=false
[2026-04-08T20:09:01Z DEBUG hudi_core::file_group::reader::log_record_reader] [Pass3] DATA block #1: 1 data batches, 3 total rows
[2026-04-08T20:09:01Z DEBUG hudi_core::file_group::reader::buffer::key_based] [KeyBasedBuffer] processNextDataRecord: key=4 has_existing=false → merged (is_delete=false)
[2026-04-08T20:09:01Z DEBUG hudi_core::file_group::reader::buffer::key_based] [KeyBasedBuffer] processNextDataRecord: key=5 has_existing=false → merged (is_delete=false)
[2026-04-08T20:09:01Z DEBUG hudi_core::file_group::reader::buffer::key_based] [KeyBasedBuffer] processNextDataRecord: key=6 has_existing=false → merged (is_delete=false)
[2026-04-08T20:09:01Z DEBUG hudi_core::file_group::reader::log_record_reader] [Pass3] after processing block #1: buffer size=3
[2026-04-08T20:09:01Z INFO  hudi_core::file_group::reader::merged_log_record_reader] Number of log files scanned => 1
[2026-04-08T20:09:01Z INFO  hudi_core::file_group::reader::merged_log_record_reader] Number of entries in Map => 3
[2026-04-08T20:09:01Z DEBUG hudi_core::file_group::reader] [HoodieFileGroupReader] log scan complete: buffer_size=3 valid_instants=["20260408200900356"] stats: log_blocks=1 log_records=3 corrupt=0 rollbacks=0
[2026-04-08T20:09:01Z DEBUG hudi_core::file_group::reader] [HoodieFileGroupReader] set base file iterator (7 rows), starting merge_and_collect
[2026-04-08T20:09:01Z DEBUG hudi_core::file_group::reader::buffer::key_based] [KeyBasedBuffer] merge_and_collect: base_rows=7 log_records_in_map=3 total_log_records_processed=3
[2026-04-08T20:09:01Z DEBUG hudi_core::file_group::reader::buffer::key_based] [KeyBasedBuffer] merge_and_collect output: 7 data records, 0 deletes skipped
[2026-04-08T20:09:01Z DEBUG hudi_core::file_group::reader] [HoodieFileGroupReader] merge_and_collect complete: 7 rows, 9 columns
[2026-04-08T20:09:01Z DEBUG hudi] get_closable_iterator_java_style: merge complete, 7 rows, 9 cols
