I0409 00:19:21.346426 150850 HudiSplitReader.cpp:264] [HudiMOR] next: Arrow schema (9 cols): _hoodie_commit_time, _hoodie_commit_seqno, _hoodie_record_key, _hoodie_partition_path, _hoodie_file_name, id, name, price, ts
I0409 00:19:21.346431 150850 HudiSplitReader.cpp:269] [HudiMOR] next: importing Arrow batch into Velox RowVector...
I0409 00:19:21.346709 150850 HudiSplitReader.cpp:282] [HudiMOR] next: Velox RowVector from Arrow (7 rows, 9 cols): _hoodie_commit_time:VARCHAR, _hoodie_commit_seqno:VARCHAR, _hoodie_record_key:VARCHAR, _hoodie_partition_path:VARCHAR, _hoodie_file_name:VARCHAR, id:INTEGER, name:VARCHAR, price:DOUBLE, ts:BIGINT
I0409 00:19:21.346722 150850 HudiSplitReader.cpp:295] [HudiMOR] next: readerOutputType (4 cols): id:INTEGER, name:VARCHAR, price:DOUBLE, ts:BIGINT
I0409 00:19:21.346725 150850 HudiSplitReader.cpp:306] [HudiMOR] next: projecting 9 Arrow cols -> 4 output cols
I0409 00:19:21.346755 150850 HudiSplitReader.cpp:323] [HudiMOR] next: project col id : arrow[5] -> output[0]
I0409 00:19:21.346761 150850 HudiSplitReader.cpp:323] [HudiMOR] next: project col name : arrow[6] -> output[1]
I0409 00:19:21.346765 150850 HudiSplitReader.cpp:323] [HudiMOR] next: project col price : arrow[7] -> output[2]
I0409 00:19:21.346769 150850 HudiSplitReader.cpp:323] [HudiMOR] next: project col ts : arrow[8] -> output[3]
I0409 00:19:21.346824 150850 HudiSplitReader.cpp:329] [HudiMOR] next: projected RowVector has 7 rows
I0409 00:19:21.346874 150850 HiveDataSource.cpp:522] [HudiMOR-DS] next: rowsScanned=7 outputSize=7 outputType=ROW<id:INTEGER,name:VARCHAR,price:DOUBLE,ts:BIGINT> readerOutputType=ROW<id:INTEGER,name:VARCHAR,price:DOUBLE,ts:BIGINT> outputType=ROW<n0_0:INTEGER,n0_1:VARCHAR,n0_2:DOUBLE,n0_3:BIGINT>
I0409 00:19:21.347002 150850 HiveDataSource.cpp:546] [HudiMOR-DS] next: remainingFilterExprSet=NO rowVector cols=4 rows=7
I0409 00:19:21.347646 150850 HudiSplitReader.cpp:221] [HudiMOR] next: calling get_next on ArrowArrayStream...
I0409 00:19:21.347659 150850 HudiSplitReader.cpp:235] [HudiMOR] next: end-of-stream (null release callback)
I0409 00:19:21.347662 150850 HiveDataSource.cpp:522] [HudiMOR-DS] next: rowsScanned=0 outputSize=7 outputType=ROW<id:INTEGER,name:VARCHAR,price:DOUBLE,ts:BIGINT> readerOutputType=ROW<id:INTEGER,name:VARCHAR,price:DOUBLE,ts:BIGINT> outputType=ROW<n0_0:INTEGER,n0_1:VARCHAR,n0_2:DOUBLE,n0_3:BIGINT>
I0409 00:19:21.348002 150850 Task.cpp:2413] Terminating task Gluten_Stage_187_TID_353_VTID_55 with state Finished after running for 9ms
I0409 00:19:21.355778 150850 VeloxHashShuffleWriter.cc:877] Calculated partition buffer size -  memLimit: 1069547520, bytesPerRow: 25, preAllocRowCnt: 4096
I0409 00:19:21.355800 150850 VeloxHashShuffleWriter.cc:1423] Actual partition buffer size - current: 0, newSize: 4096
I0409 00:19:21.355903 150850 VeloxHashShuffleWriter.cc:1423] Actual partition buffer size - current: 0, newSize: 4096
I0409 00:19:21.355929 150850 VeloxHashShuffleWriter.cc:1423] Actual partition buffer size - current: 0, newSize: 4096
I0409 00:19:21.355957 150850 VeloxHashShuffleWriter.cc:1423] Actual partition buffer size - current: 0, newSize: 4096
I0409 00:19:21.356474 150850 LocalPartitionWriter.cc:633] LocalPartitionWriter stopped. Total spills: 0
I0409 00:19:21.396353 150850 Task.cpp:2413] Terminating task Gluten_Stage_189_TID_354_VTID_56 with state Finished after running for 5ms
37366 [ScalaTest-main-running-TestMergeModeCommitTimeOrdering] WARN  org.apache.hudi.config.HoodiePayloadConfig [] - 'hoodie.payload.ordering.field' wasn't set during Hoodie payload building due to absent key field passed.
2026-04-09 00:19:21.482:INFO:oejs.Server:ScalaTest-main-running-TestMergeModeCommitTimeOrdering: jetty-9.4.57.v20241219; built: 2025-01-08T21:24:30.412Z; git: df524e6b29271c2e09ba9aea83c18dc9db464a31; jvm 17.0.18+8-Ubuntu-122.04.1
2026-04-09 00:19:21.485:INFO:oejs.Server:ScalaTest-main-running-TestMergeModeCommitTimeOrdering: Started @37397ms
37406 [ScalaTest-main-running-TestMergeModeCommitTimeOrdering] WARN  org.apache.hudi.HoodieSparkUtils [] - createRdd executedPlan:
VeloxColumnarToRow
+- ColumnarUnion
   :- ^(41) ProjectExecTransformer [7 AS id#640, D2 AS name#641, 45.0 AS price#642, 100 AS ts#643L]
   :  +- ^(41) InputIteratorTransformer[]
   :     +- RowToVeloxColumnar
   :        +- *(1) Scan OneRowRelation[]
   +- ^(42) ProjectExecTransformer [8 AS 8#645, E2 AS E2#646, 55.0 AS 55.0#647, 100 AS ts#644L]
      +- ^(42) InputIteratorTransformer[]
         +- RowToVeloxColumnar
            +- *(2) Scan OneRowRelation[]

2026-04-09 00:19:21.537:INFO:oejs.Server:ScalaTest-main-running-TestMergeModeCommitTimeOrdering: jetty-9.4.57.v20241219; built: 2025-01-08T21:24:30.412Z; git: df524e6b29271c2e09ba9aea83c18dc9db464a31; jvm 17.0.18+8-Ubuntu-122.04.1
2026-04-09 00:19:21.539:INFO:oejs.Server:ScalaTest-main-running-TestMergeModeCommitTimeOrdering: Started @37451ms
I0409 00:19:21.591202 150850 Task.cpp:2413] Terminating task Gluten_Stage_190_TID_355_VTID_57 with state Finished after running for 6ms
I0409 00:19:21.591202 152145 Task.cpp:2413] Terminating task Gluten_Stage_190_TID_356_VTID_58 with state Finished after running for 6ms
37486 [Executor task launch worker for task 1.0 in stage 190.0 (TID 356)] WARN  org.apache.gluten.columnarbatch.IndicatorVectorPool [] - There are still unreleased native columnar batches during ending the task. Will close them automatically however the batches should be better released manually to minimize memory pressure.
37487 [Executor task launch worker for task 0.0 in stage 190.0 (TID 355)] WARN  org.apache.gluten.columnarbatch.IndicatorVectorPool [] - There are still unreleased native columnar batches during ending the task. Will close them automatically however the batches should be better released manually to minimize memory pressure.
2026-04-09 00:19:21.771:INFO:oejs.Server:ScalaTest-main-running-TestMergeModeCommitTimeOrdering: jetty-9.4.57.v20241219; built: 2025-01-08T21:24:30.412Z; git: df524e6b29271c2e09ba9aea83c18dc9db464a31; jvm 17.0.18+8-Ubuntu-122.04.1
2026-04-09 00:19:21.773:INFO:oejs.Server:ScalaTest-main-running-TestMergeModeCommitTimeOrdering: Started @37685ms
I0409 00:19:22.491374 150956 HudiPlanConverter.cc:36] [HudiMOR] parseHudiSplitInfo: baseUri=file:/home/ubuntu/ws3/hudi-rs/tables/table3_1775693958236 baseFile=4627f1dc-9c7c-4c0f-8437-a11d629c8246-0_0-194-364_20260409001921487.parquet logFiles=0 partitionPath=
I0409 00:19:22.491381 150850 HudiPlanConverter.cc:36] [HudiMOR] parseHudiSplitInfo: baseUri=file:/home/ubuntu/ws3/hudi-rs/tables/table3_1775693958236 baseFile=dbb7baa4-0d96-4689-a287-9ad565a9a17b-0_0-159-293_20260409001918419.parquet logFiles=1 partitionPath=
I0409 00:19:22.491503 150956 HudiPlanConverter.cc:161] [HudiMOR] fileGroupReaderContext: tablePath=file:/home/ubuntu/ws3/hudi-rs/tables/table3_1775693958236 latestCommitTime=20260409001921487 mergeMode=COMMIT_TIME_ORDERING
I0409 00:19:22.491533 150850 HudiPlanConverter.cc:161] [HudiMOR] fileGroupReaderContext: tablePath=file:/home/ubuntu/ws3/hudi-rs/tables/table3_1775693958236 latestCommitTime=20260409001921487 mergeMode=COMMIT_TIME_ORDERING
I0409 00:19:22.492462 150956 WholeStageResultIterator.cc:161] [HudiMOR] Building HiveHudiMORSplit path=file:/home/ubuntu/ws3/hudi-rs/tables/table3_1775693958236/4627f1dc-9c7c-4c0f-8437-a11d629c8246-0_0-194-364_20260409001921487.parquet baseUri=file:/home/ubuntu/ws3/hudi-rs/tables/table3_1775693958236 baseFile=4627f1dc-9c7c-4c0f-8437-a11d629c8246-0_0-194-364_20260409001921487.parquet logFiles=0 partitionPath= hudiOptions=0 latestCommitTime=20260409001921487 mergeMode=COMMIT_TIME_ORDERING isMOR=false (CoW)
I0409 00:19:22.492465 150850 WholeStageResultIterator.cc:161] [HudiMOR] Building HiveHudiMORSplit path=file:/home/ubuntu/ws3/hudi-rs/tables/table3_1775693958236/dbb7baa4-0d96-4689-a287-9ad565a9a17b-0_0-159-293_20260409001918419.parquet baseUri=file:/home/ubuntu/ws3/hudi-rs/tables/table3_1775693958236 baseFile=dbb7baa4-0d96-4689-a287-9ad565a9a17b-0_0-159-293_20260409001918419.parquet logFiles=1 partitionPath= hudiOptions=0 latestCommitTime=20260409001921487 mergeMode=COMMIT_TIME_ORDERING isMOR=true
I0409 00:19:22.492489 150850 WholeStageResultIterator.cc:172] [HudiMOR]   logFile[0]=.dbb7baa4-0d96-4689-a287-9ad565a9a17b-0_20260409001920073.log.1_0-178-335
I0409 00:19:22.496147 150850 HudiSplitReader.cpp:81] [HudiMOR] prepareSplit: creating FileGroupReader baseUri=file:/home/ubuntu/ws3/hudi-rs/tables/table3_1775693958236 latestCommitTime=20260409001921487 mergeMode=COMMIT_TIME_ORDERING hudiOptions=0
I0409 00:19:22.496239 150850 HudiSplitReader.cpp:183] [HudiMOR] prepareSplit: creating FileGroupReader with context partitionPath= baseFileName=dbb7baa4-0d96-4689-a287-9ad565a9a17b-0_0-159-293_20260409001918419.parquet logFileNames=1
I0409 00:19:22.496248 150850 HudiSplitReader.cpp:188] [HudiMOR] prepareSplit: logFile[0]=.dbb7baa4-0d96-4689-a287-9ad565a9a17b-0_20260409001920073.log.1_0-178-335
[2026-04-09T00:19:22Z DEBUG hudi] new_file_group_reader_with_context: table_path=file:/home/ubuntu/ws3/hudi-rs/tables/table3_1775693958236 partition_path= latest_commit_time=20260409001921487 start=0 length=434431 should_use_record_position=true allow_inflight_instants=false emit_delete=false sort_output=false props_count=30 base_file=dbb7baa4-0d96-4689-a287-9ad565a9a17b-0_0-159-293_20260409001918419.parquet log_files_count=1 has_data_schema=true has_requested_schema=true
[2026-04-09T00:19:22Z DEBUG hudi] new_file_group_reader_with_context: reader_context table_path=file:/home/ubuntu/ws3/hudi-rs/tables/table3_1775693958236 latest_commit_time=20260409001921487 base_file_format=PARQUET has_log_files=true needs_bootstrap_merge=false should_merge_use_record_position=true iterator_mode=ENGINE_RECORD merge_mode=COMMIT_TIME_ORDERING merge_strategy_id= has_instant_range=false table_config_count=29 hoodie_reader_config_count=0
[2026-04-09T00:19:22Z DEBUG hudi] new_file_group_reader_with_context: split base_file_name=dbb7baa4-0d96-4689-a287-9ad565a9a17b-0_0-159-293_20260409001918419.parquet log_file_names=[".dbb7baa4-0d96-4689-a287-9ad565a9a17b-0_20260409001920073.log.1_0-178-335"]
I0409 00:19:22.496836 150850 HudiSplitReader.cpp:194] [HudiMOR] prepareSplit: FileGroupReader created OK
I0409 00:19:22.496845 150850 HudiSplitReader.cpp:196] [HudiMOR] prepareSplit: calling get_closable_iterator (hudi-rs MOR merge)...
[2026-04-09T00:19:22Z DEBUG hudi] get_closable_iterator: partition= base_file=Some("dbb7baa4-0d96-4689-a287-9ad565a9a17b-0_0-159-293_20260409001918419.parquet") log_files=1 latest_instant_time=20260409001921487 ordering_fields=[] merge_mode=COMMIT_TIME_ORDERING
[2026-04-09T00:19:22Z DEBUG hudi_core::file_group::reader] HoodieFileGroupReader::new partition= base_file=dbb7baa4-0d96-4689-a287-9ad565a9a17b-0_0-159-293_20260409001918419.parquet log_files=1 ordering_fields=[] latest_commit_time=20260409001921487 record_key_field=_hoodie_record_key
[2026-04-09T00:19:22Z DEBUG hudi_core::file_group::reader]   log_file[0]: .dbb7baa4-0d96-4689-a287-9ad565a9a17b-0_20260409001920073.log.1_0-178-335
[2026-04-09T00:19:22Z DEBUG hudi_core::file_group::reader] [HoodieFileGroupReader] initRecordIterators: partition= base_file=dbb7baa4-0d96-4689-a287-9ad565a9a17b-0_0-159-293_20260409001918419.parquet log_files=1
[2026-04-09T00:19:22Z DEBUG hudi_core::storage] Parquet full read (non-streaming) for 'dbb7baa4-0d96-4689-a287-9ad565a9a17b-0_0-159-293_20260409001918419.parquet': reading all 9 cols: [_hoodie_commit_time, _hoodie_commit_seqno, _hoodie_record_key, _hoodie_partition_path, _hoodie_file_name, id, name, price, ts]
I0409 00:19:22.498589 150956 HiveDataSource.cpp:522] [HudiMOR-DS] next: rowsScanned=2 outputSize=2 outputType=ROW<id:INTEGER,name:VARCHAR,price:DOUBLE,ts:BIGINT> readerOutputType=ROW<id:INTEGER,name:VARCHAR,price:DOUBLE,ts:BIGINT> outputType=ROW<n0_0:INTEGER,n0_1:VARCHAR,n0_2:DOUBLE,n0_3:BIGINT>
I0409 00:19:22.498705 150956 HiveDataSource.cpp:546] [HudiMOR-DS] next: remainingFilterExprSet=NO rowVector cols=4 rows=2
[2026-04-09T00:19:22Z DEBUG hudi_core::file_group::reader] [HoodieFileGroupReader] makeBaseFileIterator: 1 batches, 7 total rows
[2026-04-09T00:19:22Z DEBUG hudi_core::file_group::reader] [HoodieFileGroupReader] base file schema: ["_hoodie_commit_time", "_hoodie_commit_seqno", "_hoodie_record_key", "_hoodie_partition_path", "_hoodie_file_name", "id", "name", "price", "ts"]
[2026-04-09T00:19:22Z DEBUG hudi_core::file_group::reader] [HoodieFileGroupReader] scanning 1 log file(s) with latest_commit_time=20260409001921487
[2026-04-09T00:19:22Z DEBUG hudi_core::file_group::reader::buffer::loader] [DefaultFileGroupRecordBufferLoader] getRecordBuffer: merge_mode=COMMIT_TIME_ORDERING record_key_field=_hoodie_record_key ordering_fields=[] log_files=1 latest_commit_time=20260409001921487
[2026-04-09T00:19:22Z DEBUG hudi_core::file_group::reader::log_record_reader] [Pass1] forward_scan: 1 total blocks, latest_instant_time=20260409001921487, has_instant_range=false
[2026-04-09T00:19:22Z DEBUG hudi_core::file_group::reader::log_record_reader] [Pass1] block #1 passed all gates: type=ParquetData instant=20260409001920073
[2026-04-09T00:19:22Z DEBUG hudi_core::file_group::reader::log_record_reader] [Pass1] complete: ordered_instants=["20260409001920073"] total_blocks=1 corrupt=0 rollbacks=0
[2026-04-09T00:19:22Z DEBUG hudi_core::file_group::reader::log_record_reader] [Pass1]   instant=20260409001920073: 1 block(s) [["ParquetData"]]
[2026-04-09T00:19:22Z DEBUG hudi_core::file_group::reader::log_record_reader] [Pass2] reverse_scan: 1 instants to process (newest→oldest)
[2026-04-09T00:19:22Z DEBUG hudi_core::file_group::reader::log_record_reader] [Pass2] complete: 1 blocks in deque, valid_instants=["20260409001920073"]
[2026-04-09T00:19:22Z DEBUG hudi_core::file_group::reader::log_record_reader] Pass 1+2 complete: 1 blocks queued, 1 valid instants
[2026-04-09T00:19:22Z DEBUG hudi_core::file_group::reader::log_record_reader] Merging the final data blocks
[2026-04-09T00:19:22Z DEBUG hudi_core::file_group::reader::log_record_reader] [Pass3] processQueuedBlocksForInstant: 1 blocks to process (pop_back = oldest first)
[2026-04-09T00:19:22Z DEBUG hudi_core::file_group::reader::log_record_reader] [Pass3] block #1: type=ParquetData instant=20260409001920073 content_empty=true has_location=true
[2026-04-09T00:19:22Z DEBUG hudi_core::file_group::log_file::log_block] [LogBlock::inflate] type=ParquetData file=.dbb7baa4-0d96-4689-a287-9ad565a9a17b-0_20260409001920073.log.1_0-178-335 pos=892 len=3406 block_len=4284
I0409 00:19:22.500399 150956 HiveDataSource.cpp:522] [HudiMOR-DS] next: rowsScanned=0 outputSize=2 outputType=ROW<id:INTEGER,name:VARCHAR,price:DOUBLE,ts:BIGINT> readerOutputType=ROW<id:INTEGER,name:VARCHAR,price:DOUBLE,ts:BIGINT> outputType=ROW<n0_0:INTEGER,n0_1:VARCHAR,n0_2:DOUBLE,n0_3:BIGINT>
I0409 00:19:22.500741 150956 Task.cpp:2413] Terminating task Gluten_Stage_202_TID_382_VTID_60 with state Finished after running for 6ms
[2026-04-09T00:19:22Z DEBUG hudi_core::file_group::reader::log_record_reader] [Pass3] block #1 inflated: content_empty=false
[2026-04-09T00:19:22Z DEBUG hudi_core::file_group::reader::log_record_reader] [Pass3] DATA block #1: 1 data batches, 3 total rows
[2026-04-09T00:19:22Z DEBUG hudi_core::file_group::reader::buffer::key_based] [KeyBasedBuffer] processNextDataRecord: key=4 has_existing=false → merged (is_delete=false)
[2026-04-09T00:19:22Z DEBUG hudi_core::file_group::reader::buffer::key_based] [KeyBasedBuffer] processNextDataRecord: key=5 has_existing=false → merged (is_delete=false)
[2026-04-09T00:19:22Z DEBUG hudi_core::file_group::reader::buffer::key_based] [KeyBasedBuffer] processNextDataRecord: key=6 has_existing=false → merged (is_delete=false)
[2026-04-09T00:19:22Z DEBUG hudi_core::file_group::reader::log_record_reader] [Pass3] after processing block #1: buffer size=3
[2026-04-09T00:19:22Z INFO  hudi_core::file_group::reader::merged_log_record_reader] Number of log files scanned => 1
[2026-04-09T00:19:22Z INFO  hudi_core::file_group::reader::merged_log_record_reader] Number of entries in Map => 3
[2026-04-09T00:19:22Z DEBUG hudi_core::file_group::reader] [HoodieFileGroupReader] log scan complete: buffer_size=3 valid_instants=["20260409001920073"] stats: log_blocks=1 log_records=3 corrupt=0 rollbacks=0
[2026-04-09T00:19:22Z DEBUG hudi_core::file_group::reader] [HoodieFileGroupReader] set base file iterator (7 rows), starting merge_and_collect
[2026-04-09T00:19:22Z DEBUG hudi_core::file_group::reader::buffer::key_based] [KeyBasedBuffer] merge_and_collect: base_rows=7 log_records_in_map=3 total_log_records_processed=3
[2026-04-09T00:19:22Z DEBUG hudi_core::file_group::reader::buffer::key_based] [KeyBasedBuffer] merge_and_collect output: 7 data records, 0 deletes skipped
[2026-04-09T00:19:22Z DEBUG hudi_core::file_group::reader] [HoodieFileGroupReader] merge_and_collect complete: 7 rows, 9 columns
[2026-04-09T00:19:22Z DEBUG hudi] get_closable_iterator: merge complete, 7 rows, 9 cols
I0409 00:19:22.502166 150850 HudiSplitReader.cpp:206] [HudiMOR] prepareSplit: read_file_slice returned OK arrowStream=0x7fa83034f240
I0409 00:19:22.502434 150850 HudiSplitReader.cpp:221] [HudiMOR] next: calling get_next on ArrowArrayStream...
I0409 00:19:22.502509 150850 HudiSplitReader.cpp:239] [HudiMOR] next: got ArrowArray numRows=7 numCols=9
I0409 00:19:22.502645 150850 HudiSplitReader.cpp:264] [HudiMOR] next: Arrow schema (9 cols): _hoodie_commit_time, _hoodie_commit_seqno, _hoodie_record_key, _hoodie_partition_path, _hoodie_file_name, id, name, price, ts
I0409 00:19:22.502651 150850 HudiSplitReader.cpp:269] [HudiMOR] next: importing Arrow batch into Velox RowVector...
I0409 00:19:22.502903 150850 HudiSplitReader.cpp:282] [HudiMOR] next: Velox RowVector from Arrow (7 rows, 9 cols): _hoodie_commit_time:VARCHAR, _hoodie_commit_seqno:VARCHAR, _hoodie_record_key:VARCHAR, _hoodie_partition_path:VARCHAR, _hoodie_file_name:VARCHAR, id:INTEGER, name:VARCHAR, price:DOUBLE, ts:BIGINT
I0409 00:19:22.502918 150850 HudiSplitReader.cpp:295] [HudiMOR] next: readerOutputType (4 cols): id:INTEGER, name:VARCHAR, price:DOUBLE, ts:BIGINT
I0409 00:19:22.502921 150850 HudiSplitReader.cpp:306] [HudiMOR] next: projecting 9 Arrow cols -> 4 output cols
I0409 00:19:22.502951 150850 HudiSplitReader.cpp:323] [HudiMOR] next: project col id : arrow[5] -> output[0]
I0409 00:19:22.502957 150850 HudiSplitReader.cpp:323] [HudiMOR] next: project col name : arrow[6] -> output[1]
I0409 00:19:22.502961 150850 HudiSplitReader.cpp:323] [HudiMOR] next: project col price : arrow[7] -> output[2]
I0409 00:19:22.502966 150850 HudiSplitReader.cpp:323] [HudiMOR] next: project col ts : arrow[8] -> output[3]
I0409 00:19:22.503019 150850 HudiSplitReader.cpp:329] [HudiMOR] next: projected RowVector has 7 rows
I0409 00:19:22.503065 150850 HiveDataSource.cpp:522] [HudiMOR-DS] next: rowsScanned=7 outputSize=7 outputType=ROW<id:INTEGER,name:VARCHAR,price:DOUBLE,ts:BIGINT> readerOutputType=ROW<id:INTEGER,name:VARCHAR,price:DOUBLE,ts:BIGINT> outputType=ROW<n0_0:INTEGER,n0_1:VARCHAR,n0_2:DOUBLE,n0_3:BIGINT>
I0409 00:19:22.503168 150850 HiveDataSource.cpp:546] [HudiMOR-DS] next: remainingFilterExprSet=NO rowVector cols=4 rows=7
I0409 00:19:22.503679 150850 HudiSplitReader.cpp:221] [HudiMOR] next: calling get_next on ArrowArrayStream...
I0409 00:19:22.503692 150850 HudiSplitReader.cpp:235] [HudiMOR] next: end-of-stream (null release callback)
I0409 00:19:22.503695 150850 HiveDataSource.cpp:522] [HudiMOR-DS] next: rowsScanned=0 outputSize=7 outputType=ROW<id:INTEGER,name:VARCHAR,price:DOUBLE,ts:BIGINT> readerOutputType=ROW<id:INTEGER,name:VARCHAR,price:DOUBLE,ts:BIGINT> outputType=ROW<n0_0:INTEGER,n0_1:VARCHAR,n0_2:DOUBLE,n0_3:BIGINT>
I0409 00:19:22.503999 150850 Task.cpp:2413] Terminating task Gluten_Stage_202_TID_381_VTID_59 with state Finished after running for 10ms
I0409 00:19:22.518682 150956 HudiPlanConverter.cc:36] [HudiMOR] parseHudiSplitInfo: baseUri=file:/home/ubuntu/ws3/hudi-rs/tables/table3_1775693958236 baseFile=4627f1dc-9c7c-4c0f-8437-a11d629c8246-0_0-194-364_20260409001921487.parquet logFiles=0 partitionPath=
I0409 00:19:22.518798 150956 HudiPlanConverter.cc:161] [HudiMOR] fileGroupReaderContext: tablePath=file:/home/ubuntu/ws3/hudi-rs/tables/table3_1775693958236 latestCommitTime=20260409001921487 mergeMode=COMMIT_TIME_ORDERING
I0409 00:19:22.518965 150850 HudiPlanConverter.cc:36] [HudiMOR] parseHudiSplitInfo: baseUri=file:/home/ubuntu/ws3/hudi-rs/tables/table3_1775693958236 baseFile=dbb7baa4-0d96-4689-a287-9ad565a9a17b-0_0-159-293_20260409001918419.parquet logFiles=1 partitionPath=
I0409 00:19:22.519109 150850 HudiPlanConverter.cc:161] [HudiMOR] fileGroupReaderContext: tablePath=file:/home/ubuntu/ws3/hudi-rs/tables/table3_1775693958236 latestCommitTime=20260409001921487 mergeMode=COMMIT_TIME_ORDERING
I0409 00:19:22.519748 150956 WholeStageResultIterator.cc:161] [HudiMOR] Building HiveHudiMORSplit path=file:/home/ubuntu/ws3/hudi-rs/tables/table3_1775693958236/4627f1dc-9c7c-4c0f-8437-a11d629c8246-0_0-194-364_20260409001921487.parquet baseUri=file:/home/ubuntu/ws3/hudi-rs/tables/table3_1775693958236 baseFile=4627f1dc-9c7c-4c0f-8437-a11d629c8246-0_0-194-364_20260409001921487.parquet logFiles=0 partitionPath= hudiOptions=0 latestCommitTime=20260409001921487 mergeMode=COMMIT_TIME_ORDERING isMOR=false (CoW)
I0409 00:19:22.519819 150850 WholeStageResultIterator.cc:161] [HudiMOR] Building HiveHudiMORSplit path=file:/home/ubuntu/ws3/hudi-rs/tables/table3_1775693958236/dbb7baa4-0d96-4689-a287-9ad565a9a17b-0_0-159-293_20260409001918419.parquet baseUri=file:/home/ubuntu/ws3/hudi-rs/tables/table3_1775693958236 baseFile=dbb7baa4-0d96-4689-a287-9ad565a9a17b-0_0-159-293_20260409001918419.parquet logFiles=1 partitionPath= hudiOptions=0 latestCommitTime=20260409001921487 mergeMode=COMMIT_TIME_ORDERING isMOR=true
I0409 00:19:22.519833 150850 WholeStageResultIterator.cc:172] [HudiMOR]   logFile[0]=.dbb7baa4-0d96-4689-a287-9ad565a9a17b-0_20260409001920073.log.1_0-178-335
I0409 00:19:22.523947 150850 HudiSplitReader.cpp:81] [HudiMOR] prepareSplit: creating FileGroupReader baseUri=file:/home/ubuntu/ws3/hudi-rs/tables/table3_1775693958236 latestCommitTime=20260409001921487 mergeMode=COMMIT_TIME_ORDERING hudiOptions=0
I0409 00:19:22.524044 150850 HudiSplitReader.cpp:183] [HudiMOR] prepareSplit: creating FileGroupReader with context partitionPath= baseFileName=dbb7baa4-0d96-4689-a287-9ad565a9a17b-0_0-159-293_20260409001918419.parquet logFileNames=1
I0409 00:19:22.524050 150850 HudiSplitReader.cpp:188] [HudiMOR] prepareSplit: logFile[0]=.dbb7baa4-0d96-4689-a287-9ad565a9a17b-0_20260409001920073.log.1_0-178-335
[2026-04-09T00:19:22Z DEBUG hudi] new_file_group_reader_with_context: table_path=file:/home/ubuntu/ws3/hudi-rs/tables/table3_1775693958236 partition_path= latest_commit_time=20260409001921487 start=0 length=434431 should_use_record_position=true allow_inflight_instants=false emit_delete=false sort_output=false props_count=30 base_file=dbb7baa4-0d96-4689-a287-9ad565a9a17b-0_0-159-293_20260409001918419.parquet log_files_count=1 has_data_schema=true has_requested_schema=true
[2026-04-09T00:19:22Z DEBUG hudi] new_file_group_reader_with_context: reader_context table_path=file:/home/ubuntu/ws3/hudi-rs/tables/table3_1775693958236 latest_commit_time=20260409001921487 base_file_format=PARQUET has_log_files=true needs_bootstrap_merge=false should_merge_use_record_position=true iterator_mode=ENGINE_RECORD merge_mode=COMMIT_TIME_ORDERING merge_strategy_id= has_instant_range=false table_config_count=29 hoodie_reader_config_count=0
[2026-04-09T00:19:22Z DEBUG hudi] new_file_group_reader_with_context: split base_file_name=dbb7baa4-0d96-4689-a287-9ad565a9a17b-0_0-159-293_20260409001918419.parquet log_file_names=[".dbb7baa4-0d96-4689-a287-9ad565a9a17b-0_20260409001920073.log.1_0-178-335"]
I0409 00:19:22.524600 150850 HudiSplitReader.cpp:194] [HudiMOR] prepareSplit: FileGroupReader created OK
I0409 00:19:22.524607 150850 HudiSplitReader.cpp:196] [HudiMOR] prepareSplit: calling get_closable_iterator (hudi-rs MOR merge)...
[2026-04-09T00:19:22Z DEBUG hudi] get_closable_iterator: partition= base_file=Some("dbb7baa4-0d96-4689-a287-9ad565a9a17b-0_0-159-293_20260409001918419.parquet") log_files=1 latest_instant_time=20260409001921487 ordering_fields=[] merge_mode=COMMIT_TIME_ORDERING
[2026-04-09T00:19:22Z DEBUG hudi_core::file_group::reader] HoodieFileGroupReader::new partition= base_file=dbb7baa4-0d96-4689-a287-9ad565a9a17b-0_0-159-293_20260409001918419.parquet log_files=1 ordering_fields=[] latest_commit_time=20260409001921487 record_key_field=_hoodie_record_key
[2026-04-09T00:19:22Z DEBUG hudi_core::file_group::reader]   log_file[0]: .dbb7baa4-0d96-4689-a287-9ad565a9a17b-0_20260409001920073.log.1_0-178-335
[2026-04-09T00:19:22Z DEBUG hudi_core::file_group::reader] [HoodieFileGroupReader] initRecordIterators: partition= base_file=dbb7baa4-0d96-4689-a287-9ad565a9a17b-0_0-159-293_20260409001918419.parquet log_files=1
[2026-04-09T00:19:22Z DEBUG hudi_core::storage] Parquet full read (non-streaming) for 'dbb7baa4-0d96-4689-a287-9ad565a9a17b-0_0-159-293_20260409001918419.parquet': reading all 9 cols: [_hoodie_commit_time, _hoodie_commit_seqno, _hoodie_record_key, _hoodie_partition_path, _hoodie_file_name, id, name, price, ts]
I0409 00:19:22.526314 150956 HiveDataSource.cpp:522] [HudiMOR-DS] next: rowsScanned=2 outputSize=2 outputType=ROW<id:INTEGER,name:VARCHAR,price:DOUBLE,ts:BIGINT> readerOutputType=ROW<id:INTEGER,name:VARCHAR,price:DOUBLE,ts:BIGINT> outputType=ROW<n0_0:INTEGER,n0_1:VARCHAR,n0_2:DOUBLE,n0_3:BIGINT>
I0409 00:19:22.526432 150956 HiveDataSource.cpp:546] [HudiMOR-DS] next: remainingFilterExprSet=NO rowVector cols=4 rows=2
[2026-04-09T00:19:22Z DEBUG hudi_core::file_group::reader] [HoodieFileGroupReader] makeBaseFileIterator: 1 batches, 7 total rows
[2026-04-09T00:19:22Z DEBUG hudi_core::file_group::reader] [HoodieFileGroupReader] base file schema: ["_hoodie_commit_time", "_hoodie_commit_seqno", "_hoodie_record_key", "_hoodie_partition_path", "_hoodie_file_name", "id", "name", "price", "ts"]
[2026-04-09T00:19:22Z DEBUG hudi_core::file_group::reader] [HoodieFileGroupReader] scanning 1 log file(s) with latest_commit_time=20260409001921487
[2026-04-09T00:19:22Z DEBUG hudi_core::file_group::reader::buffer::loader] [DefaultFileGroupRecordBufferLoader] getRecordBuffer: merge_mode=COMMIT_TIME_ORDERING record_key_field=_hoodie_record_key ordering_fields=[] log_files=1 latest_commit_time=20260409001921487
[2026-04-09T00:19:22Z DEBUG hudi_core::file_group::reader::log_record_reader] [Pass1] forward_scan: 1 total blocks, latest_instant_time=20260409001921487, has_instant_range=false
[2026-04-09T00:19:22Z DEBUG hudi_core::file_group::reader::log_record_reader] [Pass1] block #1 passed all gates: type=ParquetData instant=20260409001920073
[2026-04-09T00:19:22Z DEBUG hudi_core::file_group::reader::log_record_reader] [Pass1] complete: ordered_instants=["20260409001920073"] total_blocks=1 corrupt=0 rollbacks=0
[2026-04-09T00:19:22Z DEBUG hudi_core::file_group::reader::log_record_reader] [Pass1]   instant=20260409001920073: 1 block(s) [["ParquetData"]]
[2026-04-09T00:19:22Z DEBUG hudi_core::file_group::reader::log_record_reader] [Pass2] reverse_scan: 1 instants to process (newest→oldest)
[2026-04-09T00:19:22Z DEBUG hudi_core::file_group::reader::log_record_reader] [Pass2] complete: 1 blocks in deque, valid_instants=["20260409001920073"]
[2026-04-09T00:19:22Z DEBUG hudi_core::file_group::reader::log_record_reader] Pass 1+2 complete: 1 blocks queued, 1 valid instants
[2026-04-09T00:19:22Z DEBUG hudi_core::file_group::reader::log_record_reader] Merging the final data blocks
[2026-04-09T00:19:22Z DEBUG hudi_core::file_group::reader::log_record_reader] [Pass3] processQueuedBlocksForInstant: 1 blocks to process (pop_back = oldest first)
[2026-04-09T00:19:22Z DEBUG hudi_core::file_group::reader::log_record_reader] [Pass3] block #1: type=ParquetData instant=20260409001920073 content_empty=true has_location=true
[2026-04-09T00:19:22Z DEBUG hudi_core::file_group::log_file::log_block] [LogBlock::inflate] type=ParquetData file=.dbb7baa4-0d96-4689-a287-9ad565a9a17b-0_20260409001920073.log.1_0-178-335 pos=892 len=3406 block_len=4284
I0409 00:19:22.528080 150956 HiveDataSource.cpp:522] [HudiMOR-DS] next: rowsScanned=0 outputSize=2 outputType=ROW<id:INTEGER,name:VARCHAR,price:DOUBLE,ts:BIGINT> readerOutputType=ROW<id:INTEGER,name:VARCHAR,price:DOUBLE,ts:BIGINT> outputType=ROW<n0_0:INTEGER,n0_1:VARCHAR,n0_2:DOUBLE,n0_3:BIGINT>
I0409 00:19:22.528409 150956 Task.cpp:2413] Terminating task Gluten_Stage_203_TID_384_VTID_61 with state Finished after running for 6ms
[2026-04-09T00:19:22Z DEBUG hudi_core::file_group::reader::log_record_reader] [Pass3] block #1 inflated: content_empty=false
[2026-04-09T00:19:22Z DEBUG hudi_core::file_group::reader::log_record_reader] [Pass3] DATA block #1: 1 data batches, 3 total rows
[2026-04-09T00:19:22Z DEBUG hudi_core::file_group::reader::buffer::key_based] [KeyBasedBuffer] processNextDataRecord: key=4 has_existing=false → merged (is_delete=false)
[2026-04-09T00:19:22Z DEBUG hudi_core::file_group::reader::buffer::key_based] [KeyBasedBuffer] processNextDataRecord: key=5 has_existing=false → merged (is_delete=false)
[2026-04-09T00:19:22Z DEBUG hudi_core::file_group::reader::buffer::key_based] [KeyBasedBuffer] processNextDataRecord: key=6 has_existing=false → merged (is_delete=false)
[2026-04-09T00:19:22Z DEBUG hudi_core::file_group::reader::log_record_reader] [Pass3] after processing block #1: buffer size=3
[2026-04-09T00:19:22Z INFO  hudi_core::file_group::reader::merged_log_record_reader] Number of log files scanned => 1
[2026-04-09T00:19:22Z INFO  hudi_core::file_group::reader::merged_log_record_reader] Number of entries in Map => 3
[2026-04-09T00:19:22Z DEBUG hudi_core::file_group::reader] [HoodieFileGroupReader] log scan complete: buffer_size=3 valid_instants=["20260409001920073"] stats: log_blocks=1 log_records=3 corrupt=0 rollbacks=0
[2026-04-09T00:19:22Z DEBUG hudi_core::file_group::reader] [HoodieFileGroupReader] set base file iterator (7 rows), starting merge_and_collect
[2026-04-09T00:19:22Z DEBUG hudi_core::file_group::reader::buffer::key_based] [KeyBasedBuffer] merge_and_collect: base_rows=7 log_records_in_map=3 total_log_records_processed=3
[2026-04-09T00:19:22Z DEBUG hudi_core::file_group::reader::buffer::key_based] [KeyBasedBuffer] merge_and_collect output: 7 data records, 0 deletes skipped
[2026-04-09T00:19:22Z DEBUG hudi_core::file_group::reader] [HoodieFileGroupReader] merge_and_collect complete: 7 rows, 9 columns
[2026-04-09T00:19:22Z DEBUG hudi] get_closable_iterator: merge complete, 7 rows, 9 cols
I0409 00:19:22.530221 150850 HudiSplitReader.cpp:206] [HudiMOR] prepareSplit: read_file_slice returned OK arrowStream=0x7fa8301182a0
I0409 00:19:22.530471 150850 HudiSplitReader.cpp:221] [HudiMOR] next: calling get_next on ArrowArrayStream...
I0409 00:19:22.530555 150850 HudiSplitReader.cpp:239] [HudiMOR] next: got ArrowArray numRows=7 numCols=9
I0409 00:19:22.530694 150850 HudiSplitReader.cpp:264] [HudiMOR] next: Arrow schema (9 cols): _hoodie_commit_time, _hoodie_commit_seqno, _hoodie_record_key, _hoodie_partition_path, _hoodie_file_name, id, name, price, ts
I0409 00:19:22.530701 150850 HudiSplitReader.cpp:269] [HudiMOR] next: importing Arrow batch into Velox RowVector...
I0409 00:19:22.530961 150850 HudiSplitReader.cpp:282] [HudiMOR] next: Velox RowVector from Arrow (7 rows, 9 cols): _hoodie_commit_time:VARCHAR, _hoodie_commit_seqno:VARCHAR, _hoodie_record_key:VARCHAR, _hoodie_partition_path:VARCHAR, _hoodie_file_name:VARCHAR, id:INTEGER, name:VARCHAR, price:DOUBLE, ts:BIGINT
I0409 00:19:22.530977 150850 HudiSplitReader.cpp:295] [HudiMOR] next: readerOutputType (4 cols): id:INTEGER, name:VARCHAR, price:DOUBLE, ts:BIGINT
I0409 00:19:22.530982 150850 HudiSplitReader.cpp:306] [HudiMOR] next: projecting 9 Arrow cols -> 4 output cols
I0409 00:19:22.531030 150850 HudiSplitReader.cpp:323] [HudiMOR] next: project col id : arrow[5] -> output[0]
I0409 00:19:22.531036 150850 HudiSplitReader.cpp:323] [HudiMOR] next: project col name : arrow[6] -> output[1]
I0409 00:19:22.531040 150850 HudiSplitReader.cpp:323] [HudiMOR] next: project col price : arrow[7] -> output[2]
I0409 00:19:22.531044 150850 HudiSplitReader.cpp:323] [HudiMOR] next: project col ts : arrow[8] -> output[3]
I0409 00:19:22.531091 150850 HudiSplitReader.cpp:329] [HudiMOR] next: projected RowVector has 7 rows
I0409 00:19:22.531139 150850 HiveDataSource.cpp:522] [HudiMOR-DS] next: rowsScanned=7 outputSize=7 outputType=ROW<id:INTEGER,name:VARCHAR,price:DOUBLE,ts:BIGINT> readerOutputType=ROW<id:INTEGER,name:VARCHAR,price:DOUBLE,ts:BIGINT> outputType=ROW<n0_0:INTEGER,n0_1:VARCHAR,n0_2:DOUBLE,n0_3:BIGINT>
I0409 00:19:22.531243 150850 HiveDataSource.cpp:546] [HudiMOR-DS] next: remainingFilterExprSet=NO rowVector cols=4 rows=7
I0409 00:19:22.531746 150850 HudiSplitReader.cpp:221] [HudiMOR] next: calling get_next on ArrowArrayStream...
I0409 00:19:22.531760 150850 HudiSplitReader.cpp:235] [HudiMOR] next: end-of-stream (null release callback)
I0409 00:19:22.531764 150850 HiveDataSource.cpp:522] [HudiMOR-DS] next: rowsScanned=0 outputSize=7 outputType=ROW<id:INTEGER,name:VARCHAR,price:DOUBLE,ts:BIGINT> readerOutputType=ROW<id:INTEGER,name:VARCHAR,price:DOUBLE,ts:BIGINT> outputType=ROW<n0_0:INTEGER,n0_1:VARCHAR,n0_2:DOUBLE,n0_3:BIGINT>
I0409 00:19:22.532089 150850 Task.cpp:2413] Terminating task Gluten_Stage_203_TID_383_VTID_62 with state Finished after running for 10ms
I0409 00:19:22.536129 150956 VeloxHashShuffleWriter.cc:877] Calculated partition buffer size -  memLimit: 1065353216, bytesPerRow: 26, preAllocRowCnt: 4096
I0409 00:19:22.536147 150956 VeloxHashShuffleWriter.cc:1423] Actual partition buffer size - current: 0, newSize: 4096
I0409 00:19:22.536631 150956 LocalPartitionWriter.cc:633] LocalPartitionWriter stopped. Total spills: 0
I0409 00:19:22.540694 150850 VeloxHashShuffleWriter.cc:877] Calculated partition buffer size -  memLimit: 1069547520, bytesPerRow: 25, preAllocRowCnt: 4096
I0409 00:19:22.540715 150850 VeloxHashShuffleWriter.cc:1423] Actual partition buffer size - current: 0, newSize: 4096
I0409 00:19:22.540827 150850 VeloxHashShuffleWriter.cc:1423] Actual partition buffer size - current: 0, newSize: 4096
I0409 00:19:22.540866 150850 VeloxHashShuffleWriter.cc:1423] Actual partition buffer size - current: 0, newSize: 4096
I0409 00:19:22.541455 150850 LocalPartitionWriter.cc:633] LocalPartitionWriter stopped. Total spills: 0
I0409 00:19:22.583534 150850 Task.cpp:2413] Terminating task Gluten_Stage_205_TID_385_VTID_63 with state Finished after running for 6ms
- Test merge operations with COMMIT_TIME_ORDERING for mor table (tableVersion=9,setRecordMergeConfigs=false,setUpsertOperation=false)
fdss: /home/ubuntu/ws3/hudi-rs/tables/table4_1775693962621
38627 [ScalaTest-main-running-TestMergeModeCommitTimeOrdering] WARN  org.apache.hudi.config.HoodiePayloadConfig [] - 'hoodie.payload.ordering.field' wasn't set during Hoodie payload building due to absent key field passed.
2026-04-09 00:19:22.741:INFO:oejs.Server:ScalaTest-main-running-TestMergeModeCommitTimeOrdering: jetty-9.4.57.v20241219; built: 2025-01-08T21:24:30.412Z; git: df524e6b29271c2e09ba9aea83c18dc9db464a31; jvm 17.0.18+8-Ubuntu-122.04.1
2026-04-09 00:19:22.743:INFO:oejs.Server:ScalaTest-main-running-TestMergeModeCommitTimeOrdering: Started @38656ms
38649 [ScalaTest-main-running-TestMergeModeCommitTimeOrdering] WARN  org.apache.hudi.HoodieSparkUtils [] - createRdd executedPlan:
*(1) Scan ExistingRDD[id#753,name#754,price#755,ts#756L]

2026-04-09 00:19:23.034:INFO:oejs.Server:ScalaTest-main-running-TestMergeModeCommitTimeOrdering: jetty-9.4.57.v20241219; built: 2025-01-08T21:24:30.412Z; git: df524e6b29271c2e09ba9aea83c18dc9db464a31; jvm 17.0.18+8-Ubuntu-122.04.1
2026-04-09 00:19:23.036:INFO:oejs.Server:ScalaTest-main-running-TestMergeModeCommitTimeOrdering: Started @38948ms
39218 [ScalaTest-main-running-TestMergeModeCommitTimeOrdering] WARN  org.apache.hudi.common.table.HoodieTableConfig [] - hoodie.properties modified to: {hoodie.table.initial.version=9, hoodie.table.keygenerator.type=NON_PARTITION, hoodie.table.type=MERGE_ON_READ, hoodie.table.metadata.partitions=files, hoodie.archivelog.folder=archived, hoodie.table.create.schema={"type":"record","name":"htestmergemodecommittimeordering_5_record","namespace":"hoodie.htestmergemodecommittimeordering_5","fields":[{"name":"id","type":["null","int"],"default":null},{"name":"name","type":["null","string"],"default":null},{"name":"price","type":["null","double"],"default":null},{"name":"ts","type":["null","long"],"default":null}]}, hoodie.timeline.layout.version=2, hoodie.timeline.history.path=history, hoodie.table.checksum=3753011540, hoodie.datasource.write.drop.partition.columns=false, hoodie.table.recordkey.fields=id, hoodie.table.name=htestmergemodecommittimeordering_5, hoodie.table.format=native, hoodie.timeline.path=timeline, hoodie.datasource.write.hive_style_partitioning=true, hoodie.table.metadata.partitions.inflight=, hoodie.database.name=default, hoodie.record.merge.mode=COMMIT_TIME_ORDERING, hoodie.datasource.write.partitionpath.urlencode=false, hoodie.table.version=9} (at file:/home/ubuntu/ws3/hudi-rs/tables/table4_1775693962621/.hoodie)
39451 [ScalaTest-main-running-TestMergeModeCommitTimeOrdering] WARN  org.apache.hudi.common.table.HoodieTableConfig [] - hoodie.properties modified to: {hoodie.table.initial.version=9, hoodie.table.keygenerator.type=NON_PARTITION, hoodie.table.type=MERGE_ON_READ, hoodie.table.metadata.partitions=files, hoodie.archivelog.folder=archived, hoodie.table.create.schema={"type":"record","name":"htestmergemodecommittimeordering_5_record","namespace":"hoodie.htestmergemodecommittimeordering_5","fields":[{"name":"id","type":["null","int"],"default":null},{"name":"name","type":["null","string"],"default":null},{"name":"price","type":["null","double"],"default":null},{"name":"ts","type":["null","long"],"default":null}]}, hoodie.timeline.layout.version=2, hoodie.timeline.history.path=history, hoodie.table.checksum=3753011540, hoodie.datasource.write.drop.partition.columns=false, hoodie.table.recordkey.fields=id, hoodie.table.name=htestmergemodecommittimeordering_5, hoodie.table.format=native, hoodie.timeline.path=timeline, hoodie.datasource.write.hive_style_partitioning=true, hoodie.table.metadata.partitions.inflight=, hoodie.table.index.defs.path=.hoodie/.index_defs/index.json, hoodie.database.name=default, hoodie.record.merge.mode=COMMIT_TIME_ORDERING, hoodie.datasource.write.partitionpath.urlencode=false, hoodie.table.version=9} (at file:/home/ubuntu/ws3/hudi-rs/tables/table4_1775693962621/.hoodie)
39463 [ScalaTest-main-running-TestMergeModeCommitTimeOrdering] WARN  org.apache.hudi.common.table.HoodieTableConfig [] - hoodie.properties modified to: {hoodie.table.initial.version=9, hoodie.table.keygenerator.type=NON_PARTITION, hoodie.table.type=MERGE_ON_READ, hoodie.table.metadata.partitions=column_stats,files, hoodie.archivelog.folder=archived, hoodie.table.create.schema={"type":"record","name":"htestmergemodecommittimeordering_5_record","namespace":"hoodie.htestmergemodecommittimeordering_5","fields":[{"name":"id","type":["null","int"],"default":null},{"name":"name","type":["null","string"],"default":null},{"name":"price","type":["null","double"],"default":null},{"name":"ts","type":["null","long"],"default":null}]}, hoodie.timeline.layout.version=2, hoodie.timeline.history.path=history, hoodie.table.checksum=3753011540, hoodie.datasource.write.drop.partition.columns=false, hoodie.table.recordkey.fields=id, hoodie.table.name=htestmergemodecommittimeordering_5, hoodie.table.format=native, hoodie.timeline.path=timeline, hoodie.datasource.write.hive_style_partitioning=true, hoodie.table.metadata.partitions.inflight=, hoodie.table.index.defs.path=.hoodie/.index_defs/index.json, hoodie.database.name=default, hoodie.record.merge.mode=COMMIT_TIME_ORDERING, hoodie.datasource.write.partitionpath.urlencode=false, hoodie.table.version=9} (at file:/home/ubuntu/ws3/hudi-rs/tables/table4_1775693962621/.hoodie)
I0409 00:19:23.643255 150850 Task.cpp:2413] Terminating task Gluten_Stage_219_TID_399_VTID_65 with state Finished after running for 7ms
I0409 00:19:23.643255 150956 Task.cpp:2413] Terminating task Gluten_Stage_219_TID_400_VTID_64 with state Finished after running for 7ms
39538 [Executor task launch worker for task 0.0 in stage 219.0 (TID 399)] WARN  org.apache.gluten.columnarbatch.IndicatorVectorPool [] - There are still unreleased native columnar batches during ending the task. Will close them automatically however the batches should be better released manually to minimize memory pressure.
39538 [Executor task launch worker for task 1.0 in stage 219.0 (TID 400)] WARN  org.apache.gluten.columnarbatch.IndicatorVectorPool [] - There are still unreleased native columnar batches during ending the task. Will close them automatically however the batches should be better released manually to minimize memory pressure.
2026-04-09 00:19:23.838:INFO:oejs.Server:ScalaTest-main-running-TestMergeModeCommitTimeOrdering: jetty-9.4.57.v20241219; built: 2025-01-08T21:24:30.412Z; git: df524e6b29271c2e09ba9aea83c18dc9db464a31; jvm 17.0.18+8-Ubuntu-122.04.1
2026-04-09 00:19:23.841:INFO:oejs.Server:ScalaTest-main-running-TestMergeModeCommitTimeOrdering: Started @39753ms
40415 [ScalaTest-main-running-TestMergeModeCommitTimeOrdering] WARN  org.apache.hudi.config.HoodiePayloadConfig [] - 'hoodie.payload.ordering.field' wasn't set during Hoodie payload building due to absent key field passed.
2026-04-09 00:19:24.530:INFO:oejs.Server:ScalaTest-main-running-TestMergeModeCommitTimeOrdering: jetty-9.4.57.v20241219; built: 2025-01-08T21:24:30.412Z; git: df524e6b29271c2e09ba9aea83c18dc9db464a31; jvm 17.0.18+8-Ubuntu-122.04.1
2026-04-09 00:19:24.532:INFO:oejs.Server:ScalaTest-main-running-TestMergeModeCommitTimeOrdering: Started @40444ms
40437 [ScalaTest-main-running-TestMergeModeCommitTimeOrdering] WARN  org.apache.hudi.HoodieSparkUtils [] - createRdd executedPlan:
*(1) Scan ExistingRDD[id#799,name#800,price#801,ts#802L]

2026-04-09 00:19:24.561:INFO:oejs.Server:ScalaTest-main-running-TestMergeModeCommitTimeOrdering: jetty-9.4.57.v20241219; built: 2025-01-08T21:24:30.412Z; git: df524e6b29271c2e09ba9aea83c18dc9db464a31; jvm 17.0.18+8-Ubuntu-122.04.1
2026-04-09 00:19:24.563:INFO:oejs.Server:ScalaTest-main-running-TestMergeModeCommitTimeOrdering: Started @40476ms
I0409 00:19:24.624254 150850 Task.cpp:2413] Terminating task Gluten_Stage_240_TID_444_VTID_66 with state Finished after running for 5ms
I0409 00:19:24.625505 150758 Task.cpp:2413] Terminating task Gluten_Stage_240_TID_445_VTID_67 with state Finished after running for 5ms
40519 [Executor task launch worker for task 0.0 in stage 240.0 (TID 444)] WARN  org.apache.gluten.columnarbatch.IndicatorVectorPool [] - There are still unreleased native columnar batches during ending the task. Will close them automatically however the batches should be better released manually to minimize memory pressure.
40520 [Executor task launch worker for task 1.0 in stage 240.0 (TID 445)] WARN  org.apache.gluten.columnarbatch.IndicatorVectorPool [] - There are still unreleased native columnar batches during ending the task. Will close them automatically however the batches should be better released manually to minimize memory pressure.
2026-04-09 00:19:24.946:INFO:oejs.Server:ScalaTest-main-running-TestMergeModeCommitTimeOrdering: jetty-9.4.57.v20241219; built: 2025-01-08T21:24:30.412Z; git: df524e6b29271c2e09ba9aea83c18dc9db464a31; jvm 17.0.18+8-Ubuntu-122.04.1
2026-04-09 00:19:24.949:INFO:oejs.Server:ScalaTest-main-running-TestMergeModeCommitTimeOrdering: Started @40861ms
I0409 00:19:25.629843 152145 HudiPlanConverter.cc:36] [HudiMOR] parseHudiSplitInfo: baseUri=file:/home/ubuntu/ws3/hudi-rs/tables/table4_1775693962621 baseFile=1171e154-8b35-4f12-8af0-d190038519fe-0_0-232-427_20260409001922745.parquet logFiles=1 partitionPath=
I0409 00:19:25.629963 152145 HudiPlanConverter.cc:161] [HudiMOR] fileGroupReaderContext: tablePath=file:/home/ubuntu/ws3/hudi-rs/tables/table4_1775693962621 latestCommitTime=20260409001924534 mergeMode=COMMIT_TIME_ORDERING
I0409 00:19:25.630921 152145 WholeStageResultIterator.cc:161] [HudiMOR] Building HiveHudiMORSplit path=file:/home/ubuntu/ws3/hudi-rs/tables/table4_1775693962621/1171e154-8b35-4f12-8af0-d190038519fe-0_0-232-427_20260409001922745.parquet baseUri=file:/home/ubuntu/ws3/hudi-rs/tables/table4_1775693962621 baseFile=1171e154-8b35-4f12-8af0-d190038519fe-0_0-232-427_20260409001922745.parquet logFiles=1 partitionPath= hudiOptions=0 latestCommitTime=20260409001924534 mergeMode=COMMIT_TIME_ORDERING isMOR=true
I0409 00:19:25.630937 152145 WholeStageResultIterator.cc:172] [HudiMOR]   logFile[0]=.1171e154-8b35-4f12-8af0-d190038519fe-0_20260409001924534.log.1_0-254-473
I0409 00:19:25.634418 152145 HudiSplitReader.cpp:81] [HudiMOR] prepareSplit: creating FileGroupReader baseUri=file:/home/ubuntu/ws3/hudi-rs/tables/table4_1775693962621 latestCommitTime=20260409001924534 mergeMode=COMMIT_TIME_ORDERING hudiOptions=0
I0409 00:19:25.634496 152145 HudiSplitReader.cpp:183] [HudiMOR] prepareSplit: creating FileGroupReader with context partitionPath= baseFileName=1171e154-8b35-4f12-8af0-d190038519fe-0_0-232-427_20260409001922745.parquet logFileNames=1
I0409 00:19:25.634505 152145 HudiSplitReader.cpp:188] [HudiMOR] prepareSplit: logFile[0]=.1171e154-8b35-4f12-8af0-d190038519fe-0_20260409001924534.log.1_0-254-473
[2026-04-09T00:19:25Z DEBUG hudi] new_file_group_reader_with_context: table_path=file:/home/ubuntu/ws3/hudi-rs/tables/table4_1775693962621 partition_path= latest_commit_time=20260409001924534 start=0 length=435143 should_use_record_position=true allow_inflight_instants=false emit_delete=false sort_output=false props_count=31 base_file=1171e154-8b35-4f12-8af0-d190038519fe-0_0-232-427_20260409001922745.parquet log_files_count=1 has_data_schema=true has_requested_schema=true
[2026-04-09T00:19:25Z DEBUG hudi] new_file_group_reader_with_context: reader_context table_path=file:/home/ubuntu/ws3/hudi-rs/tables/table4_1775693962621 latest_commit_time=20260409001924534 base_file_format=PARQUET has_log_files=true needs_bootstrap_merge=false should_merge_use_record_position=true iterator_mode=ENGINE_RECORD merge_mode=COMMIT_TIME_ORDERING merge_strategy_id= has_instant_range=false table_config_count=30 hoodie_reader_config_count=0
[2026-04-09T00:19:25Z DEBUG hudi] new_file_group_reader_with_context: split base_file_name=1171e154-8b35-4f12-8af0-d190038519fe-0_0-232-427_20260409001922745.parquet log_file_names=[".1171e154-8b35-4f12-8af0-d190038519fe-0_20260409001924534.log.1_0-254-473"]
I0409 00:19:25.635076 152145 HudiSplitReader.cpp:194] [HudiMOR] prepareSplit: FileGroupReader created OK
I0409 00:19:25.635083 152145 HudiSplitReader.cpp:196] [HudiMOR] prepareSplit: calling get_closable_iterator (hudi-rs MOR merge)...
[2026-04-09T00:19:25Z DEBUG hudi] get_closable_iterator: partition= base_file=Some("1171e154-8b35-4f12-8af0-d190038519fe-0_0-232-427_20260409001922745.parquet") log_files=1 latest_instant_time=20260409001924534 ordering_fields=[] merge_mode=COMMIT_TIME_ORDERING
[2026-04-09T00:19:25Z DEBUG hudi_core::file_group::reader] HoodieFileGroupReader::new partition= base_file=1171e154-8b35-4f12-8af0-d190038519fe-0_0-232-427_20260409001922745.parquet log_files=1 ordering_fields=[] latest_commit_time=20260409001924534 record_key_field=_hoodie_record_key
[2026-04-09T00:19:25Z DEBUG hudi_core::file_group::reader]   log_file[0]: .1171e154-8b35-4f12-8af0-d190038519fe-0_20260409001924534.log.1_0-254-473
[2026-04-09T00:19:25Z DEBUG hudi_core::file_group::reader] [HoodieFileGroupReader] initRecordIterators: partition= base_file=1171e154-8b35-4f12-8af0-d190038519fe-0_0-232-427_20260409001922745.parquet log_files=1
[2026-04-09T00:19:25Z DEBUG hudi_core::storage] Parquet full read (non-streaming) for '1171e154-8b35-4f12-8af0-d190038519fe-0_0-232-427_20260409001922745.parquet': reading all 9 cols: [_hoodie_commit_time, _hoodie_commit_seqno, _hoodie_record_key, _hoodie_partition_path, _hoodie_file_name, id, name, price, ts]
[2026-04-09T00:19:25Z DEBUG hudi_core::file_group::reader] [HoodieFileGroupReader] makeBaseFileIterator: 1 batches, 2 total rows
[2026-04-09T00:19:25Z DEBUG hudi_core::file_group::reader] [HoodieFileGroupReader] base file schema: ["_hoodie_commit_time", "_hoodie_commit_seqno", "_hoodie_record_key", "_hoodie_partition_path", "_hoodie_file_name", "id", "name", "price", "ts"]
[2026-04-09T00:19:25Z DEBUG hudi_core::file_group::reader] [HoodieFileGroupReader] scanning 1 log file(s) with latest_commit_time=20260409001924534
[2026-04-09T00:19:25Z DEBUG hudi_core::file_group::reader::buffer::loader] [DefaultFileGroupRecordBufferLoader] getRecordBuffer: merge_mode=COMMIT_TIME_ORDERING record_key_field=_hoodie_record_key ordering_fields=[] log_files=1 latest_commit_time=20260409001924534
[2026-04-09T00:19:25Z DEBUG hudi_core::file_group::reader::log_record_reader] [Pass1] forward_scan: 1 total blocks, latest_instant_time=20260409001924534, has_instant_range=false
[2026-04-09T00:19:25Z DEBUG hudi_core::file_group::reader::log_record_reader] [Pass1] block #1 passed all gates: type=AvroData instant=20260409001924534
[2026-04-09T00:19:25Z DEBUG hudi_core::file_group::reader::log_record_reader] [Pass1] complete: ordered_instants=["20260409001924534"] total_blocks=1 corrupt=0 rollbacks=0
[2026-04-09T00:19:25Z DEBUG hudi_core::file_group::reader::log_record_reader] [Pass1]   instant=20260409001924534: 1 block(s) [["AvroData"]]
[2026-04-09T00:19:25Z DEBUG hudi_core::file_group::reader::log_record_reader] [Pass2] reverse_scan: 1 instants to process (newest→oldest)
[2026-04-09T00:19:25Z DEBUG hudi_core::file_group::reader::log_record_reader] [Pass2] complete: 1 blocks in deque, valid_instants=["20260409001924534"]
