I0408 19:46:55.262945 93843 HudiSplitReader.cpp:326] [HudiMOR] next: project col name : arrow[6] -> output[1]
I0408 19:46:55.262948 93843 HudiSplitReader.cpp:326] [HudiMOR] next: project col price : arrow[7] -> output[2]
I0408 19:46:55.262950 93843 HudiSplitReader.cpp:326] [HudiMOR] next: project col ts : arrow[8] -> output[3]
I0408 19:46:55.263010 93843 HudiSplitReader.cpp:332] [HudiMOR] next: projected RowVector has 7 rows
I0408 19:46:55.263051 93843 HiveDataSource.cpp:522] [HudiMOR-DS] next: rowsScanned=7 outputSize=7 outputType=ROW<id:INTEGER,name:VARCHAR,price:DOUBLE,ts:BIGINT> readerOutputType=ROW<id:INTEGER,name:VARCHAR,price:DOUBLE,ts:BIGINT> outputType=ROW<n0_0:INTEGER,n0_1:VARCHAR,n0_2:DOUBLE,n0_3:BIGINT>
I0408 19:46:55.263164 93843 HiveDataSource.cpp:546] [HudiMOR-DS] next: remainingFilterExprSet=NO rowVector cols=4 rows=7
I0408 19:46:55.263725 93843 HudiSplitReader.cpp:224] [HudiMOR] next: calling get_next on ArrowArrayStream...
I0408 19:46:55.263739 93843 HudiSplitReader.cpp:238] [HudiMOR] next: end-of-stream (null release callback)
I0408 19:46:55.263741 93843 HiveDataSource.cpp:522] [HudiMOR-DS] next: rowsScanned=0 outputSize=7 outputType=ROW<id:INTEGER,name:VARCHAR,price:DOUBLE,ts:BIGINT> readerOutputType=ROW<id:INTEGER,name:VARCHAR,price:DOUBLE,ts:BIGINT> outputType=ROW<n0_0:INTEGER,n0_1:VARCHAR,n0_2:DOUBLE,n0_3:BIGINT>
I0408 19:46:55.264070 93843 Task.cpp:2413] Terminating task Gluten_Stage_338_TID_631_VTID_91 with state Finished after running for 10ms
I0408 19:46:55.271762 93843 VeloxHashShuffleWriter.cc:877] Calculated partition buffer size -  memLimit: 1069547520, bytesPerRow: 25, preAllocRowCnt: 4096
I0408 19:46:55.271783 93843 VeloxHashShuffleWriter.cc:1423] Actual partition buffer size - current: 0, newSize: 4096
I0408 19:46:55.271860 93843 VeloxHashShuffleWriter.cc:1423] Actual partition buffer size - current: 0, newSize: 4096
I0408 19:46:55.271883 93843 VeloxHashShuffleWriter.cc:1423] Actual partition buffer size - current: 0, newSize: 4096
I0408 19:46:55.271903 93843 VeloxHashShuffleWriter.cc:1423] Actual partition buffer size - current: 0, newSize: 4096
I0408 19:46:55.272379 93843 LocalPartitionWriter.cc:633] LocalPartitionWriter stopped. Total spills: 0
I0408 19:46:55.310958 93843 Task.cpp:2413] Terminating task Gluten_Stage_340_TID_632_VTID_92 with state Finished after running for 5ms
44540 [ScalaTest-main-running-TestMergeModeCommitTimeOrdering] WARN  org.apache.hudi.config.HoodiePayloadConfig [] - 'hoodie.payload.ordering.field' wasn't set during Hoodie payload building due to absent key field passed.
2026-04-08 19:46:55.379:INFO:oejs.Server:ScalaTest-main-running-TestMergeModeCommitTimeOrdering: jetty-9.4.57.v20241219; built: 2025-01-08T21:24:30.412Z; git: df524e6b29271c2e09ba9aea83c18dc9db464a31; jvm 17.0.18+8-Ubuntu-122.04.1
2026-04-08 19:46:55.382:INFO:oejs.Server:ScalaTest-main-running-TestMergeModeCommitTimeOrdering: Started @44574ms
44580 [ScalaTest-main-running-TestMergeModeCommitTimeOrdering] WARN  org.apache.hudi.HoodieSparkUtils [] - createRdd executedPlan:
VeloxColumnarToRow
+- ColumnarUnion
   :- ^(67) ProjectExecTransformer [7 AS id#1299, D2 AS name#1300, 45.0 AS price#1301, 100 AS ts#1302L]
   :  +- ^(67) InputIteratorTransformer[]
   :     +- RowToVeloxColumnar
   :        +- *(1) Scan OneRowRelation[]
   +- ^(68) ProjectExecTransformer [8 AS 8#1304, E2 AS E2#1305, 55.0 AS 55.0#1306, 100 AS ts#1303L]
      +- ^(68) InputIteratorTransformer[]
         +- RowToVeloxColumnar
            +- *(2) Scan OneRowRelation[]

2026-04-08 19:46:55.434:INFO:oejs.Server:ScalaTest-main-running-TestMergeModeCommitTimeOrdering: jetty-9.4.57.v20241219; built: 2025-01-08T21:24:30.412Z; git: df524e6b29271c2e09ba9aea83c18dc9db464a31; jvm 17.0.18+8-Ubuntu-122.04.1
2026-04-08 19:46:55.436:INFO:oejs.Server:ScalaTest-main-running-TestMergeModeCommitTimeOrdering: Started @44628ms
I0408 19:46:55.485358 92440 Task.cpp:2413] Terminating task Gluten_Stage_341_TID_634_VTID_93 with state Finished after running for 5ms
I0408 19:46:55.486537 93843 Task.cpp:2413] Terminating task Gluten_Stage_341_TID_633_VTID_94 with state Finished after running for 5ms
44655 [Executor task launch worker for task 1.0 in stage 341.0 (TID 634)] WARN  org.apache.gluten.columnarbatch.IndicatorVectorPool [] - There are still unreleased native columnar batches during ending the task. Will close them automatically however the batches should be better released manually to minimize memory pressure.
44657 [Executor task launch worker for task 0.0 in stage 341.0 (TID 633)] WARN  org.apache.gluten.columnarbatch.IndicatorVectorPool [] - There are still unreleased native columnar batches during ending the task. Will close them automatically however the batches should be better released manually to minimize memory pressure.
2026-04-08 19:46:55.641:INFO:oejs.Server:ScalaTest-main-running-TestMergeModeCommitTimeOrdering: jetty-9.4.57.v20241219; built: 2025-01-08T21:24:30.412Z; git: df524e6b29271c2e09ba9aea83c18dc9db464a31; jvm 17.0.18+8-Ubuntu-122.04.1
2026-04-08 19:46:55.643:INFO:oejs.Server:ScalaTest-main-running-TestMergeModeCommitTimeOrdering: Started @44835ms
I0408 19:46:56.326069 92440 HudiPlanConverter.cc:36] [HudiMOR] parseHudiSplitInfo: baseUri=file:/home/ubuntu/ws3/hudi-rs/tables/table5_1775677612271 baseFile=4d27fa3c-7f4f-4bf0-b0c9-fbaa9774a1e1-0_0-310-571_20260408194652442.parquet logFiles=1 partitionPath=
I0408 19:46:56.326069 93843 HudiPlanConverter.cc:36] [HudiMOR] parseHudiSplitInfo: baseUri=file:/home/ubuntu/ws3/hudi-rs/tables/table5_1775677612271 baseFile=c25ad9ec-f3e0-47c9-a5cd-d4b29216cf4b-0_0-345-642_20260408194655385.parquet logFiles=0 partitionPath=
I0408 19:46:56.326181 93843 HudiPlanConverter.cc:161] [HudiMOR] fileGroupReaderContext: tablePath=file:/home/ubuntu/ws3/hudi-rs/tables/table5_1775677612271 latestCommitTime=20260408194655385 mergeMode=COMMIT_TIME_ORDERING
I0408 19:46:56.326207 92440 HudiPlanConverter.cc:161] [HudiMOR] fileGroupReaderContext: tablePath=file:/home/ubuntu/ws3/hudi-rs/tables/table5_1775677612271 latestCommitTime=20260408194655385 mergeMode=COMMIT_TIME_ORDERING
I0408 19:46:56.327091 93843 WholeStageResultIterator.cc:161] [HudiMOR] Building HiveHudiMORSplit path=file:/home/ubuntu/ws3/hudi-rs/tables/table5_1775677612271/c25ad9ec-f3e0-47c9-a5cd-d4b29216cf4b-0_0-345-642_20260408194655385.parquet baseUri=file:/home/ubuntu/ws3/hudi-rs/tables/table5_1775677612271 baseFile=c25ad9ec-f3e0-47c9-a5cd-d4b29216cf4b-0_0-345-642_20260408194655385.parquet logFiles=0 partitionPath= hudiOptions=0 latestCommitTime=20260408194655385 mergeMode=COMMIT_TIME_ORDERING isMOR=false (CoW)
I0408 19:46:56.327092 92440 WholeStageResultIterator.cc:161] [HudiMOR] Building HiveHudiMORSplit path=file:/home/ubuntu/ws3/hudi-rs/tables/table5_1775677612271/4d27fa3c-7f4f-4bf0-b0c9-fbaa9774a1e1-0_0-310-571_20260408194652442.parquet baseUri=file:/home/ubuntu/ws3/hudi-rs/tables/table5_1775677612271 baseFile=4d27fa3c-7f4f-4bf0-b0c9-fbaa9774a1e1-0_0-310-571_20260408194652442.parquet logFiles=1 partitionPath= hudiOptions=0 latestCommitTime=20260408194655385 mergeMode=COMMIT_TIME_ORDERING isMOR=true
I0408 19:46:56.327116 92440 WholeStageResultIterator.cc:172] [HudiMOR]   logFile[0]=.4d27fa3c-7f4f-4bf0-b0c9-fbaa9774a1e1-0_20260408194654105.log.1_0-329-613
I0408 19:46:56.330323 92440 HudiSplitReader.cpp:81] [HudiMOR] prepareSplit: creating FileGroupReader baseUri=file:/home/ubuntu/ws3/hudi-rs/tables/table5_1775677612271 latestCommitTime=20260408194655385 mergeMode=COMMIT_TIME_ORDERING hudiOptions=0
I0408 19:46:56.330442 92440 HudiSplitReader.cpp:183] [HudiMOR] prepareSplit: creating FileGroupReader with context partitionPath= baseFileName=4d27fa3c-7f4f-4bf0-b0c9-fbaa9774a1e1-0_0-310-571_20260408194652442.parquet logFileNames=1
I0408 19:46:56.330451 92440 HudiSplitReader.cpp:188] [HudiMOR] prepareSplit: logFile[0]=.4d27fa3c-7f4f-4bf0-b0c9-fbaa9774a1e1-0_20260408194654105.log.1_0-329-613
[2026-04-08T19:46:56Z DEBUG hudi] new_file_group_reader_with_context: base_uri=file:/home/ubuntu/ws3/hudi-rs/tables/table5_1775677612271 table_path=file:/home/ubuntu/ws3/hudi-rs/tables/table5_1775677612271 partition_path= latest_commit_time=20260408194655385 start=0 length=435278 should_use_record_position=true allow_inflight_instants=false emit_delete=false sort_output=false props_count=31 base_file=4d27fa3c-7f4f-4bf0-b0c9-fbaa9774a1e1-0_0-310-571_20260408194652442.parquet log_files_count=1 has_data_schema=true has_requested_schema=true
[2026-04-08T19:46:56Z DEBUG hudi] new_file_group_reader_with_context: reader_context table_path=file:/home/ubuntu/ws3/hudi-rs/tables/table5_1775677612271 latest_commit_time=20260408194655385 base_file_format=PARQUET has_log_files=true needs_bootstrap_merge=false should_merge_use_record_position=true iterator_mode=ENGINE_RECORD merge_mode=COMMIT_TIME_ORDERING merge_strategy_id= has_instant_range=false table_config_count=30 hoodie_reader_config_count=0
[2026-04-08T19:46:56Z DEBUG hudi] new_file_group_reader_with_context: split base_file_name=4d27fa3c-7f4f-4bf0-b0c9-fbaa9774a1e1-0_0-310-571_20260408194652442.parquet log_file_names=[".4d27fa3c-7f4f-4bf0-b0c9-fbaa9774a1e1-0_20260408194654105.log.1_0-329-613"]
I0408 19:46:56.332254 92440 HudiSplitReader.cpp:194] [HudiMOR] prepareSplit: FileGroupReader created OK
I0408 19:46:56.332335 92440 HudiSplitReader.cpp:197] [HudiMOR] prepareSplit: FileSlice created OK
I0408 19:46:56.332340 92440 HudiSplitReader.cpp:199] [HudiMOR] prepareSplit: calling get_closable_iterator (hudi-rs MOR merge)...
[2026-04-08T19:46:56Z DEBUG hudi] get_closable_iterator_java_style: partition= base_file=4d27fa3c-7f4f-4bf0-b0c9-fbaa9774a1e1-0_0-310-571_20260408194652442.parquet log_files=1 latest_instant_time=20260408194655385 ordering_fields=[] merge_mode=COMMIT_TIME_ORDERING
[2026-04-08T19:46:56Z DEBUG hudi_core::file_group::reader] HoodieFileGroupReader::new partition= base_file=4d27fa3c-7f4f-4bf0-b0c9-fbaa9774a1e1-0_0-310-571_20260408194652442.parquet log_files=1 ordering_fields=[] latest_instant_time=20260408194655385 record_key_field=_hoodie_record_key
[2026-04-08T19:46:56Z DEBUG hudi_core::file_group::reader]   log_file[0]: .4d27fa3c-7f4f-4bf0-b0c9-fbaa9774a1e1-0_20260408194654105.log.1_0-329-613
[2026-04-08T19:46:56Z DEBUG hudi_core::file_group::reader] [HoodieFileGroupReader] initRecordIterators: partition= base_file=4d27fa3c-7f4f-4bf0-b0c9-fbaa9774a1e1-0_0-310-571_20260408194652442.parquet log_files=1
I0408 19:46:56.333097 93843 HiveDataSource.cpp:522] [HudiMOR-DS] next: rowsScanned=2 outputSize=2 outputType=ROW<id:INTEGER,name:VARCHAR,price:DOUBLE,ts:BIGINT> readerOutputType=ROW<id:INTEGER,name:VARCHAR,price:DOUBLE,ts:BIGINT> outputType=ROW<n0_0:INTEGER,n0_1:VARCHAR,n0_2:DOUBLE,n0_3:BIGINT>
I0408 19:46:56.333215 93843 HiveDataSource.cpp:546] [HudiMOR-DS] next: remainingFilterExprSet=NO rowVector cols=4 rows=2
[2026-04-08T19:46:56Z DEBUG hudi_core::storage] Parquet full read (non-streaming) for '4d27fa3c-7f4f-4bf0-b0c9-fbaa9774a1e1-0_0-310-571_20260408194652442.parquet': reading all 9 cols: [_hoodie_commit_time, _hoodie_commit_seqno, _hoodie_record_key, _hoodie_partition_path, _hoodie_file_name, id, name, price, ts]
I0408 19:46:56.334867 93843 HiveDataSource.cpp:522] [HudiMOR-DS] next: rowsScanned=0 outputSize=2 outputType=ROW<id:INTEGER,name:VARCHAR,price:DOUBLE,ts:BIGINT> readerOutputType=ROW<id:INTEGER,name:VARCHAR,price:DOUBLE,ts:BIGINT> outputType=ROW<n0_0:INTEGER,n0_1:VARCHAR,n0_2:DOUBLE,n0_3:BIGINT>
[2026-04-08T19:46:56Z DEBUG hudi_core::file_group::reader] [HoodieFileGroupReader] makeBaseFileIterator: 1 batches, 7 total rows
[2026-04-08T19:46:56Z DEBUG hudi_core::file_group::reader] [HoodieFileGroupReader] base file schema: ["_hoodie_commit_time", "_hoodie_commit_seqno", "_hoodie_record_key", "_hoodie_partition_path", "_hoodie_file_name", "id", "name", "price", "ts"]
[2026-04-08T19:46:56Z DEBUG hudi_core::file_group::reader] [HoodieFileGroupReader] scanning 1 log file(s) with latest_instant_time=20260408194655385
[2026-04-08T19:46:56Z DEBUG hudi_core::file_group::reader::buffer::loader] [DefaultFileGroupRecordBufferLoader] getRecordBuffer: merge_mode=COMMIT_TIME_ORDERING record_key_field=_hoodie_record_key ordering_fields=[] log_files=1 latest_instant_time=20260408194655385
I0408 19:46:56.335263 93843 Task.cpp:2413] Terminating task Gluten_Stage_353_TID_660_VTID_96 with state Finished after running for 6ms
[2026-04-08T19:46:56Z DEBUG hudi_core::file_group::reader::log_record_reader] [Pass1] forward_scan: 1 total blocks, latest_instant_time=20260408194655385, has_instant_range=true
[2026-04-08T19:46:56Z DEBUG hudi_core::file_group::reader::log_record_reader] [Pass1] block #1 passed all gates: type=AvroData instant=20260408194654105
[2026-04-08T19:46:56Z DEBUG hudi_core::file_group::reader::log_record_reader] [Pass1] complete: ordered_instants=["20260408194654105"] total_blocks=1 corrupt=0 rollbacks=0
[2026-04-08T19:46:56Z DEBUG hudi_core::file_group::reader::log_record_reader] [Pass1]   instant=20260408194654105: 1 block(s) [["AvroData"]]
[2026-04-08T19:46:56Z DEBUG hudi_core::file_group::reader::log_record_reader] [Pass2] reverse_scan: 1 instants to process (newest→oldest)
[2026-04-08T19:46:56Z DEBUG hudi_core::file_group::reader::log_record_reader] [Pass2] complete: 1 blocks in deque, valid_instants=["20260408194654105"]
[2026-04-08T19:46:56Z DEBUG hudi_core::file_group::reader::log_record_reader] Pass 1+2 complete: 1 blocks queued, 1 valid instants
[2026-04-08T19:46:56Z DEBUG hudi_core::file_group::reader::log_record_reader] [Pass3] processQueuedBlocksForInstant: 1 blocks to process (pop_back = oldest first)
[2026-04-08T19:46:56Z DEBUG hudi_core::file_group::reader::log_record_reader] [Pass3] block #1: type=AvroData instant=20260408194654105 content_empty=true has_location=true
[2026-04-08T19:46:56Z DEBUG hudi_core::file_group::log_file::log_block] [LogBlock::inflate] type=AvroData file=.4d27fa3c-7f4f-4bf0-b0c9-fbaa9774a1e1-0_20260408194654105.log.1_0-329-613 pos=892 len=358 block_len=1236
[2026-04-08T19:46:56Z DEBUG apache_avro::schema] Going to parse record schema: Name { name: "htestmergemodecommittimeordering_6_record", namespace: Some("hoodie.htestmergemodecommittimeordering_6") }
[2026-04-08T19:46:56Z DEBUG hudi_core::file_group::reader::log_record_reader] [Pass3] block #1 inflated: content_empty=false
[2026-04-08T19:46:56Z DEBUG hudi_core::file_group::reader::log_record_reader] [Pass3] DATA block #1: 1 data batches, 3 total rows
[2026-04-08T19:46:56Z DEBUG hudi_core::file_group::reader::buffer::key_based] [KeyBasedBuffer] processNextDataRecord: key=5 has_existing=false → merged (is_delete=false)
[2026-04-08T19:46:56Z DEBUG hudi_core::file_group::reader::buffer::key_based] [KeyBasedBuffer] processNextDataRecord: key=4 has_existing=false → merged (is_delete=false)
[2026-04-08T19:46:56Z DEBUG hudi_core::file_group::reader::buffer::key_based] [KeyBasedBuffer] processNextDataRecord: key=6 has_existing=false → merged (is_delete=false)
[2026-04-08T19:46:56Z DEBUG hudi_core::file_group::reader::log_record_reader] [Pass3] after processing block #1: buffer size=3
[2026-04-08T19:46:56Z INFO  hudi_core::file_group::reader::merged_log_record_reader] Number of log files scanned => 1
[2026-04-08T19:46:56Z INFO  hudi_core::file_group::reader::merged_log_record_reader] Number of entries in Map => 3
[2026-04-08T19:46:56Z DEBUG hudi_core::file_group::reader] [HoodieFileGroupReader] log scan complete: buffer_size=3 valid_instants=["20260408194654105"] stats: log_blocks=1 log_records=3 corrupt=0 rollbacks=0
[2026-04-08T19:46:56Z DEBUG hudi_core::file_group::reader] [HoodieFileGroupReader] set base file iterator (7 rows), starting merge_and_collect
[2026-04-08T19:46:56Z DEBUG hudi_core::file_group::reader::buffer::key_based] [KeyBasedBuffer] merge_and_collect: base_rows=7 log_records_in_map=3 total_log_records_processed=3
[2026-04-08T19:46:56Z DEBUG hudi_core::file_group::reader::buffer::key_based] [KeyBasedBuffer] merge_and_collect output: 7 data records, 0 deletes skipped
[2026-04-08T19:46:56Z DEBUG hudi_core::file_group::reader] [HoodieFileGroupReader] merge_and_collect complete: 7 rows, 9 columns
[2026-04-08T19:46:56Z DEBUG hudi] get_closable_iterator_java_style: merge complete, 7 rows, 9 cols
I0408 19:46:56.337677 92440 HudiSplitReader.cpp:209] [HudiMOR] prepareSplit: read_file_slice returned OK arrowStream=0x7d9cc8114da0
I0408 19:46:56.337917 92440 HudiSplitReader.cpp:224] [HudiMOR] next: calling get_next on ArrowArrayStream...
I0408 19:46:56.338001 92440 HudiSplitReader.cpp:242] [HudiMOR] next: got ArrowArray numRows=7 numCols=9
I0408 19:46:56.338099 92440 HudiSplitReader.cpp:267] [HudiMOR] next: Arrow schema (9 cols): _hoodie_commit_time, _hoodie_commit_seqno, _hoodie_record_key, _hoodie_partition_path, _hoodie_file_name, id, name, price, ts
I0408 19:46:56.338105 92440 HudiSplitReader.cpp:272] [HudiMOR] next: importing Arrow batch into Velox RowVector...
I0408 19:46:56.338359 92440 HudiSplitReader.cpp:285] [HudiMOR] next: Velox RowVector from Arrow (7 rows, 9 cols): _hoodie_commit_time:VARCHAR, _hoodie_commit_seqno:VARCHAR, _hoodie_record_key:VARCHAR, _hoodie_partition_path:VARCHAR, _hoodie_file_name:VARCHAR, id:INTEGER, name:VARCHAR, price:DOUBLE, ts:BIGINT
I0408 19:46:56.338372 92440 HudiSplitReader.cpp:298] [HudiMOR] next: readerOutputType (4 cols): id:INTEGER, name:VARCHAR, price:DOUBLE, ts:BIGINT
I0408 19:46:56.338375 92440 HudiSplitReader.cpp:309] [HudiMOR] next: projecting 9 Arrow cols -> 4 output cols
I0408 19:46:56.338402 92440 HudiSplitReader.cpp:326] [HudiMOR] next: project col id : arrow[5] -> output[0]
I0408 19:46:56.338407 92440 HudiSplitReader.cpp:326] [HudiMOR] next: project col name : arrow[6] -> output[1]
I0408 19:46:56.338409 92440 HudiSplitReader.cpp:326] [HudiMOR] next: project col price : arrow[7] -> output[2]
I0408 19:46:56.338413 92440 HudiSplitReader.cpp:326] [HudiMOR] next: project col ts : arrow[8] -> output[3]
I0408 19:46:56.338450 92440 HudiSplitReader.cpp:332] [HudiMOR] next: projected RowVector has 7 rows
I0408 19:46:56.338487 92440 HiveDataSource.cpp:522] [HudiMOR-DS] next: rowsScanned=7 outputSize=7 outputType=ROW<id:INTEGER,name:VARCHAR,price:DOUBLE,ts:BIGINT> readerOutputType=ROW<id:INTEGER,name:VARCHAR,price:DOUBLE,ts:BIGINT> outputType=ROW<n0_0:INTEGER,n0_1:VARCHAR,n0_2:DOUBLE,n0_3:BIGINT>
I0408 19:46:56.338590 92440 HiveDataSource.cpp:546] [HudiMOR-DS] next: remainingFilterExprSet=NO rowVector cols=4 rows=7
I0408 19:46:56.339111 92440 HudiSplitReader.cpp:224] [HudiMOR] next: calling get_next on ArrowArrayStream...
I0408 19:46:56.339125 92440 HudiSplitReader.cpp:238] [HudiMOR] next: end-of-stream (null release callback)
I0408 19:46:56.339128 92440 HiveDataSource.cpp:522] [HudiMOR-DS] next: rowsScanned=0 outputSize=7 outputType=ROW<id:INTEGER,name:VARCHAR,price:DOUBLE,ts:BIGINT> readerOutputType=ROW<id:INTEGER,name:VARCHAR,price:DOUBLE,ts:BIGINT> outputType=ROW<n0_0:INTEGER,n0_1:VARCHAR,n0_2:DOUBLE,n0_3:BIGINT>
I0408 19:46:56.339432 92440 Task.cpp:2413] Terminating task Gluten_Stage_353_TID_659_VTID_95 with state Finished after running for 10ms
I0408 19:46:56.353395 92440 HudiPlanConverter.cc:36] [HudiMOR] parseHudiSplitInfo: baseUri=file:/home/ubuntu/ws3/hudi-rs/tables/table5_1775677612271 baseFile=4d27fa3c-7f4f-4bf0-b0c9-fbaa9774a1e1-0_0-310-571_20260408194652442.parquet logFiles=1 partitionPath=
I0408 19:46:56.353402 93843 HudiPlanConverter.cc:36] [HudiMOR] parseHudiSplitInfo: baseUri=file:/home/ubuntu/ws3/hudi-rs/tables/table5_1775677612271 baseFile=c25ad9ec-f3e0-47c9-a5cd-d4b29216cf4b-0_0-345-642_20260408194655385.parquet logFiles=0 partitionPath=
I0408 19:46:56.353526 92440 HudiPlanConverter.cc:161] [HudiMOR] fileGroupReaderContext: tablePath=file:/home/ubuntu/ws3/hudi-rs/tables/table5_1775677612271 latestCommitTime=20260408194655385 mergeMode=COMMIT_TIME_ORDERING
I0408 19:46:56.353541 93843 HudiPlanConverter.cc:161] [HudiMOR] fileGroupReaderContext: tablePath=file:/home/ubuntu/ws3/hudi-rs/tables/table5_1775677612271 latestCommitTime=20260408194655385 mergeMode=COMMIT_TIME_ORDERING
I0408 19:46:56.354400 93843 WholeStageResultIterator.cc:161] [HudiMOR] Building HiveHudiMORSplit path=file:/home/ubuntu/ws3/hudi-rs/tables/table5_1775677612271/c25ad9ec-f3e0-47c9-a5cd-d4b29216cf4b-0_0-345-642_20260408194655385.parquet baseUri=file:/home/ubuntu/ws3/hudi-rs/tables/table5_1775677612271 baseFile=c25ad9ec-f3e0-47c9-a5cd-d4b29216cf4b-0_0-345-642_20260408194655385.parquet logFiles=0 partitionPath= hudiOptions=0 latestCommitTime=20260408194655385 mergeMode=COMMIT_TIME_ORDERING isMOR=false (CoW)
I0408 19:46:56.354400 92440 WholeStageResultIterator.cc:161] [HudiMOR] Building HiveHudiMORSplit path=file:/home/ubuntu/ws3/hudi-rs/tables/table5_1775677612271/4d27fa3c-7f4f-4bf0-b0c9-fbaa9774a1e1-0_0-310-571_20260408194652442.parquet baseUri=file:/home/ubuntu/ws3/hudi-rs/tables/table5_1775677612271 baseFile=4d27fa3c-7f4f-4bf0-b0c9-fbaa9774a1e1-0_0-310-571_20260408194652442.parquet logFiles=1 partitionPath= hudiOptions=0 latestCommitTime=20260408194655385 mergeMode=COMMIT_TIME_ORDERING isMOR=true
I0408 19:46:56.354429 92440 WholeStageResultIterator.cc:172] [HudiMOR]   logFile[0]=.4d27fa3c-7f4f-4bf0-b0c9-fbaa9774a1e1-0_20260408194654105.log.1_0-329-613
I0408 19:46:56.358058 92440 HudiSplitReader.cpp:81] [HudiMOR] prepareSplit: creating FileGroupReader baseUri=file:/home/ubuntu/ws3/hudi-rs/tables/table5_1775677612271 latestCommitTime=20260408194655385 mergeMode=COMMIT_TIME_ORDERING hudiOptions=0
I0408 19:46:56.358140 92440 HudiSplitReader.cpp:183] [HudiMOR] prepareSplit: creating FileGroupReader with context partitionPath= baseFileName=4d27fa3c-7f4f-4bf0-b0c9-fbaa9774a1e1-0_0-310-571_20260408194652442.parquet logFileNames=1
I0408 19:46:56.358147 92440 HudiSplitReader.cpp:188] [HudiMOR] prepareSplit: logFile[0]=.4d27fa3c-7f4f-4bf0-b0c9-fbaa9774a1e1-0_20260408194654105.log.1_0-329-613
[2026-04-08T19:46:56Z DEBUG hudi] new_file_group_reader_with_context: base_uri=file:/home/ubuntu/ws3/hudi-rs/tables/table5_1775677612271 table_path=file:/home/ubuntu/ws3/hudi-rs/tables/table5_1775677612271 partition_path= latest_commit_time=20260408194655385 start=0 length=435278 should_use_record_position=true allow_inflight_instants=false emit_delete=false sort_output=false props_count=31 base_file=4d27fa3c-7f4f-4bf0-b0c9-fbaa9774a1e1-0_0-310-571_20260408194652442.parquet log_files_count=1 has_data_schema=true has_requested_schema=true
[2026-04-08T19:46:56Z DEBUG hudi] new_file_group_reader_with_context: reader_context table_path=file:/home/ubuntu/ws3/hudi-rs/tables/table5_1775677612271 latest_commit_time=20260408194655385 base_file_format=PARQUET has_log_files=true needs_bootstrap_merge=false should_merge_use_record_position=true iterator_mode=ENGINE_RECORD merge_mode=COMMIT_TIME_ORDERING merge_strategy_id= has_instant_range=false table_config_count=30 hoodie_reader_config_count=0
[2026-04-08T19:46:56Z DEBUG hudi] new_file_group_reader_with_context: split base_file_name=4d27fa3c-7f4f-4bf0-b0c9-fbaa9774a1e1-0_0-310-571_20260408194652442.parquet log_file_names=[".4d27fa3c-7f4f-4bf0-b0c9-fbaa9774a1e1-0_20260408194654105.log.1_0-329-613"]
I0408 19:46:56.359442 92440 HudiSplitReader.cpp:194] [HudiMOR] prepareSplit: FileGroupReader created OK
I0408 19:46:56.359501 92440 HudiSplitReader.cpp:197] [HudiMOR] prepareSplit: FileSlice created OK
I0408 19:46:56.359508 92440 HudiSplitReader.cpp:199] [HudiMOR] prepareSplit: calling get_closable_iterator (hudi-rs MOR merge)...
[2026-04-08T19:46:56Z DEBUG hudi] get_closable_iterator_java_style: partition= base_file=4d27fa3c-7f4f-4bf0-b0c9-fbaa9774a1e1-0_0-310-571_20260408194652442.parquet log_files=1 latest_instant_time=20260408194655385 ordering_fields=[] merge_mode=COMMIT_TIME_ORDERING
[2026-04-08T19:46:56Z DEBUG hudi_core::file_group::reader] HoodieFileGroupReader::new partition= base_file=4d27fa3c-7f4f-4bf0-b0c9-fbaa9774a1e1-0_0-310-571_20260408194652442.parquet log_files=1 ordering_fields=[] latest_instant_time=20260408194655385 record_key_field=_hoodie_record_key
[2026-04-08T19:46:56Z DEBUG hudi_core::file_group::reader]   log_file[0]: .4d27fa3c-7f4f-4bf0-b0c9-fbaa9774a1e1-0_20260408194654105.log.1_0-329-613
[2026-04-08T19:46:56Z DEBUG hudi_core::file_group::reader] [HoodieFileGroupReader] initRecordIterators: partition= base_file=4d27fa3c-7f4f-4bf0-b0c9-fbaa9774a1e1-0_0-310-571_20260408194652442.parquet log_files=1
I0408 19:46:56.360301 93843 HiveDataSource.cpp:522] [HudiMOR-DS] next: rowsScanned=2 outputSize=2 outputType=ROW<id:INTEGER,name:VARCHAR,price:DOUBLE,ts:BIGINT> readerOutputType=ROW<id:INTEGER,name:VARCHAR,price:DOUBLE,ts:BIGINT> outputType=ROW<n0_0:INTEGER,n0_1:VARCHAR,n0_2:DOUBLE,n0_3:BIGINT>
I0408 19:46:56.360414 93843 HiveDataSource.cpp:546] [HudiMOR-DS] next: remainingFilterExprSet=NO rowVector cols=4 rows=2
[2026-04-08T19:46:56Z DEBUG hudi_core::storage] Parquet full read (non-streaming) for '4d27fa3c-7f4f-4bf0-b0c9-fbaa9774a1e1-0_0-310-571_20260408194652442.parquet': reading all 9 cols: [_hoodie_commit_time, _hoodie_commit_seqno, _hoodie_record_key, _hoodie_partition_path, _hoodie_file_name, id, name, price, ts]
[2026-04-08T19:46:56Z DEBUG hudi_core::file_group::reader] [HoodieFileGroupReader] makeBaseFileIterator: 1 batches, 7 total rows
[2026-04-08T19:46:56Z DEBUG hudi_core::file_group::reader] [HoodieFileGroupReader] base file schema: ["_hoodie_commit_time", "_hoodie_commit_seqno", "_hoodie_record_key", "_hoodie_partition_path", "_hoodie_file_name", "id", "name", "price", "ts"]
[2026-04-08T19:46:56Z DEBUG hudi_core::file_group::reader] [HoodieFileGroupReader] scanning 1 log file(s) with latest_instant_time=20260408194655385
[2026-04-08T19:46:56Z DEBUG hudi_core::file_group::reader::buffer::loader] [DefaultFileGroupRecordBufferLoader] getRecordBuffer: merge_mode=COMMIT_TIME_ORDERING record_key_field=_hoodie_record_key ordering_fields=[] log_files=1 latest_instant_time=20260408194655385
I0408 19:46:56.361940 93843 HiveDataSource.cpp:522] [HudiMOR-DS] next: rowsScanned=0 outputSize=2 outputType=ROW<id:INTEGER,name:VARCHAR,price:DOUBLE,ts:BIGINT> readerOutputType=ROW<id:INTEGER,name:VARCHAR,price:DOUBLE,ts:BIGINT> outputType=ROW<n0_0:INTEGER,n0_1:VARCHAR,n0_2:DOUBLE,n0_3:BIGINT>
I0408 19:46:56.362274 93843 Task.cpp:2413] Terminating task Gluten_Stage_354_TID_662_VTID_98 with state Finished after running for 6ms
[2026-04-08T19:46:56Z DEBUG hudi_core::file_group::reader::log_record_reader] [Pass1] forward_scan: 1 total blocks, latest_instant_time=20260408194655385, has_instant_range=true
[2026-04-08T19:46:56Z DEBUG hudi_core::file_group::reader::log_record_reader] [Pass1] block #1 passed all gates: type=AvroData instant=20260408194654105
[2026-04-08T19:46:56Z DEBUG hudi_core::file_group::reader::log_record_reader] [Pass1] complete: ordered_instants=["20260408194654105"] total_blocks=1 corrupt=0 rollbacks=0
[2026-04-08T19:46:56Z DEBUG hudi_core::file_group::reader::log_record_reader] [Pass1]   instant=20260408194654105: 1 block(s) [["AvroData"]]
[2026-04-08T19:46:56Z DEBUG hudi_core::file_group::reader::log_record_reader] [Pass2] reverse_scan: 1 instants to process (newest→oldest)
[2026-04-08T19:46:56Z DEBUG hudi_core::file_group::reader::log_record_reader] [Pass2] complete: 1 blocks in deque, valid_instants=["20260408194654105"]
[2026-04-08T19:46:56Z DEBUG hudi_core::file_group::reader::log_record_reader] Pass 1+2 complete: 1 blocks queued, 1 valid instants
[2026-04-08T19:46:56Z DEBUG hudi_core::file_group::reader::log_record_reader] [Pass3] processQueuedBlocksForInstant: 1 blocks to process (pop_back = oldest first)
[2026-04-08T19:46:56Z DEBUG hudi_core::file_group::reader::log_record_reader] [Pass3] block #1: type=AvroData instant=20260408194654105 content_empty=true has_location=true
[2026-04-08T19:46:56Z DEBUG hudi_core::file_group::log_file::log_block] [LogBlock::inflate] type=AvroData file=.4d27fa3c-7f4f-4bf0-b0c9-fbaa9774a1e1-0_20260408194654105.log.1_0-329-613 pos=892 len=358 block_len=1236
[2026-04-08T19:46:56Z DEBUG apache_avro::schema] Going to parse record schema: Name { name: "htestmergemodecommittimeordering_6_record", namespace: Some("hoodie.htestmergemodecommittimeordering_6") }
[2026-04-08T19:46:56Z DEBUG hudi_core::file_group::reader::log_record_reader] [Pass3] block #1 inflated: content_empty=false
[2026-04-08T19:46:56Z DEBUG hudi_core::file_group::reader::log_record_reader] [Pass3] DATA block #1: 1 data batches, 3 total rows
[2026-04-08T19:46:56Z DEBUG hudi_core::file_group::reader::buffer::key_based] [KeyBasedBuffer] processNextDataRecord: key=5 has_existing=false → merged (is_delete=false)
[2026-04-08T19:46:56Z DEBUG hudi_core::file_group::reader::buffer::key_based] [KeyBasedBuffer] processNextDataRecord: key=4 has_existing=false → merged (is_delete=false)
[2026-04-08T19:46:56Z DEBUG hudi_core::file_group::reader::buffer::key_based] [KeyBasedBuffer] processNextDataRecord: key=6 has_existing=false → merged (is_delete=false)
[2026-04-08T19:46:56Z DEBUG hudi_core::file_group::reader::log_record_reader] [Pass3] after processing block #1: buffer size=3
[2026-04-08T19:46:56Z INFO  hudi_core::file_group::reader::merged_log_record_reader] Number of log files scanned => 1
[2026-04-08T19:46:56Z INFO  hudi_core::file_group::reader::merged_log_record_reader] Number of entries in Map => 3
[2026-04-08T19:46:56Z DEBUG hudi_core::file_group::reader] [HoodieFileGroupReader] log scan complete: buffer_size=3 valid_instants=["20260408194654105"] stats: log_blocks=1 log_records=3 corrupt=0 rollbacks=0
[2026-04-08T19:46:56Z DEBUG hudi_core::file_group::reader] [HoodieFileGroupReader] set base file iterator (7 rows), starting merge_and_collect
[2026-04-08T19:46:56Z DEBUG hudi_core::file_group::reader::buffer::key_based] [KeyBasedBuffer] merge_and_collect: base_rows=7 log_records_in_map=3 total_log_records_processed=3
[2026-04-08T19:46:56Z DEBUG hudi_core::file_group::reader::buffer::key_based] [KeyBasedBuffer] merge_and_collect output: 7 data records, 0 deletes skipped
[2026-04-08T19:46:56Z DEBUG hudi_core::file_group::reader] [HoodieFileGroupReader] merge_and_collect complete: 7 rows, 9 columns
[2026-04-08T19:46:56Z DEBUG hudi] get_closable_iterator_java_style: merge complete, 7 rows, 9 cols
I0408 19:46:56.364557 92440 HudiSplitReader.cpp:209] [HudiMOR] prepareSplit: read_file_slice returned OK arrowStream=0x7d9cc84961f0
I0408 19:46:56.364768 92440 HudiSplitReader.cpp:224] [HudiMOR] next: calling get_next on ArrowArrayStream...
I0408 19:46:56.364835 92440 HudiSplitReader.cpp:242] [HudiMOR] next: got ArrowArray numRows=7 numCols=9
I0408 19:46:56.365109 92440 HudiSplitReader.cpp:267] [HudiMOR] next: Arrow schema (9 cols): _hoodie_commit_time, _hoodie_commit_seqno, _hoodie_record_key, _hoodie_partition_path, _hoodie_file_name, id, name, price, ts
I0408 19:46:56.365118 92440 HudiSplitReader.cpp:272] [HudiMOR] next: importing Arrow batch into Velox RowVector...
I0408 19:46:56.365366 92440 HudiSplitReader.cpp:285] [HudiMOR] next: Velox RowVector from Arrow (7 rows, 9 cols): _hoodie_commit_time:VARCHAR, _hoodie_commit_seqno:VARCHAR, _hoodie_record_key:VARCHAR, _hoodie_partition_path:VARCHAR, _hoodie_file_name:VARCHAR, id:INTEGER, name:VARCHAR, price:DOUBLE, ts:BIGINT
I0408 19:46:56.365379 92440 HudiSplitReader.cpp:298] [HudiMOR] next: readerOutputType (4 cols): id:INTEGER, name:VARCHAR, price:DOUBLE, ts:BIGINT
I0408 19:46:56.365382 92440 HudiSplitReader.cpp:309] [HudiMOR] next: projecting 9 Arrow cols -> 4 output cols
I0408 19:46:56.365408 92440 HudiSplitReader.cpp:326] [HudiMOR] next: project col id : arrow[5] -> output[0]
I0408 19:46:56.365413 92440 HudiSplitReader.cpp:326] [HudiMOR] next: project col name : arrow[6] -> output[1]
I0408 19:46:56.365415 92440 HudiSplitReader.cpp:326] [HudiMOR] next: project col price : arrow[7] -> output[2]
I0408 19:46:56.365418 92440 HudiSplitReader.cpp:326] [HudiMOR] next: project col ts : arrow[8] -> output[3]
I0408 19:46:56.365454 92440 HudiSplitReader.cpp:332] [HudiMOR] next: projected RowVector has 7 rows
I0408 19:46:56.365489 92440 HiveDataSource.cpp:522] [HudiMOR-DS] next: rowsScanned=7 outputSize=7 outputType=ROW<id:INTEGER,name:VARCHAR,price:DOUBLE,ts:BIGINT> readerOutputType=ROW<id:INTEGER,name:VARCHAR,price:DOUBLE,ts:BIGINT> outputType=ROW<n0_0:INTEGER,n0_1:VARCHAR,n0_2:DOUBLE,n0_3:BIGINT>
I0408 19:46:56.365587 92440 HiveDataSource.cpp:546] [HudiMOR-DS] next: remainingFilterExprSet=NO rowVector cols=4 rows=7
I0408 19:46:56.366041 92440 HudiSplitReader.cpp:224] [HudiMOR] next: calling get_next on ArrowArrayStream...
I0408 19:46:56.366052 92440 HudiSplitReader.cpp:238] [HudiMOR] next: end-of-stream (null release callback)
I0408 19:46:56.366055 92440 HiveDataSource.cpp:522] [HudiMOR-DS] next: rowsScanned=0 outputSize=7 outputType=ROW<id:INTEGER,name:VARCHAR,price:DOUBLE,ts:BIGINT> readerOutputType=ROW<id:INTEGER,name:VARCHAR,price:DOUBLE,ts:BIGINT> outputType=ROW<n0_0:INTEGER,n0_1:VARCHAR,n0_2:DOUBLE,n0_3:BIGINT>
I0408 19:46:56.366330 92440 Task.cpp:2413] Terminating task Gluten_Stage_354_TID_661_VTID_97 with state Finished after running for 10ms
I0408 19:46:56.370189 93843 VeloxHashShuffleWriter.cc:877] Calculated partition buffer size -  memLimit: 1065353216, bytesPerRow: 26, preAllocRowCnt: 4096
I0408 19:46:56.370210 93843 VeloxHashShuffleWriter.cc:1423] Actual partition buffer size - current: 0, newSize: 4096
I0408 19:46:56.370801 93843 LocalPartitionWriter.cc:633] LocalPartitionWriter stopped. Total spills: 0
I0408 19:46:56.373425 92440 VeloxHashShuffleWriter.cc:877] Calculated partition buffer size -  memLimit: 1069547520, bytesPerRow: 25, preAllocRowCnt: 4096
I0408 19:46:56.373443 92440 VeloxHashShuffleWriter.cc:1423] Actual partition buffer size - current: 0, newSize: 4096
I0408 19:46:56.373505 92440 VeloxHashShuffleWriter.cc:1423] Actual partition buffer size - current: 0, newSize: 4096
I0408 19:46:56.373528 92440 VeloxHashShuffleWriter.cc:1423] Actual partition buffer size - current: 0, newSize: 4096
I0408 19:46:56.373939 92440 LocalPartitionWriter.cc:633] LocalPartitionWriter stopped. Total spills: 0
I0408 19:46:56.413172 92440 Task.cpp:2413] Terminating task Gluten_Stage_356_TID_663_VTID_99 with state Finished after running for 6ms
fdss: /home/ubuntu/ws3/hudi-rs/tables/table6_1775677616418
45727 [ScalaTest-main-running-TestMergeModeCommitTimeOrdering] WARN  org.apache.hudi.config.HoodiePayloadConfig [] - 'hoodie.payload.ordering.field' wasn't set during Hoodie payload building due to absent key field passed.
2026-04-08 19:46:56.566:INFO:oejs.Server:ScalaTest-main-running-TestMergeModeCommitTimeOrdering: jetty-9.4.57.v20241219; built: 2025-01-08T21:24:30.412Z; git: df524e6b29271c2e09ba9aea83c18dc9db464a31; jvm 17.0.18+8-Ubuntu-122.04.1
2026-04-08 19:46:56.568:INFO:oejs.Server:ScalaTest-main-running-TestMergeModeCommitTimeOrdering: Started @45761ms
2026-04-08 19:46:56.813:INFO:oejs.Server:ScalaTest-main-running-TestMergeModeCommitTimeOrdering: jetty-9.4.57.v20241219; built: 2025-01-08T21:24:30.412Z; git: df524e6b29271c2e09ba9aea83c18dc9db464a31; jvm 17.0.18+8-Ubuntu-122.04.1
2026-04-08 19:46:56.815:INFO:oejs.Server:ScalaTest-main-running-TestMergeModeCommitTimeOrdering: Started @46007ms
46238 [ScalaTest-main-running-TestMergeModeCommitTimeOrdering] WARN  org.apache.hudi.common.table.HoodieTableConfig [] - hoodie.properties modified to: {hoodie.table.initial.version=9, hoodie.table.keygenerator.type=NON_PARTITION, hoodie.table.type=MERGE_ON_READ, hoodie.table.metadata.partitions=files, hoodie.archivelog.folder=archived, hoodie.table.create.schema={"type":"record","name":"htestmergemodecommittimeordering_7_record","namespace":"hoodie.htestmergemodecommittimeordering_7","fields":[{"name":"id","type":["null","int"],"default":null},{"name":"name","type":["null","string"],"default":null},{"name":"price","type":["null","double"],"default":null},{"name":"ts","type":["null","long"],"default":null}]}, hoodie.timeline.layout.version=2, hoodie.timeline.history.path=history, hoodie.table.checksum=834406520, hoodie.datasource.write.drop.partition.columns=false, hoodie.table.recordkey.fields=id, hoodie.table.name=htestmergemodecommittimeordering_7, hoodie.table.format=native, hoodie.timeline.path=timeline, hoodie.datasource.write.hive_style_partitioning=true, hoodie.table.metadata.partitions.inflight=, hoodie.database.name=default, hoodie.record.merge.mode=COMMIT_TIME_ORDERING, hoodie.datasource.write.partitionpath.urlencode=false, hoodie.table.version=9} (at file:/home/ubuntu/ws3/hudi-rs/tables/table6_1775677616418/.hoodie)
46479 [ScalaTest-main-running-TestMergeModeCommitTimeOrdering] WARN  org.apache.hudi.common.table.HoodieTableConfig [] - hoodie.properties modified to: {hoodie.table.initial.version=9, hoodie.table.keygenerator.type=NON_PARTITION, hoodie.table.type=MERGE_ON_READ, hoodie.table.metadata.partitions=files, hoodie.archivelog.folder=archived, hoodie.table.create.schema={"type":"record","name":"htestmergemodecommittimeordering_7_record","namespace":"hoodie.htestmergemodecommittimeordering_7","fields":[{"name":"id","type":["null","int"],"default":null},{"name":"name","type":["null","string"],"default":null},{"name":"price","type":["null","double"],"default":null},{"name":"ts","type":["null","long"],"default":null}]}, hoodie.timeline.layout.version=2, hoodie.timeline.history.path=history, hoodie.table.checksum=834406520, hoodie.datasource.write.drop.partition.columns=false, hoodie.table.recordkey.fields=id, hoodie.table.name=htestmergemodecommittimeordering_7, hoodie.table.format=native, hoodie.timeline.path=timeline, hoodie.datasource.write.hive_style_partitioning=true, hoodie.table.metadata.partitions.inflight=, hoodie.table.index.defs.path=.hoodie/.index_defs/index.json, hoodie.database.name=default, hoodie.record.merge.mode=COMMIT_TIME_ORDERING, hoodie.datasource.write.partitionpath.urlencode=false, hoodie.table.version=9} (at file:/home/ubuntu/ws3/hudi-rs/tables/table6_1775677616418/.hoodie)
46491 [ScalaTest-main-running-TestMergeModeCommitTimeOrdering] WARN  org.apache.hudi.common.table.HoodieTableConfig [] - hoodie.properties modified to: {hoodie.table.initial.version=9, hoodie.table.keygenerator.type=NON_PARTITION, hoodie.table.type=MERGE_ON_READ, hoodie.table.metadata.partitions=column_stats,files, hoodie.archivelog.folder=archived, hoodie.table.create.schema={"type":"record","name":"htestmergemodecommittimeordering_7_record","namespace":"hoodie.htestmergemodecommittimeordering_7","fields":[{"name":"id","type":["null","int"],"default":null},{"name":"name","type":["null","string"],"default":null},{"name":"price","type":["null","double"],"default":null},{"name":"ts","type":["null","long"],"default":null}]}, hoodie.timeline.layout.version=2, hoodie.timeline.history.path=history, hoodie.table.checksum=834406520, hoodie.datasource.write.drop.partition.columns=false, hoodie.table.recordkey.fields=id, hoodie.table.name=htestmergemodecommittimeordering_7, hoodie.table.format=native, hoodie.timeline.path=timeline, hoodie.datasource.write.hive_style_partitioning=true, hoodie.table.metadata.partitions.inflight=, hoodie.table.index.defs.path=.hoodie/.index_defs/index.json, hoodie.database.name=default, hoodie.record.merge.mode=COMMIT_TIME_ORDERING, hoodie.datasource.write.partitionpath.urlencode=false, hoodie.table.version=9} (at file:/home/ubuntu/ws3/hudi-rs/tables/table6_1775677616418/.hoodie)
I0408 19:46:57.436755 93843 Task.cpp:2413] Terminating task Gluten_Stage_370_TID_678_VTID_102 with state Finished after running for 6ms
I0408 19:46:57.436774 93845 Task.cpp:2413] Terminating task Gluten_Stage_370_TID_681_VTID_100 with state Finished after running for 6ms
I0408 19:46:57.436755 92625 Task.cpp:2413] Terminating task Gluten_Stage_370_TID_682_VTID_101 with state Finished after running for 6ms
I0408 19:46:57.436755 93844 Task.cpp:2413] Terminating task Gluten_Stage_370_TID_680_VTID_103 with state Finished after running for 6ms
I0408 19:46:57.436755 92440 Task.cpp:2413] Terminating task Gluten_Stage_370_TID_677_VTID_105 with state Finished after running for 5ms
I0408 19:46:57.437561 92538 Task.cpp:2413] Terminating task Gluten_Stage_370_TID_683_VTID_104 with state Finished after running for 7ms
I0408 19:46:57.438210 92626 Task.cpp:2413] Terminating task Gluten_Stage_370_TID_679_VTID_106 with state Finished after running for 5ms
46606 [Executor task launch worker for task 1.0 in stage 370.0 (TID 678)] WARN  org.apache.gluten.columnarbatch.IndicatorVectorPool [] - There are still unreleased native columnar batches during ending the task. Will close them automatically however the batches should be better released manually to minimize memory pressure.
46607 [Executor task launch worker for task 5.0 in stage 370.0 (TID 682)] WARN  org.apache.gluten.columnarbatch.IndicatorVectorPool [] - There are still unreleased native columnar batches during ending the task. Will close them automatically however the batches should be better released manually to minimize memory pressure.
46608 [Executor task launch worker for task 0.0 in stage 370.0 (TID 677)] WARN  org.apache.gluten.columnarbatch.IndicatorVectorPool [] - There are still unreleased native columnar batches during ending the task. Will close them automatically however the batches should be better released manually to minimize memory pressure.
46608 [Executor task launch worker for task 4.0 in stage 370.0 (TID 681)] WARN  org.apache.gluten.columnarbatch.IndicatorVectorPool [] - There are still unreleased native columnar batches during ending the task. Will close them automatically however the batches should be better released manually to minimize memory pressure.
46609 [Executor task launch worker for task 2.0 in stage 370.0 (TID 679)] WARN  org.apache.gluten.columnarbatch.IndicatorVectorPool [] - There are still unreleased native columnar batches during ending the task. Will close them automatically however the batches should be better released manually to minimize memory pressure.
46610 [Executor task launch worker for task 3.0 in stage 370.0 (TID 680)] WARN  org.apache.gluten.columnarbatch.IndicatorVectorPool [] - There are still unreleased native columnar batches during ending the task. Will close them automatically however the batches should be better released manually to minimize memory pressure.
46611 [Executor task launch worker for task 6.0 in stage 370.0 (TID 683)] WARN  org.apache.gluten.columnarbatch.IndicatorVectorPool [] - There are still unreleased native columnar batches during ending the task. Will close them automatically however the batches should be better released manually to minimize memory pressure.
2026-04-08 19:46:57.620:INFO:oejs.Server:ScalaTest-main-running-TestMergeModeCommitTimeOrdering: jetty-9.4.57.v20241219; built: 2025-01-08T21:24:30.412Z; git: df524e6b29271c2e09ba9aea83c18dc9db464a31; jvm 17.0.18+8-Ubuntu-122.04.1
2026-04-08 19:46:57.622:INFO:oejs.Server:ScalaTest-main-running-TestMergeModeCommitTimeOrdering: Started @46814ms
47410 [ScalaTest-main-running-TestMergeModeCommitTimeOrdering] WARN  org.apache.spark.sql.hudi.command.MergeIntoHoodieTableCommand [] - Updates without precombine can have nondeterministic behavior
47428 [ScalaTest-main-running-TestMergeModeCommitTimeOrdering] WARN  org.apache.hudi.config.HoodiePayloadConfig [] - 'hoodie.payload.ordering.field' wasn't set during Hoodie payload building due to absent key field passed.
2026-04-08 19:46:58.267:INFO:oejs.Server:ScalaTest-main-running-TestMergeModeCommitTimeOrdering: jetty-9.4.57.v20241219; built: 2025-01-08T21:24:30.412Z; git: df524e6b29271c2e09ba9aea83c18dc9db464a31; jvm 17.0.18+8-Ubuntu-122.04.1
2026-04-08 19:46:58.270:INFO:oejs.Server:ScalaTest-main-running-TestMergeModeCommitTimeOrdering: Started @47462ms
47468 [ScalaTest-main-running-TestMergeModeCommitTimeOrdering] WARN  org.apache.hudi.HoodieSparkUtils [] - createRdd executedPlan:
VeloxColumnarToRow
+- ColumnarUnion
   :- ^(78) ProjectExecTransformer [4 AS id#1436, D2 AS name#1437, 45.0 AS price#1438, 101 AS ts#1439L]
   :  +- ^(78) InputIteratorTransformer[]
   :     +- RowToVeloxColumnar
   :        +- *(1) Scan OneRowRelation[]
   :- ^(79) ProjectExecTransformer [5 AS 5#1442, E2 AS E2#1443, 55.0 AS 55.0#1444, 99 AS ts#1440L]
   :  +- ^(79) InputIteratorTransformer[]
   :     +- RowToVeloxColumnar
   :        +- *(2) Scan OneRowRelation[]
   +- ^(80) ProjectExecTransformer [6 AS 6#1445, F2 AS F2#1446, 65.0 AS 65.0#1447, 100 AS ts#1441L]
      +- ^(80) InputIteratorTransformer[]
         +- RowToVeloxColumnar
            +- *(3) Scan OneRowRelation[]

2026-04-08 19:46:58.324:INFO:oejs.Server:ScalaTest-main-running-TestMergeModeCommitTimeOrdering: jetty-9.4.57.v20241219; built: 2025-01-08T21:24:30.412Z; git: df524e6b29271c2e09ba9aea83c18dc9db464a31; jvm 17.0.18+8-Ubuntu-122.04.1
2026-04-08 19:46:58.327:INFO:oejs.Server:ScalaTest-main-running-TestMergeModeCommitTimeOrdering: Started @47519ms
I0408 19:46:58.382966 93845 Task.cpp:2413] Terminating task Gluten_Stage_391_TID_729_VTID_107 with state Finished after running for 5ms
I0408 19:46:58.385540 93844 Task.cpp:2413] Terminating task Gluten_Stage_391_TID_728_VTID_108 with state Finished after running for 6ms
I0408 19:46:58.385540 92626 Task.cpp:2413] Terminating task Gluten_Stage_391_TID_727_VTID_109 with state Finished after running for 6ms
47553 [Executor task launch worker for task 2.0 in stage 391.0 (TID 729)] WARN  org.apache.gluten.columnarbatch.IndicatorVectorPool [] - There are still unreleased native columnar batches during ending the task. Will close them automatically however the batches should be better released manually to minimize memory pressure.
47557 [Executor task launch worker for task 0.0 in stage 391.0 (TID 727)] WARN  org.apache.gluten.columnarbatch.IndicatorVectorPool [] - There are still unreleased native columnar batches during ending the task. Will close them automatically however the batches should be better released manually to minimize memory pressure.
47558 [Executor task launch worker for task 1.0 in stage 391.0 (TID 728)] WARN  org.apache.gluten.columnarbatch.IndicatorVectorPool [] - There are still unreleased native columnar batches during ending the task. Will close them automatically however the batches should be better released manually to minimize memory pressure.
I0408 19:46:58.546084 92440 Task.cpp:2413] Terminating task Gluten_Stage_394_TID_736_VTID_110 with state Finished after running for 7ms
I0408 19:46:58.548214 93844 Task.cpp:2413] Terminating task Gluten_Stage_394_TID_735_VTID_112 with state Finished after running for 7ms
I0408 19:46:58.548538 92626 Task.cpp:2413] Terminating task Gluten_Stage_394_TID_737_VTID_111 with state Finished after running for 7ms
47714 [Executor task launch worker for task 1.0 in stage 394.0 (TID 736)] WARN  org.apache.gluten.columnarbatch.IndicatorVectorPool [] - There are still unreleased native columnar batches during ending the task. Will close them automatically however the batches should be better released manually to minimize memory pressure.
47715 [Executor task launch worker for task 0.0 in stage 394.0 (TID 735)] WARN  org.apache.gluten.columnarbatch.IndicatorVectorPool [] - There are still unreleased native columnar batches during ending the task. Will close them automatically however the batches should be better released manually to minimize memory pressure.
47716 [Executor task launch worker for task 2.0 in stage 394.0 (TID 737)] WARN  org.apache.gluten.columnarbatch.IndicatorVectorPool [] - There are still unreleased native columnar batches during ending the task. Will close them automatically however the batches should be better released manually to minimize memory pressure.
2026-04-08 19:46:58.679:INFO:oejs.Server:ScalaTest-main-running-TestMergeModeCommitTimeOrdering: jetty-9.4.57.v20241219; built: 2025-01-08T21:24:30.412Z; git: df524e6b29271c2e09ba9aea83c18dc9db464a31; jvm 17.0.18+8-Ubuntu-122.04.1
2026-04-08 19:46:58.681:INFO:oejs.Server:ScalaTest-main-running-TestMergeModeCommitTimeOrdering: Started @47874ms
I0408 19:46:59.359704 93844 HudiPlanConverter.cc:36] [HudiMOR] parseHudiSplitInfo: baseUri=file:/home/ubuntu/ws3/hudi-rs/tables/table6_1775677616418 baseFile=d4799b54-6b54-455e-8eed-1c5dcdf1612a-0_0-383-710_20260408194656570.parquet logFiles=1 partitionPath=
I0408 19:46:59.359834 93844 HudiPlanConverter.cc:161] [HudiMOR] fileGroupReaderContext: tablePath=file:/home/ubuntu/ws3/hudi-rs/tables/table6_1775677616418 latestCommitTime=20260408194658272 mergeMode=COMMIT_TIME_ORDERING
I0408 19:46:59.360832 93844 WholeStageResultIterator.cc:161] [HudiMOR] Building HiveHudiMORSplit path=file:/home/ubuntu/ws3/hudi-rs/tables/table6_1775677616418/d4799b54-6b54-455e-8eed-1c5dcdf1612a-0_0-383-710_20260408194656570.parquet baseUri=file:/home/ubuntu/ws3/hudi-rs/tables/table6_1775677616418 baseFile=d4799b54-6b54-455e-8eed-1c5dcdf1612a-0_0-383-710_20260408194656570.parquet logFiles=1 partitionPath= hudiOptions=0 latestCommitTime=20260408194658272 mergeMode=COMMIT_TIME_ORDERING isMOR=true
I0408 19:46:59.360848 93844 WholeStageResultIterator.cc:172] [HudiMOR]   logFile[0]=.d4799b54-6b54-455e-8eed-1c5dcdf1612a-0_20260408194658272.log.1_0-402-752
I0408 19:46:59.364424 93844 HudiSplitReader.cpp:81] [HudiMOR] prepareSplit: creating FileGroupReader baseUri=file:/home/ubuntu/ws3/hudi-rs/tables/table6_1775677616418 latestCommitTime=20260408194658272 mergeMode=COMMIT_TIME_ORDERING hudiOptions=0
I0408 19:46:59.364522 93844 HudiSplitReader.cpp:183] [HudiMOR] prepareSplit: creating FileGroupReader with context partitionPath= baseFileName=d4799b54-6b54-455e-8eed-1c5dcdf1612a-0_0-383-710_20260408194656570.parquet logFileNames=1
I0408 19:46:59.364531 93844 HudiSplitReader.cpp:188] [HudiMOR] prepareSplit: logFile[0]=.d4799b54-6b54-455e-8eed-1c5dcdf1612a-0_20260408194658272.log.1_0-402-752
