[2026-04-08T19:46:46Z DEBUG hudi_core::file_group::reader::buffer::key_based] [KeyBasedBuffer] merge_and_collect: base_rows=7 log_records_in_map=3 total_log_records_processed=3
[2026-04-08T19:46:46Z DEBUG hudi_core::file_group::reader::buffer::key_based] [KeyBasedBuffer] merge_and_collect output: 7 data records, 0 deletes skipped
[2026-04-08T19:46:46Z DEBUG hudi_core::file_group::reader] [HoodieFileGroupReader] merge_and_collect complete: 7 rows, 9 columns
[2026-04-08T19:46:46Z DEBUG hudi] get_closable_iterator_java_style: merge complete, 7 rows, 9 cols
I0408 19:46:46.314244 92626 HudiSplitReader.cpp:209] [HudiMOR] prepareSplit: read_file_slice returned OK arrowStream=0x7d9cf82b7ee0
I0408 19:46:46.314652 92626 HudiSplitReader.cpp:224] [HudiMOR] next: calling get_next on ArrowArrayStream...
I0408 19:46:46.314713 92626 HudiSplitReader.cpp:242] [HudiMOR] next: got ArrowArray numRows=7 numCols=9
I0408 19:46:46.314849 92626 HudiSplitReader.cpp:267] [HudiMOR] next: Arrow schema (9 cols): _hoodie_commit_time, _hoodie_commit_seqno, _hoodie_record_key, _hoodie_partition_path, _hoodie_file_name, id, name, price, ts
I0408 19:46:46.314857 92626 HudiSplitReader.cpp:272] [HudiMOR] next: importing Arrow batch into Velox RowVector...
I0408 19:46:46.315168 92626 HudiSplitReader.cpp:285] [HudiMOR] next: Velox RowVector from Arrow (7 rows, 9 cols): _hoodie_commit_time:VARCHAR, _hoodie_commit_seqno:VARCHAR, _hoodie_record_key:VARCHAR, _hoodie_partition_path:VARCHAR, _hoodie_file_name:VARCHAR, id:INTEGER, name:VARCHAR, price:DOUBLE, ts:BIGINT
I0408 19:46:46.315182 92626 HudiSplitReader.cpp:298] [HudiMOR] next: readerOutputType (4 cols): id:INTEGER, name:VARCHAR, price:DOUBLE, ts:BIGINT
I0408 19:46:46.315184 92626 HudiSplitReader.cpp:309] [HudiMOR] next: projecting 9 Arrow cols -> 4 output cols
I0408 19:46:46.315214 92626 HudiSplitReader.cpp:326] [HudiMOR] next: project col id : arrow[5] -> output[0]
I0408 19:46:46.315219 92626 HudiSplitReader.cpp:326] [HudiMOR] next: project col name : arrow[6] -> output[1]
I0408 19:46:46.315222 92626 HudiSplitReader.cpp:326] [HudiMOR] next: project col price : arrow[7] -> output[2]
I0408 19:46:46.315224 92626 HudiSplitReader.cpp:326] [HudiMOR] next: project col ts : arrow[8] -> output[3]
I0408 19:46:46.315272 92626 HudiSplitReader.cpp:332] [HudiMOR] next: projected RowVector has 7 rows
I0408 19:46:46.315313 92626 HiveDataSource.cpp:522] [HudiMOR-DS] next: rowsScanned=7 outputSize=7 outputType=ROW<id:INTEGER,name:VARCHAR,price:DOUBLE,ts:BIGINT> readerOutputType=ROW<id:INTEGER,name:VARCHAR,price:DOUBLE,ts:BIGINT> outputType=ROW<n0_0:INTEGER,n0_1:VARCHAR,n0_2:DOUBLE,n0_3:BIGINT>
I0408 19:46:46.315446 92626 HiveDataSource.cpp:546] [HudiMOR-DS] next: remainingFilterExprSet=NO rowVector cols=4 rows=7
I0408 19:46:46.316203 92626 HudiSplitReader.cpp:224] [HudiMOR] next: calling get_next on ArrowArrayStream...
I0408 19:46:46.316215 92626 HudiSplitReader.cpp:238] [HudiMOR] next: end-of-stream (null release callback)
I0408 19:46:46.316217 92626 HiveDataSource.cpp:522] [HudiMOR-DS] next: rowsScanned=0 outputSize=7 outputType=ROW<id:INTEGER,name:VARCHAR,price:DOUBLE,ts:BIGINT> readerOutputType=ROW<id:INTEGER,name:VARCHAR,price:DOUBLE,ts:BIGINT> outputType=ROW<n0_0:INTEGER,n0_1:VARCHAR,n0_2:DOUBLE,n0_3:BIGINT>
I0408 19:46:46.316558 92626 Task.cpp:2413] Terminating task Gluten_Stage_187_TID_353_VTID_55 with state Finished after running for 10ms
I0408 19:46:46.324494 92626 VeloxHashShuffleWriter.cc:877] Calculated partition buffer size -  memLimit: 1069547520, bytesPerRow: 25, preAllocRowCnt: 4096
I0408 19:46:46.324515 92626 VeloxHashShuffleWriter.cc:1423] Actual partition buffer size - current: 0, newSize: 4096
I0408 19:46:46.324615 92626 VeloxHashShuffleWriter.cc:1423] Actual partition buffer size - current: 0, newSize: 4096
I0408 19:46:46.324638 92626 VeloxHashShuffleWriter.cc:1423] Actual partition buffer size - current: 0, newSize: 4096
I0408 19:46:46.324657 92626 VeloxHashShuffleWriter.cc:1423] Actual partition buffer size - current: 0, newSize: 4096
I0408 19:46:46.325155 92626 LocalPartitionWriter.cc:633] LocalPartitionWriter stopped. Total spills: 0
I0408 19:46:46.371541 92626 Task.cpp:2413] Terminating task Gluten_Stage_189_TID_354_VTID_56 with state Finished after running for 6ms
35600 [ScalaTest-main-running-TestMergeModeCommitTimeOrdering] WARN  org.apache.hudi.config.HoodiePayloadConfig [] - 'hoodie.payload.ordering.field' wasn't set during Hoodie payload building due to absent key field passed.
2026-04-08 19:46:46.440:INFO:oejs.Server:ScalaTest-main-running-TestMergeModeCommitTimeOrdering: jetty-9.4.57.v20241219; built: 2025-01-08T21:24:30.412Z; git: df524e6b29271c2e09ba9aea83c18dc9db464a31; jvm 17.0.18+8-Ubuntu-122.04.1
2026-04-08 19:46:46.442:INFO:oejs.Server:ScalaTest-main-running-TestMergeModeCommitTimeOrdering: Started @35634ms
35637 [ScalaTest-main-running-TestMergeModeCommitTimeOrdering] WARN  org.apache.hudi.HoodieSparkUtils [] - createRdd executedPlan:
VeloxColumnarToRow
+- ColumnarUnion
   :- ^(41) ProjectExecTransformer [7 AS id#640, D2 AS name#641, 45.0 AS price#642, 100 AS ts#643L]
   :  +- ^(41) InputIteratorTransformer[]
   :     +- RowToVeloxColumnar
   :        +- *(1) Scan OneRowRelation[]
   +- ^(42) ProjectExecTransformer [8 AS 8#645, E2 AS E2#646, 55.0 AS 55.0#647, 100 AS ts#644L]
      +- ^(42) InputIteratorTransformer[]
         +- RowToVeloxColumnar
            +- *(2) Scan OneRowRelation[]

2026-04-08 19:46:46.492:INFO:oejs.Server:ScalaTest-main-running-TestMergeModeCommitTimeOrdering: jetty-9.4.57.v20241219; built: 2025-01-08T21:24:30.412Z; git: df524e6b29271c2e09ba9aea83c18dc9db464a31; jvm 17.0.18+8-Ubuntu-122.04.1
2026-04-08 19:46:46.495:INFO:oejs.Server:ScalaTest-main-running-TestMergeModeCommitTimeOrdering: Started @35687ms
I0408 19:46:46.552686 92538 Task.cpp:2413] Terminating task Gluten_Stage_190_TID_356_VTID_58 with state Finished after running for 6ms
I0408 19:46:46.552686 92626 Task.cpp:2413] Terminating task Gluten_Stage_190_TID_355_VTID_57 with state Finished after running for 6ms
35723 [Executor task launch worker for task 0.0 in stage 190.0 (TID 355)] WARN  org.apache.gluten.columnarbatch.IndicatorVectorPool [] - There are still unreleased native columnar batches during ending the task. Will close them automatically however the batches should be better released manually to minimize memory pressure.
35724 [Executor task launch worker for task 1.0 in stage 190.0 (TID 356)] WARN  org.apache.gluten.columnarbatch.IndicatorVectorPool [] - There are still unreleased native columnar batches during ending the task. Will close them automatically however the batches should be better released manually to minimize memory pressure.
2026-04-08 19:46:46.714:INFO:oejs.Server:ScalaTest-main-running-TestMergeModeCommitTimeOrdering: jetty-9.4.57.v20241219; built: 2025-01-08T21:24:30.412Z; git: df524e6b29271c2e09ba9aea83c18dc9db464a31; jvm 17.0.18+8-Ubuntu-122.04.1
2026-04-08 19:46:46.716:INFO:oejs.Server:ScalaTest-main-running-TestMergeModeCommitTimeOrdering: Started @35908ms
I0408 19:46:47.552183 92626 HudiPlanConverter.cc:36] [HudiMOR] parseHudiSplitInfo: baseUri=file:/home/ubuntu/ws3/hudi-rs/tables/table3_1775677603203 baseFile=bd9ba355-4c51-4a06-8ad4-9e1ad2069106-0_0-159-293_20260408194643394.parquet logFiles=1 partitionPath=
I0408 19:46:47.552183 92538 HudiPlanConverter.cc:36] [HudiMOR] parseHudiSplitInfo: baseUri=file:/home/ubuntu/ws3/hudi-rs/tables/table3_1775677603203 baseFile=11f742fd-5501-4cf3-9fed-427f3b279d42-0_0-194-364_20260408194646445.parquet logFiles=0 partitionPath=
I0408 19:46:47.552340 92538 HudiPlanConverter.cc:161] [HudiMOR] fileGroupReaderContext: tablePath=file:/home/ubuntu/ws3/hudi-rs/tables/table3_1775677603203 latestCommitTime=20260408194646445 mergeMode=COMMIT_TIME_ORDERING
I0408 19:46:47.552392 92626 HudiPlanConverter.cc:161] [HudiMOR] fileGroupReaderContext: tablePath=file:/home/ubuntu/ws3/hudi-rs/tables/table3_1775677603203 latestCommitTime=20260408194646445 mergeMode=COMMIT_TIME_ORDERING
I0408 19:46:47.553356 92538 WholeStageResultIterator.cc:161] [HudiMOR] Building HiveHudiMORSplit path=file:/home/ubuntu/ws3/hudi-rs/tables/table3_1775677603203/11f742fd-5501-4cf3-9fed-427f3b279d42-0_0-194-364_20260408194646445.parquet baseUri=file:/home/ubuntu/ws3/hudi-rs/tables/table3_1775677603203 baseFile=11f742fd-5501-4cf3-9fed-427f3b279d42-0_0-194-364_20260408194646445.parquet logFiles=0 partitionPath= hudiOptions=0 latestCommitTime=20260408194646445 mergeMode=COMMIT_TIME_ORDERING isMOR=false (CoW)
I0408 19:46:47.553369 92626 WholeStageResultIterator.cc:161] [HudiMOR] Building HiveHudiMORSplit path=file:/home/ubuntu/ws3/hudi-rs/tables/table3_1775677603203/bd9ba355-4c51-4a06-8ad4-9e1ad2069106-0_0-159-293_20260408194643394.parquet baseUri=file:/home/ubuntu/ws3/hudi-rs/tables/table3_1775677603203 baseFile=bd9ba355-4c51-4a06-8ad4-9e1ad2069106-0_0-159-293_20260408194643394.parquet logFiles=1 partitionPath= hudiOptions=0 latestCommitTime=20260408194646445 mergeMode=COMMIT_TIME_ORDERING isMOR=true
I0408 19:46:47.553380 92626 WholeStageResultIterator.cc:172] [HudiMOR]   logFile[0]=.bd9ba355-4c51-4a06-8ad4-9e1ad2069106-0_20260408194645020.log.1_0-178-335
I0408 19:46:47.556821 92626 HudiSplitReader.cpp:81] [HudiMOR] prepareSplit: creating FileGroupReader baseUri=file:/home/ubuntu/ws3/hudi-rs/tables/table3_1775677603203 latestCommitTime=20260408194646445 mergeMode=COMMIT_TIME_ORDERING hudiOptions=0
I0408 19:46:47.556926 92626 HudiSplitReader.cpp:183] [HudiMOR] prepareSplit: creating FileGroupReader with context partitionPath= baseFileName=bd9ba355-4c51-4a06-8ad4-9e1ad2069106-0_0-159-293_20260408194643394.parquet logFileNames=1
I0408 19:46:47.556936 92626 HudiSplitReader.cpp:188] [HudiMOR] prepareSplit: logFile[0]=.bd9ba355-4c51-4a06-8ad4-9e1ad2069106-0_20260408194645020.log.1_0-178-335
[2026-04-08T19:46:47Z DEBUG hudi] new_file_group_reader_with_context: base_uri=file:/home/ubuntu/ws3/hudi-rs/tables/table3_1775677603203 table_path=file:/home/ubuntu/ws3/hudi-rs/tables/table3_1775677603203 partition_path= latest_commit_time=20260408194646445 start=0 length=434434 should_use_record_position=true allow_inflight_instants=false emit_delete=false sort_output=false props_count=30 base_file=bd9ba355-4c51-4a06-8ad4-9e1ad2069106-0_0-159-293_20260408194643394.parquet log_files_count=1 has_data_schema=true has_requested_schema=true
[2026-04-08T19:46:47Z DEBUG hudi] new_file_group_reader_with_context: reader_context table_path=file:/home/ubuntu/ws3/hudi-rs/tables/table3_1775677603203 latest_commit_time=20260408194646445 base_file_format=PARQUET has_log_files=true needs_bootstrap_merge=false should_merge_use_record_position=true iterator_mode=ENGINE_RECORD merge_mode=COMMIT_TIME_ORDERING merge_strategy_id= has_instant_range=false table_config_count=29 hoodie_reader_config_count=0
[2026-04-08T19:46:47Z DEBUG hudi] new_file_group_reader_with_context: split base_file_name=bd9ba355-4c51-4a06-8ad4-9e1ad2069106-0_0-159-293_20260408194643394.parquet log_file_names=[".bd9ba355-4c51-4a06-8ad4-9e1ad2069106-0_20260408194645020.log.1_0-178-335"]
I0408 19:46:47.558373 92626 HudiSplitReader.cpp:194] [HudiMOR] prepareSplit: FileGroupReader created OK
I0408 19:46:47.558457 92626 HudiSplitReader.cpp:197] [HudiMOR] prepareSplit: FileSlice created OK
I0408 19:46:47.558466 92626 HudiSplitReader.cpp:199] [HudiMOR] prepareSplit: calling get_closable_iterator (hudi-rs MOR merge)...
[2026-04-08T19:46:47Z DEBUG hudi] get_closable_iterator_java_style: partition= base_file=bd9ba355-4c51-4a06-8ad4-9e1ad2069106-0_0-159-293_20260408194643394.parquet log_files=1 latest_instant_time=20260408194646445 ordering_fields=[] merge_mode=COMMIT_TIME_ORDERING
[2026-04-08T19:46:47Z DEBUG hudi_core::file_group::reader] HoodieFileGroupReader::new partition= base_file=bd9ba355-4c51-4a06-8ad4-9e1ad2069106-0_0-159-293_20260408194643394.parquet log_files=1 ordering_fields=[] latest_instant_time=20260408194646445 record_key_field=_hoodie_record_key
[2026-04-08T19:46:47Z DEBUG hudi_core::file_group::reader]   log_file[0]: .bd9ba355-4c51-4a06-8ad4-9e1ad2069106-0_20260408194645020.log.1_0-178-335
[2026-04-08T19:46:47Z DEBUG hudi_core::file_group::reader] [HoodieFileGroupReader] initRecordIterators: partition= base_file=bd9ba355-4c51-4a06-8ad4-9e1ad2069106-0_0-159-293_20260408194643394.parquet log_files=1
[2026-04-08T19:46:47Z DEBUG hudi_core::storage] Parquet full read (non-streaming) for 'bd9ba355-4c51-4a06-8ad4-9e1ad2069106-0_0-159-293_20260408194643394.parquet': reading all 9 cols: [_hoodie_commit_time, _hoodie_commit_seqno, _hoodie_record_key, _hoodie_partition_path, _hoodie_file_name, id, name, price, ts]
I0408 19:46:47.559573 92538 HiveDataSource.cpp:522] [HudiMOR-DS] next: rowsScanned=2 outputSize=2 outputType=ROW<id:INTEGER,name:VARCHAR,price:DOUBLE,ts:BIGINT> readerOutputType=ROW<id:INTEGER,name:VARCHAR,price:DOUBLE,ts:BIGINT> outputType=ROW<n0_0:INTEGER,n0_1:VARCHAR,n0_2:DOUBLE,n0_3:BIGINT>
I0408 19:46:47.559728 92538 HiveDataSource.cpp:546] [HudiMOR-DS] next: remainingFilterExprSet=NO rowVector cols=4 rows=2
[2026-04-08T19:46:47Z DEBUG hudi_core::file_group::reader] [HoodieFileGroupReader] makeBaseFileIterator: 1 batches, 7 total rows
[2026-04-08T19:46:47Z DEBUG hudi_core::file_group::reader] [HoodieFileGroupReader] base file schema: ["_hoodie_commit_time", "_hoodie_commit_seqno", "_hoodie_record_key", "_hoodie_partition_path", "_hoodie_file_name", "id", "name", "price", "ts"]
[2026-04-08T19:46:47Z DEBUG hudi_core::file_group::reader] [HoodieFileGroupReader] scanning 1 log file(s) with latest_instant_time=20260408194646445
[2026-04-08T19:46:47Z DEBUG hudi_core::file_group::reader::buffer::loader] [DefaultFileGroupRecordBufferLoader] getRecordBuffer: merge_mode=COMMIT_TIME_ORDERING record_key_field=_hoodie_record_key ordering_fields=[] log_files=1 latest_instant_time=20260408194646445
[2026-04-08T19:46:47Z DEBUG hudi_core::file_group::reader::log_record_reader] [Pass1] forward_scan: 1 total blocks, latest_instant_time=20260408194646445, has_instant_range=true
[2026-04-08T19:46:47Z DEBUG hudi_core::file_group::reader::log_record_reader] [Pass1] block #1 passed all gates: type=ParquetData instant=20260408194645020
I0408 19:46:47.561405 92538 HiveDataSource.cpp:522] [HudiMOR-DS] next: rowsScanned=0 outputSize=2 outputType=ROW<id:INTEGER,name:VARCHAR,price:DOUBLE,ts:BIGINT> readerOutputType=ROW<id:INTEGER,name:VARCHAR,price:DOUBLE,ts:BIGINT> outputType=ROW<n0_0:INTEGER,n0_1:VARCHAR,n0_2:DOUBLE,n0_3:BIGINT>
[2026-04-08T19:46:47Z DEBUG hudi_core::file_group::reader::log_record_reader] [Pass1] complete: ordered_instants=["20260408194645020"] total_blocks=1 corrupt=0 rollbacks=0
[2026-04-08T19:46:47Z DEBUG hudi_core::file_group::reader::log_record_reader] [Pass1]   instant=20260408194645020: 1 block(s) [["ParquetData"]]
[2026-04-08T19:46:47Z DEBUG hudi_core::file_group::reader::log_record_reader] [Pass2] reverse_scan: 1 instants to process (newest→oldest)
[2026-04-08T19:46:47Z DEBUG hudi_core::file_group::reader::log_record_reader] [Pass2] complete: 1 blocks in deque, valid_instants=["20260408194645020"]
[2026-04-08T19:46:47Z DEBUG hudi_core::file_group::reader::log_record_reader] Pass 1+2 complete: 1 blocks queued, 1 valid instants
[2026-04-08T19:46:47Z DEBUG hudi_core::file_group::reader::log_record_reader] [Pass3] processQueuedBlocksForInstant: 1 blocks to process (pop_back = oldest first)
[2026-04-08T19:46:47Z DEBUG hudi_core::file_group::reader::log_record_reader] [Pass3] block #1: type=ParquetData instant=20260408194645020 content_empty=true has_location=true
I0408 19:46:47.561797 92538 Task.cpp:2413] Terminating task Gluten_Stage_202_TID_382_VTID_60 with state Finished after running for 6ms
[2026-04-08T19:46:47Z DEBUG hudi_core::file_group::log_file::log_block] [LogBlock::inflate] type=ParquetData file=.bd9ba355-4c51-4a06-8ad4-9e1ad2069106-0_20260408194645020.log.1_0-178-335 pos=892 len=3407 block_len=4285
[2026-04-08T19:46:47Z DEBUG hudi_core::file_group::reader::log_record_reader] [Pass3] block #1 inflated: content_empty=false
[2026-04-08T19:46:47Z DEBUG hudi_core::file_group::reader::log_record_reader] [Pass3] DATA block #1: 1 data batches, 3 total rows
[2026-04-08T19:46:47Z DEBUG hudi_core::file_group::reader::buffer::key_based] [KeyBasedBuffer] processNextDataRecord: key=4 has_existing=false → merged (is_delete=false)
[2026-04-08T19:46:47Z DEBUG hudi_core::file_group::reader::buffer::key_based] [KeyBasedBuffer] processNextDataRecord: key=5 has_existing=false → merged (is_delete=false)
[2026-04-08T19:46:47Z DEBUG hudi_core::file_group::reader::buffer::key_based] [KeyBasedBuffer] processNextDataRecord: key=6 has_existing=false → merged (is_delete=false)
[2026-04-08T19:46:47Z DEBUG hudi_core::file_group::reader::log_record_reader] [Pass3] after processing block #1: buffer size=3
[2026-04-08T19:46:47Z INFO  hudi_core::file_group::reader::merged_log_record_reader] Number of log files scanned => 1
[2026-04-08T19:46:47Z INFO  hudi_core::file_group::reader::merged_log_record_reader] Number of entries in Map => 3
[2026-04-08T19:46:47Z DEBUG hudi_core::file_group::reader] [HoodieFileGroupReader] log scan complete: buffer_size=3 valid_instants=["20260408194645020"] stats: log_blocks=1 log_records=3 corrupt=0 rollbacks=0
[2026-04-08T19:46:47Z DEBUG hudi_core::file_group::reader] [HoodieFileGroupReader] set base file iterator (7 rows), starting merge_and_collect
[2026-04-08T19:46:47Z DEBUG hudi_core::file_group::reader::buffer::key_based] [KeyBasedBuffer] merge_and_collect: base_rows=7 log_records_in_map=3 total_log_records_processed=3
[2026-04-08T19:46:47Z DEBUG hudi_core::file_group::reader::buffer::key_based] [KeyBasedBuffer] merge_and_collect output: 7 data records, 0 deletes skipped
[2026-04-08T19:46:47Z DEBUG hudi_core::file_group::reader] [HoodieFileGroupReader] merge_and_collect complete: 7 rows, 9 columns
[2026-04-08T19:46:47Z DEBUG hudi] get_closable_iterator_java_style: merge complete, 7 rows, 9 cols
I0408 19:46:47.563861 92626 HudiSplitReader.cpp:209] [HudiMOR] prepareSplit: read_file_slice returned OK arrowStream=0x7d9cf83326b0
I0408 19:46:47.564138 92626 HudiSplitReader.cpp:224] [HudiMOR] next: calling get_next on ArrowArrayStream...
I0408 19:46:47.564208 92626 HudiSplitReader.cpp:242] [HudiMOR] next: got ArrowArray numRows=7 numCols=9
I0408 19:46:47.564379 92626 HudiSplitReader.cpp:267] [HudiMOR] next: Arrow schema (9 cols): _hoodie_commit_time, _hoodie_commit_seqno, _hoodie_record_key, _hoodie_partition_path, _hoodie_file_name, id, name, price, ts
I0408 19:46:47.564388 92626 HudiSplitReader.cpp:272] [HudiMOR] next: importing Arrow batch into Velox RowVector...
I0408 19:46:47.564648 92626 HudiSplitReader.cpp:285] [HudiMOR] next: Velox RowVector from Arrow (7 rows, 9 cols): _hoodie_commit_time:VARCHAR, _hoodie_commit_seqno:VARCHAR, _hoodie_record_key:VARCHAR, _hoodie_partition_path:VARCHAR, _hoodie_file_name:VARCHAR, id:INTEGER, name:VARCHAR, price:DOUBLE, ts:BIGINT
I0408 19:46:47.564662 92626 HudiSplitReader.cpp:298] [HudiMOR] next: readerOutputType (4 cols): id:INTEGER, name:VARCHAR, price:DOUBLE, ts:BIGINT
I0408 19:46:47.564666 92626 HudiSplitReader.cpp:309] [HudiMOR] next: projecting 9 Arrow cols -> 4 output cols
I0408 19:46:47.564702 92626 HudiSplitReader.cpp:326] [HudiMOR] next: project col id : arrow[5] -> output[0]
I0408 19:46:47.564707 92626 HudiSplitReader.cpp:326] [HudiMOR] next: project col name : arrow[6] -> output[1]
I0408 19:46:47.564711 92626 HudiSplitReader.cpp:326] [HudiMOR] next: project col price : arrow[7] -> output[2]
I0408 19:46:47.564714 92626 HudiSplitReader.cpp:326] [HudiMOR] next: project col ts : arrow[8] -> output[3]
I0408 19:46:47.564759 92626 HudiSplitReader.cpp:332] [HudiMOR] next: projected RowVector has 7 rows
I0408 19:46:47.564805 92626 HiveDataSource.cpp:522] [HudiMOR-DS] next: rowsScanned=7 outputSize=7 outputType=ROW<id:INTEGER,name:VARCHAR,price:DOUBLE,ts:BIGINT> readerOutputType=ROW<id:INTEGER,name:VARCHAR,price:DOUBLE,ts:BIGINT> outputType=ROW<n0_0:INTEGER,n0_1:VARCHAR,n0_2:DOUBLE,n0_3:BIGINT>
I0408 19:46:47.564908 92626 HiveDataSource.cpp:546] [HudiMOR-DS] next: remainingFilterExprSet=NO rowVector cols=4 rows=7
I0408 19:46:47.565418 92626 HudiSplitReader.cpp:224] [HudiMOR] next: calling get_next on ArrowArrayStream...
I0408 19:46:47.565431 92626 HudiSplitReader.cpp:238] [HudiMOR] next: end-of-stream (null release callback)
I0408 19:46:47.565434 92626 HiveDataSource.cpp:522] [HudiMOR-DS] next: rowsScanned=0 outputSize=7 outputType=ROW<id:INTEGER,name:VARCHAR,price:DOUBLE,ts:BIGINT> readerOutputType=ROW<id:INTEGER,name:VARCHAR,price:DOUBLE,ts:BIGINT> outputType=ROW<n0_0:INTEGER,n0_1:VARCHAR,n0_2:DOUBLE,n0_3:BIGINT>
I0408 19:46:47.565737 92626 Task.cpp:2413] Terminating task Gluten_Stage_202_TID_381_VTID_59 with state Finished after running for 10ms
I0408 19:46:47.581682 92626 HudiPlanConverter.cc:36] [HudiMOR] parseHudiSplitInfo: baseUri=file:/home/ubuntu/ws3/hudi-rs/tables/table3_1775677603203 baseFile=bd9ba355-4c51-4a06-8ad4-9e1ad2069106-0_0-159-293_20260408194643394.parquet logFiles=1 partitionPath=
I0408 19:46:47.581836 92626 HudiPlanConverter.cc:161] [HudiMOR] fileGroupReaderContext: tablePath=file:/home/ubuntu/ws3/hudi-rs/tables/table3_1775677603203 latestCommitTime=20260408194646445 mergeMode=COMMIT_TIME_ORDERING
I0408 19:46:47.582551 92538 HudiPlanConverter.cc:36] [HudiMOR] parseHudiSplitInfo: baseUri=file:/home/ubuntu/ws3/hudi-rs/tables/table3_1775677603203 baseFile=11f742fd-5501-4cf3-9fed-427f3b279d42-0_0-194-364_20260408194646445.parquet logFiles=0 partitionPath=
I0408 19:46:47.582679 92538 HudiPlanConverter.cc:161] [HudiMOR] fileGroupReaderContext: tablePath=file:/home/ubuntu/ws3/hudi-rs/tables/table3_1775677603203 latestCommitTime=20260408194646445 mergeMode=COMMIT_TIME_ORDERING
I0408 19:46:47.582876 92626 WholeStageResultIterator.cc:161] [HudiMOR] Building HiveHudiMORSplit path=file:/home/ubuntu/ws3/hudi-rs/tables/table3_1775677603203/bd9ba355-4c51-4a06-8ad4-9e1ad2069106-0_0-159-293_20260408194643394.parquet baseUri=file:/home/ubuntu/ws3/hudi-rs/tables/table3_1775677603203 baseFile=bd9ba355-4c51-4a06-8ad4-9e1ad2069106-0_0-159-293_20260408194643394.parquet logFiles=1 partitionPath= hudiOptions=0 latestCommitTime=20260408194646445 mergeMode=COMMIT_TIME_ORDERING isMOR=true
I0408 19:46:47.582891 92626 WholeStageResultIterator.cc:172] [HudiMOR]   logFile[0]=.bd9ba355-4c51-4a06-8ad4-9e1ad2069106-0_20260408194645020.log.1_0-178-335
I0408 19:46:47.583567 92538 WholeStageResultIterator.cc:161] [HudiMOR] Building HiveHudiMORSplit path=file:/home/ubuntu/ws3/hudi-rs/tables/table3_1775677603203/11f742fd-5501-4cf3-9fed-427f3b279d42-0_0-194-364_20260408194646445.parquet baseUri=file:/home/ubuntu/ws3/hudi-rs/tables/table3_1775677603203 baseFile=11f742fd-5501-4cf3-9fed-427f3b279d42-0_0-194-364_20260408194646445.parquet logFiles=0 partitionPath= hudiOptions=0 latestCommitTime=20260408194646445 mergeMode=COMMIT_TIME_ORDERING isMOR=false (CoW)
I0408 19:46:47.586966 92626 HudiSplitReader.cpp:81] [HudiMOR] prepareSplit: creating FileGroupReader baseUri=file:/home/ubuntu/ws3/hudi-rs/tables/table3_1775677603203 latestCommitTime=20260408194646445 mergeMode=COMMIT_TIME_ORDERING hudiOptions=0
I0408 19:46:47.587105 92626 HudiSplitReader.cpp:183] [HudiMOR] prepareSplit: creating FileGroupReader with context partitionPath= baseFileName=bd9ba355-4c51-4a06-8ad4-9e1ad2069106-0_0-159-293_20260408194643394.parquet logFileNames=1
I0408 19:46:47.587114 92626 HudiSplitReader.cpp:188] [HudiMOR] prepareSplit: logFile[0]=.bd9ba355-4c51-4a06-8ad4-9e1ad2069106-0_20260408194645020.log.1_0-178-335
[2026-04-08T19:46:47Z DEBUG hudi] new_file_group_reader_with_context: base_uri=file:/home/ubuntu/ws3/hudi-rs/tables/table3_1775677603203 table_path=file:/home/ubuntu/ws3/hudi-rs/tables/table3_1775677603203 partition_path= latest_commit_time=20260408194646445 start=0 length=434434 should_use_record_position=true allow_inflight_instants=false emit_delete=false sort_output=false props_count=30 base_file=bd9ba355-4c51-4a06-8ad4-9e1ad2069106-0_0-159-293_20260408194643394.parquet log_files_count=1 has_data_schema=true has_requested_schema=true
[2026-04-08T19:46:47Z DEBUG hudi] new_file_group_reader_with_context: reader_context table_path=file:/home/ubuntu/ws3/hudi-rs/tables/table3_1775677603203 latest_commit_time=20260408194646445 base_file_format=PARQUET has_log_files=true needs_bootstrap_merge=false should_merge_use_record_position=true iterator_mode=ENGINE_RECORD merge_mode=COMMIT_TIME_ORDERING merge_strategy_id= has_instant_range=false table_config_count=29 hoodie_reader_config_count=0
[2026-04-08T19:46:47Z DEBUG hudi] new_file_group_reader_with_context: split base_file_name=bd9ba355-4c51-4a06-8ad4-9e1ad2069106-0_0-159-293_20260408194643394.parquet log_file_names=[".bd9ba355-4c51-4a06-8ad4-9e1ad2069106-0_20260408194645020.log.1_0-178-335"]
I0408 19:46:47.588507 92626 HudiSplitReader.cpp:194] [HudiMOR] prepareSplit: FileGroupReader created OK
I0408 19:46:47.588580 92626 HudiSplitReader.cpp:197] [HudiMOR] prepareSplit: FileSlice created OK
I0408 19:46:47.588587 92626 HudiSplitReader.cpp:199] [HudiMOR] prepareSplit: calling get_closable_iterator (hudi-rs MOR merge)...
[2026-04-08T19:46:47Z DEBUG hudi] get_closable_iterator_java_style: partition= base_file=bd9ba355-4c51-4a06-8ad4-9e1ad2069106-0_0-159-293_20260408194643394.parquet log_files=1 latest_instant_time=20260408194646445 ordering_fields=[] merge_mode=COMMIT_TIME_ORDERING
[2026-04-08T19:46:47Z DEBUG hudi_core::file_group::reader] HoodieFileGroupReader::new partition= base_file=bd9ba355-4c51-4a06-8ad4-9e1ad2069106-0_0-159-293_20260408194643394.parquet log_files=1 ordering_fields=[] latest_instant_time=20260408194646445 record_key_field=_hoodie_record_key
[2026-04-08T19:46:47Z DEBUG hudi_core::file_group::reader]   log_file[0]: .bd9ba355-4c51-4a06-8ad4-9e1ad2069106-0_20260408194645020.log.1_0-178-335
[2026-04-08T19:46:47Z DEBUG hudi_core::file_group::reader] [HoodieFileGroupReader] initRecordIterators: partition= base_file=bd9ba355-4c51-4a06-8ad4-9e1ad2069106-0_0-159-293_20260408194643394.parquet log_files=1
[2026-04-08T19:46:47Z DEBUG hudi_core::storage] Parquet full read (non-streaming) for 'bd9ba355-4c51-4a06-8ad4-9e1ad2069106-0_0-159-293_20260408194643394.parquet': reading all 9 cols: [_hoodie_commit_time, _hoodie_commit_seqno, _hoodie_record_key, _hoodie_partition_path, _hoodie_file_name, id, name, price, ts]
[2026-04-08T19:46:47Z DEBUG hudi_core::file_group::reader] [HoodieFileGroupReader] makeBaseFileIterator: 1 batches, 7 total rows
I0408 19:46:47.590803 92538 HiveDataSource.cpp:522] [HudiMOR-DS] next: rowsScanned=2 outputSize=2 outputType=ROW<id:INTEGER,name:VARCHAR,price:DOUBLE,ts:BIGINT> readerOutputType=ROW<id:INTEGER,name:VARCHAR,price:DOUBLE,ts:BIGINT> outputType=ROW<n0_0:INTEGER,n0_1:VARCHAR,n0_2:DOUBLE,n0_3:BIGINT>
I0408 19:46:47.591018 92538 HiveDataSource.cpp:546] [HudiMOR-DS] next: remainingFilterExprSet=NO rowVector cols=4 rows=2
[2026-04-08T19:46:47Z DEBUG hudi_core::file_group::reader] [HoodieFileGroupReader] base file schema: ["_hoodie_commit_time", "_hoodie_commit_seqno", "_hoodie_record_key", "_hoodie_partition_path", "_hoodie_file_name", "id", "name", "price", "ts"]
[2026-04-08T19:46:47Z DEBUG hudi_core::file_group::reader] [HoodieFileGroupReader] scanning 1 log file(s) with latest_instant_time=20260408194646445
[2026-04-08T19:46:47Z DEBUG hudi_core::file_group::reader::buffer::loader] [DefaultFileGroupRecordBufferLoader] getRecordBuffer: merge_mode=COMMIT_TIME_ORDERING record_key_field=_hoodie_record_key ordering_fields=[] log_files=1 latest_instant_time=20260408194646445
[2026-04-08T19:46:47Z DEBUG hudi_core::file_group::reader::log_record_reader] [Pass1] forward_scan: 1 total blocks, latest_instant_time=20260408194646445, has_instant_range=true
[2026-04-08T19:46:47Z DEBUG hudi_core::file_group::reader::log_record_reader] [Pass1] block #1 passed all gates: type=ParquetData instant=20260408194645020
[2026-04-08T19:46:47Z DEBUG hudi_core::file_group::reader::log_record_reader] [Pass1] complete: ordered_instants=["20260408194645020"] total_blocks=1 corrupt=0 rollbacks=0
[2026-04-08T19:46:47Z DEBUG hudi_core::file_group::reader::log_record_reader] [Pass1]   instant=20260408194645020: 1 block(s) [["ParquetData"]]
[2026-04-08T19:46:47Z DEBUG hudi_core::file_group::reader::log_record_reader] [Pass2] reverse_scan: 1 instants to process (newest→oldest)
[2026-04-08T19:46:47Z DEBUG hudi_core::file_group::reader::log_record_reader] [Pass2] complete: 1 blocks in deque, valid_instants=["20260408194645020"]
[2026-04-08T19:46:47Z DEBUG hudi_core::file_group::reader::log_record_reader] Pass 1+2 complete: 1 blocks queued, 1 valid instants
[2026-04-08T19:46:47Z DEBUG hudi_core::file_group::reader::log_record_reader] [Pass3] processQueuedBlocksForInstant: 1 blocks to process (pop_back = oldest first)
[2026-04-08T19:46:47Z DEBUG hudi_core::file_group::reader::log_record_reader] [Pass3] block #1: type=ParquetData instant=20260408194645020 content_empty=true has_location=true
[2026-04-08T19:46:47Z DEBUG hudi_core::file_group::log_file::log_block] [LogBlock::inflate] type=ParquetData file=.bd9ba355-4c51-4a06-8ad4-9e1ad2069106-0_20260408194645020.log.1_0-178-335 pos=892 len=3407 block_len=4285
I0408 19:46:47.592948 92538 HiveDataSource.cpp:522] [HudiMOR-DS] next: rowsScanned=0 outputSize=2 outputType=ROW<id:INTEGER,name:VARCHAR,price:DOUBLE,ts:BIGINT> readerOutputType=ROW<id:INTEGER,name:VARCHAR,price:DOUBLE,ts:BIGINT> outputType=ROW<n0_0:INTEGER,n0_1:VARCHAR,n0_2:DOUBLE,n0_3:BIGINT>
[2026-04-08T19:46:47Z DEBUG hudi_core::file_group::reader::log_record_reader] [Pass3] block #1 inflated: content_empty=false
[2026-04-08T19:46:47Z DEBUG hudi_core::file_group::reader::log_record_reader] [Pass3] DATA block #1: 1 data batches, 3 total rows
[2026-04-08T19:46:47Z DEBUG hudi_core::file_group::reader::buffer::key_based] [KeyBasedBuffer] processNextDataRecord: key=4 has_existing=false → merged (is_delete=false)
[2026-04-08T19:46:47Z DEBUG hudi_core::file_group::reader::buffer::key_based] [KeyBasedBuffer] processNextDataRecord: key=5 has_existing=false → merged (is_delete=false)
[2026-04-08T19:46:47Z DEBUG hudi_core::file_group::reader::buffer::key_based] [KeyBasedBuffer] processNextDataRecord: key=6 has_existing=false → merged (is_delete=false)
[2026-04-08T19:46:47Z DEBUG hudi_core::file_group::reader::log_record_reader] [Pass3] after processing block #1: buffer size=3
[2026-04-08T19:46:47Z INFO  hudi_core::file_group::reader::merged_log_record_reader] Number of log files scanned => 1
I0408 19:46:47.593464 92538 Task.cpp:2413] Terminating task Gluten_Stage_203_TID_384_VTID_62 with state Finished after running for 7ms
[2026-04-08T19:46:47Z INFO  hudi_core::file_group::reader::merged_log_record_reader] Number of entries in Map => 3
[2026-04-08T19:46:47Z DEBUG hudi_core::file_group::reader] [HoodieFileGroupReader] log scan complete: buffer_size=3 valid_instants=["20260408194645020"] stats: log_blocks=1 log_records=3 corrupt=0 rollbacks=0
[2026-04-08T19:46:47Z DEBUG hudi_core::file_group::reader] [HoodieFileGroupReader] set base file iterator (7 rows), starting merge_and_collect
[2026-04-08T19:46:47Z DEBUG hudi_core::file_group::reader::buffer::key_based] [KeyBasedBuffer] merge_and_collect: base_rows=7 log_records_in_map=3 total_log_records_processed=3
[2026-04-08T19:46:47Z DEBUG hudi_core::file_group::reader::buffer::key_based] [KeyBasedBuffer] merge_and_collect output: 7 data records, 0 deletes skipped
[2026-04-08T19:46:47Z DEBUG hudi_core::file_group::reader] [HoodieFileGroupReader] merge_and_collect complete: 7 rows, 9 columns
[2026-04-08T19:46:47Z DEBUG hudi] get_closable_iterator_java_style: merge complete, 7 rows, 9 cols
I0408 19:46:47.593958 92626 HudiSplitReader.cpp:209] [HudiMOR] prepareSplit: read_file_slice returned OK arrowStream=0x7d9cf83de8d0
I0408 19:46:47.594210 92626 HudiSplitReader.cpp:224] [HudiMOR] next: calling get_next on ArrowArrayStream...
I0408 19:46:47.594285 92626 HudiSplitReader.cpp:242] [HudiMOR] next: got ArrowArray numRows=7 numCols=9
I0408 19:46:47.594424 92626 HudiSplitReader.cpp:267] [HudiMOR] next: Arrow schema (9 cols): _hoodie_commit_time, _hoodie_commit_seqno, _hoodie_record_key, _hoodie_partition_path, _hoodie_file_name, id, name, price, ts
I0408 19:46:47.594434 92626 HudiSplitReader.cpp:272] [HudiMOR] next: importing Arrow batch into Velox RowVector...
I0408 19:46:47.594702 92626 HudiSplitReader.cpp:285] [HudiMOR] next: Velox RowVector from Arrow (7 rows, 9 cols): _hoodie_commit_time:VARCHAR, _hoodie_commit_seqno:VARCHAR, _hoodie_record_key:VARCHAR, _hoodie_partition_path:VARCHAR, _hoodie_file_name:VARCHAR, id:INTEGER, name:VARCHAR, price:DOUBLE, ts:BIGINT
I0408 19:46:47.594717 92626 HudiSplitReader.cpp:298] [HudiMOR] next: readerOutputType (4 cols): id:INTEGER, name:VARCHAR, price:DOUBLE, ts:BIGINT
I0408 19:46:47.594720 92626 HudiSplitReader.cpp:309] [HudiMOR] next: projecting 9 Arrow cols -> 4 output cols
I0408 19:46:47.594755 92626 HudiSplitReader.cpp:326] [HudiMOR] next: project col id : arrow[5] -> output[0]
I0408 19:46:47.594761 92626 HudiSplitReader.cpp:326] [HudiMOR] next: project col name : arrow[6] -> output[1]
I0408 19:46:47.594765 92626 HudiSplitReader.cpp:326] [HudiMOR] next: project col price : arrow[7] -> output[2]
I0408 19:46:47.594769 92626 HudiSplitReader.cpp:326] [HudiMOR] next: project col ts : arrow[8] -> output[3]
I0408 19:46:47.594817 92626 HudiSplitReader.cpp:332] [HudiMOR] next: projected RowVector has 7 rows
I0408 19:46:47.594868 92626 HiveDataSource.cpp:522] [HudiMOR-DS] next: rowsScanned=7 outputSize=7 outputType=ROW<id:INTEGER,name:VARCHAR,price:DOUBLE,ts:BIGINT> readerOutputType=ROW<id:INTEGER,name:VARCHAR,price:DOUBLE,ts:BIGINT> outputType=ROW<n0_0:INTEGER,n0_1:VARCHAR,n0_2:DOUBLE,n0_3:BIGINT>
I0408 19:46:47.595027 92626 HiveDataSource.cpp:546] [HudiMOR-DS] next: remainingFilterExprSet=NO rowVector cols=4 rows=7
I0408 19:46:47.595542 92626 HudiSplitReader.cpp:224] [HudiMOR] next: calling get_next on ArrowArrayStream...
I0408 19:46:47.595556 92626 HudiSplitReader.cpp:238] [HudiMOR] next: end-of-stream (null release callback)
I0408 19:46:47.595559 92626 HiveDataSource.cpp:522] [HudiMOR-DS] next: rowsScanned=0 outputSize=7 outputType=ROW<id:INTEGER,name:VARCHAR,price:DOUBLE,ts:BIGINT> readerOutputType=ROW<id:INTEGER,name:VARCHAR,price:DOUBLE,ts:BIGINT> outputType=ROW<n0_0:INTEGER,n0_1:VARCHAR,n0_2:DOUBLE,n0_3:BIGINT>
I0408 19:46:47.595866 92626 Task.cpp:2413] Terminating task Gluten_Stage_203_TID_383_VTID_61 with state Finished after running for 10ms
I0408 19:46:47.602782 92626 VeloxHashShuffleWriter.cc:877] Calculated partition buffer size -  memLimit: 1065353216, bytesPerRow: 25, preAllocRowCnt: 4096
I0408 19:46:47.602803 92626 VeloxHashShuffleWriter.cc:1423] Actual partition buffer size - current: 0, newSize: 4096
I0408 19:46:47.602785 92538 VeloxHashShuffleWriter.cc:877] Calculated partition buffer size -  memLimit: 1065353216, bytesPerRow: 26, preAllocRowCnt: 4096
I0408 19:46:47.602824 92538 VeloxHashShuffleWriter.cc:1423] Actual partition buffer size - current: 0, newSize: 4096
I0408 19:46:47.602892 92626 VeloxHashShuffleWriter.cc:1423] Actual partition buffer size - current: 0, newSize: 4096
I0408 19:46:47.602927 92626 VeloxHashShuffleWriter.cc:1423] Actual partition buffer size - current: 0, newSize: 4096
I0408 19:46:47.603394 92626 LocalPartitionWriter.cc:633] LocalPartitionWriter stopped. Total spills: 0
I0408 19:46:47.603394 92538 LocalPartitionWriter.cc:633] LocalPartitionWriter stopped. Total spills: 0
I0408 19:46:47.646863 92626 Task.cpp:2413] Terminating task Gluten_Stage_205_TID_385_VTID_63 with state Finished after running for 5ms
- Test merge operations with COMMIT_TIME_ORDERING for mor table (tableVersion=9,setRecordMergeConfigs=false,setUpsertOperation=false)
fdss: /home/ubuntu/ws3/hudi-rs/tables/table4_1775677607686
36964 [ScalaTest-main-running-TestMergeModeCommitTimeOrdering] WARN  org.apache.hudi.config.HoodiePayloadConfig [] - 'hoodie.payload.ordering.field' wasn't set during Hoodie payload building due to absent key field passed.
2026-04-08 19:46:47.804:INFO:oejs.Server:ScalaTest-main-running-TestMergeModeCommitTimeOrdering: jetty-9.4.57.v20241219; built: 2025-01-08T21:24:30.412Z; git: df524e6b29271c2e09ba9aea83c18dc9db464a31; jvm 17.0.18+8-Ubuntu-122.04.1
2026-04-08 19:46:47.806:INFO:oejs.Server:ScalaTest-main-running-TestMergeModeCommitTimeOrdering: Started @36998ms
36985 [ScalaTest-main-running-TestMergeModeCommitTimeOrdering] WARN  org.apache.hudi.HoodieSparkUtils [] - createRdd executedPlan:
*(1) Scan ExistingRDD[id#753,name#754,price#755,ts#756L]

2026-04-08 19:46:48.055:INFO:oejs.Server:ScalaTest-main-running-TestMergeModeCommitTimeOrdering: jetty-9.4.57.v20241219; built: 2025-01-08T21:24:30.412Z; git: df524e6b29271c2e09ba9aea83c18dc9db464a31; jvm 17.0.18+8-Ubuntu-122.04.1
2026-04-08 19:46:48.058:INFO:oejs.Server:ScalaTest-main-running-TestMergeModeCommitTimeOrdering: Started @37250ms
37482 [ScalaTest-main-running-TestMergeModeCommitTimeOrdering] WARN  org.apache.hudi.common.table.HoodieTableConfig [] - hoodie.properties modified to: {hoodie.table.initial.version=9, hoodie.table.keygenerator.type=NON_PARTITION, hoodie.table.type=MERGE_ON_READ, hoodie.table.metadata.partitions=files, hoodie.archivelog.folder=archived, hoodie.table.create.schema={"type":"record","name":"htestmergemodecommittimeordering_5_record","namespace":"hoodie.htestmergemodecommittimeordering_5","fields":[{"name":"id","type":["null","int"],"default":null},{"name":"name","type":["null","string"],"default":null},{"name":"price","type":["null","double"],"default":null},{"name":"ts","type":["null","long"],"default":null}]}, hoodie.timeline.layout.version=2, hoodie.timeline.history.path=history, hoodie.table.checksum=3753011540, hoodie.datasource.write.drop.partition.columns=false, hoodie.table.recordkey.fields=id, hoodie.table.name=htestmergemodecommittimeordering_5, hoodie.table.format=native, hoodie.timeline.path=timeline, hoodie.datasource.write.hive_style_partitioning=true, hoodie.table.metadata.partitions.inflight=, hoodie.database.name=default, hoodie.record.merge.mode=COMMIT_TIME_ORDERING, hoodie.datasource.write.partitionpath.urlencode=false, hoodie.table.version=9} (at file:/home/ubuntu/ws3/hudi-rs/tables/table4_1775677607686/.hoodie)
37727 [ScalaTest-main-running-TestMergeModeCommitTimeOrdering] WARN  org.apache.hudi.common.table.HoodieTableConfig [] - hoodie.properties modified to: {hoodie.table.initial.version=9, hoodie.table.keygenerator.type=NON_PARTITION, hoodie.table.type=MERGE_ON_READ, hoodie.table.metadata.partitions=files, hoodie.archivelog.folder=archived, hoodie.table.create.schema={"type":"record","name":"htestmergemodecommittimeordering_5_record","namespace":"hoodie.htestmergemodecommittimeordering_5","fields":[{"name":"id","type":["null","int"],"default":null},{"name":"name","type":["null","string"],"default":null},{"name":"price","type":["null","double"],"default":null},{"name":"ts","type":["null","long"],"default":null}]}, hoodie.timeline.layout.version=2, hoodie.timeline.history.path=history, hoodie.table.checksum=3753011540, hoodie.datasource.write.drop.partition.columns=false, hoodie.table.recordkey.fields=id, hoodie.table.name=htestmergemodecommittimeordering_5, hoodie.table.format=native, hoodie.timeline.path=timeline, hoodie.datasource.write.hive_style_partitioning=true, hoodie.table.metadata.partitions.inflight=, hoodie.table.index.defs.path=.hoodie/.index_defs/index.json, hoodie.database.name=default, hoodie.record.merge.mode=COMMIT_TIME_ORDERING, hoodie.datasource.write.partitionpath.urlencode=false, hoodie.table.version=9} (at file:/home/ubuntu/ws3/hudi-rs/tables/table4_1775677607686/.hoodie)
37739 [ScalaTest-main-running-TestMergeModeCommitTimeOrdering] WARN  org.apache.hudi.common.table.HoodieTableConfig [] - hoodie.properties modified to: {hoodie.table.initial.version=9, hoodie.table.keygenerator.type=NON_PARTITION, hoodie.table.type=MERGE_ON_READ, hoodie.table.metadata.partitions=column_stats,files, hoodie.archivelog.folder=archived, hoodie.table.create.schema={"type":"record","name":"htestmergemodecommittimeordering_5_record","namespace":"hoodie.htestmergemodecommittimeordering_5","fields":[{"name":"id","type":["null","int"],"default":null},{"name":"name","type":["null","string"],"default":null},{"name":"price","type":["null","double"],"default":null},{"name":"ts","type":["null","long"],"default":null}]}, hoodie.timeline.layout.version=2, hoodie.timeline.history.path=history, hoodie.table.checksum=3753011540, hoodie.datasource.write.drop.partition.columns=false, hoodie.table.recordkey.fields=id, hoodie.table.name=htestmergemodecommittimeordering_5, hoodie.table.format=native, hoodie.timeline.path=timeline, hoodie.datasource.write.hive_style_partitioning=true, hoodie.table.metadata.partitions.inflight=, hoodie.table.index.defs.path=.hoodie/.index_defs/index.json, hoodie.database.name=default, hoodie.record.merge.mode=COMMIT_TIME_ORDERING, hoodie.datasource.write.partitionpath.urlencode=false, hoodie.table.version=9} (at file:/home/ubuntu/ws3/hudi-rs/tables/table4_1775677607686/.hoodie)
I0408 19:46:48.641604 92626 Task.cpp:2413] Terminating task Gluten_Stage_219_TID_400_VTID_65 with state Finished after running for 6ms
I0408 19:46:48.641604 92538 Task.cpp:2413] Terminating task Gluten_Stage_219_TID_399_VTID_64 with state Finished after running for 6ms
37811 [Executor task launch worker for task 0.0 in stage 219.0 (TID 399)] WARN  org.apache.gluten.columnarbatch.IndicatorVectorPool [] - There are still unreleased native columnar batches during ending the task. Will close them automatically however the batches should be better released manually to minimize memory pressure.
37812 [Executor task launch worker for task 1.0 in stage 219.0 (TID 400)] WARN  org.apache.gluten.columnarbatch.IndicatorVectorPool [] - There are still unreleased native columnar batches during ending the task. Will close them automatically however the batches should be better released manually to minimize memory pressure.
2026-04-08 19:46:48.825:INFO:oejs.Server:ScalaTest-main-running-TestMergeModeCommitTimeOrdering: jetty-9.4.57.v20241219; built: 2025-01-08T21:24:30.412Z; git: df524e6b29271c2e09ba9aea83c18dc9db464a31; jvm 17.0.18+8-Ubuntu-122.04.1
2026-04-08 19:46:48.828:INFO:oejs.Server:ScalaTest-main-running-TestMergeModeCommitTimeOrdering: Started @38020ms
38704 [ScalaTest-main-running-TestMergeModeCommitTimeOrdering] WARN  org.apache.hudi.config.HoodiePayloadConfig [] - 'hoodie.payload.ordering.field' wasn't set during Hoodie payload building due to absent key field passed.
2026-04-08 19:46:49.544:INFO:oejs.Server:ScalaTest-main-running-TestMergeModeCommitTimeOrdering: jetty-9.4.57.v20241219; built: 2025-01-08T21:24:30.412Z; git: df524e6b29271c2e09ba9aea83c18dc9db464a31; jvm 17.0.18+8-Ubuntu-122.04.1
2026-04-08 19:46:49.546:INFO:oejs.Server:ScalaTest-main-running-TestMergeModeCommitTimeOrdering: Started @38738ms
38725 [ScalaTest-main-running-TestMergeModeCommitTimeOrdering] WARN  org.apache.hudi.HoodieSparkUtils [] - createRdd executedPlan:
*(1) Scan ExistingRDD[id#799,name#800,price#801,ts#802L]

2026-04-08 19:46:49.574:INFO:oejs.Server:ScalaTest-main-running-TestMergeModeCommitTimeOrdering: jetty-9.4.57.v20241219; built: 2025-01-08T21:24:30.412Z; git: df524e6b29271c2e09ba9aea83c18dc9db464a31; jvm 17.0.18+8-Ubuntu-122.04.1
2026-04-08 19:46:49.576:INFO:oejs.Server:ScalaTest-main-running-TestMergeModeCommitTimeOrdering: Started @38768ms
I0408 19:46:49.636718 92538 Task.cpp:2413] Terminating task Gluten_Stage_240_TID_445_VTID_66 with state Finished after running for 5ms
I0408 19:46:49.638023 92626 Task.cpp:2413] Terminating task Gluten_Stage_240_TID_444_VTID_67 with state Finished after running for 5ms
38806 [Executor task launch worker for task 1.0 in stage 240.0 (TID 445)] WARN  org.apache.gluten.columnarbatch.IndicatorVectorPool [] - There are still unreleased native columnar batches during ending the task. Will close them automatically however the batches should be better released manually to minimize memory pressure.
38807 [Executor task launch worker for task 0.0 in stage 240.0 (TID 444)] WARN  org.apache.gluten.columnarbatch.IndicatorVectorPool [] - There are still unreleased native columnar batches during ending the task. Will close them automatically however the batches should be better released manually to minimize memory pressure.
2026-04-08 19:46:49.933:INFO:oejs.Server:ScalaTest-main-running-TestMergeModeCommitTimeOrdering: jetty-9.4.57.v20241219; built: 2025-01-08T21:24:30.412Z; git: df524e6b29271c2e09ba9aea83c18dc9db464a31; jvm 17.0.18+8-Ubuntu-122.04.1
2026-04-08 19:46:49.935:INFO:oejs.Server:ScalaTest-main-running-TestMergeModeCommitTimeOrdering: Started @39127ms
I0408 19:46:50.613612 92440 HudiPlanConverter.cc:36] [HudiMOR] parseHudiSplitInfo: baseUri=file:/home/ubuntu/ws3/hudi-rs/tables/table4_1775677607686 baseFile=72d44234-c98d-4d3a-82a5-02aa1d08d867-0_0-232-427_20260408194647807.parquet logFiles=1 partitionPath=
I0408 19:46:50.613754 92440 HudiPlanConverter.cc:161] [HudiMOR] fileGroupReaderContext: tablePath=file:/home/ubuntu/ws3/hudi-rs/tables/table4_1775677607686 latestCommitTime=20260408194649548 mergeMode=COMMIT_TIME_ORDERING
I0408 19:46:50.614815 92440 WholeStageResultIterator.cc:161] [HudiMOR] Building HiveHudiMORSplit path=file:/home/ubuntu/ws3/hudi-rs/tables/table4_1775677607686/72d44234-c98d-4d3a-82a5-02aa1d08d867-0_0-232-427_20260408194647807.parquet baseUri=file:/home/ubuntu/ws3/hudi-rs/tables/table4_1775677607686 baseFile=72d44234-c98d-4d3a-82a5-02aa1d08d867-0_0-232-427_20260408194647807.parquet logFiles=1 partitionPath= hudiOptions=0 latestCommitTime=20260408194649548 mergeMode=COMMIT_TIME_ORDERING isMOR=true
I0408 19:46:50.614832 92440 WholeStageResultIterator.cc:172] [HudiMOR]   logFile[0]=.72d44234-c98d-4d3a-82a5-02aa1d08d867-0_20260408194649548.log.1_0-254-473
I0408 19:46:50.618520 92440 HudiSplitReader.cpp:81] [HudiMOR] prepareSplit: creating FileGroupReader baseUri=file:/home/ubuntu/ws3/hudi-rs/tables/table4_1775677607686 latestCommitTime=20260408194649548 mergeMode=COMMIT_TIME_ORDERING hudiOptions=0
I0408 19:46:50.618631 92440 HudiSplitReader.cpp:183] [HudiMOR] prepareSplit: creating FileGroupReader with context partitionPath= baseFileName=72d44234-c98d-4d3a-82a5-02aa1d08d867-0_0-232-427_20260408194647807.parquet logFileNames=1
I0408 19:46:50.618650 92440 HudiSplitReader.cpp:188] [HudiMOR] prepareSplit: logFile[0]=.72d44234-c98d-4d3a-82a5-02aa1d08d867-0_20260408194649548.log.1_0-254-473
[2026-04-08T19:46:50Z DEBUG hudi] new_file_group_reader_with_context: base_uri=file:/home/ubuntu/ws3/hudi-rs/tables/table4_1775677607686 table_path=file:/home/ubuntu/ws3/hudi-rs/tables/table4_1775677607686 partition_path= latest_commit_time=20260408194649548 start=0 length=435141 should_use_record_position=true allow_inflight_instants=false emit_delete=false sort_output=false props_count=31 base_file=72d44234-c98d-4d3a-82a5-02aa1d08d867-0_0-232-427_20260408194647807.parquet log_files_count=1 has_data_schema=true has_requested_schema=true
[2026-04-08T19:46:50Z DEBUG hudi] new_file_group_reader_with_context: reader_context table_path=file:/home/ubuntu/ws3/hudi-rs/tables/table4_1775677607686 latest_commit_time=20260408194649548 base_file_format=PARQUET has_log_files=true needs_bootstrap_merge=false should_merge_use_record_position=true iterator_mode=ENGINE_RECORD merge_mode=COMMIT_TIME_ORDERING merge_strategy_id= has_instant_range=false table_config_count=30 hoodie_reader_config_count=0
[2026-04-08T19:46:50Z DEBUG hudi] new_file_group_reader_with_context: split base_file_name=72d44234-c98d-4d3a-82a5-02aa1d08d867-0_0-232-427_20260408194647807.parquet log_file_names=[".72d44234-c98d-4d3a-82a5-02aa1d08d867-0_20260408194649548.log.1_0-254-473"]
I0408 19:46:50.620141 92440 HudiSplitReader.cpp:194] [HudiMOR] prepareSplit: FileGroupReader created OK
I0408 19:46:50.620213 92440 HudiSplitReader.cpp:197] [HudiMOR] prepareSplit: FileSlice created OK
I0408 19:46:50.620222 92440 HudiSplitReader.cpp:199] [HudiMOR] prepareSplit: calling get_closable_iterator (hudi-rs MOR merge)...
[2026-04-08T19:46:50Z DEBUG hudi] get_closable_iterator_java_style: partition= base_file=72d44234-c98d-4d3a-82a5-02aa1d08d867-0_0-232-427_20260408194647807.parquet log_files=1 latest_instant_time=20260408194649548 ordering_fields=[] merge_mode=COMMIT_TIME_ORDERING
[2026-04-08T19:46:50Z DEBUG hudi_core::file_group::reader] HoodieFileGroupReader::new partition= base_file=72d44234-c98d-4d3a-82a5-02aa1d08d867-0_0-232-427_20260408194647807.parquet log_files=1 ordering_fields=[] latest_instant_time=20260408194649548 record_key_field=_hoodie_record_key
[2026-04-08T19:46:50Z DEBUG hudi_core::file_group::reader]   log_file[0]: .72d44234-c98d-4d3a-82a5-02aa1d08d867-0_20260408194649548.log.1_0-254-473
[2026-04-08T19:46:50Z DEBUG hudi_core::file_group::reader] [HoodieFileGroupReader] initRecordIterators: partition= base_file=72d44234-c98d-4d3a-82a5-02aa1d08d867-0_0-232-427_20260408194647807.parquet log_files=1
[2026-04-08T19:46:50Z DEBUG hudi_core::storage] Parquet full read (non-streaming) for '72d44234-c98d-4d3a-82a5-02aa1d08d867-0_0-232-427_20260408194647807.parquet': reading all 9 cols: [_hoodie_commit_time, _hoodie_commit_seqno, _hoodie_record_key, _hoodie_partition_path, _hoodie_file_name, id, name, price, ts]
[2026-04-08T19:46:50Z DEBUG hudi_core::file_group::reader] [HoodieFileGroupReader] makeBaseFileIterator: 1 batches, 2 total rows
[2026-04-08T19:46:50Z DEBUG hudi_core::file_group::reader] [HoodieFileGroupReader] base file schema: ["_hoodie_commit_time", "_hoodie_commit_seqno", "_hoodie_record_key", "_hoodie_partition_path", "_hoodie_file_name", "id", "name", "price", "ts"]
[2026-04-08T19:46:50Z DEBUG hudi_core::file_group::reader] [HoodieFileGroupReader] scanning 1 log file(s) with latest_instant_time=20260408194649548
