2026-04-09 18:49:11.941:INFO:oejs.Server:main: jetty-9.4.57.v20241219; built: 2025-01-08T21:24:30.412Z; git: df524e6b29271c2e09ba9aea83c18dc9db464a31; jvm 17.0.18+8-Ubuntu-122.04.1
2026-04-09 18:49:11.944:INFO:oejs.Server:main: Started @20481ms
# WARNING: Unable to get Instrumentation. Dynamic Attach failed. You may add this JAR as -javaagent manually, or supply -Djdk.attach.allowAttachSelf
# WARNING: Unable to get Instrumentation. Dynamic Attach failed. You may add this JAR as -javaagent manually, or supply -Djdk.attach.allowAttachSelf
# WARNING: Unable to get Instrumentation. Dynamic Attach failed. You may add this JAR as -javaagent manually, or supply -Djdk.attach.allowAttachSelf
# WARNING: Unable to attach Serviceability Agent. You can try again with escalated privileges. Two options: a) use -Djol.tryWithSudo=true to try with sudo; b) echo 0 | sudo tee /proc/sys/kernel/yama/ptrace_scope
# WARNING: Unable to attach Serviceability Agent. You can try again with escalated privileges. Two options: a) use -Djol.tryWithSudo=true to try with sudo; b) echo 0 | sudo tee /proc/sys/kernel/yama/ptrace_scope
# WARNING: Unable to attach Serviceability Agent. You can try again with escalated privileges. Two options: a) use -Djol.tryWithSudo=true to try with sudo; b) echo 0 | sudo tee /proc/sys/kernel/yama/ptrace_scope
I0409 18:49:14.871465 186660 HudiPlanConverter.cc:36] [HudiMOR] parseHudiSplitInfo: baseUri=/tmp/junit-7881629752952328578/dataset baseFile=dcdd5d8c-6797-4b30-b8b0-33cc731d7d08-0_1-16-26_20260409184907205.parquet logFiles=0 partitionPath=
I0409 18:49:14.871466 186828 HudiPlanConverter.cc:36] [HudiMOR] parseHudiSplitInfo: baseUri=/tmp/junit-7881629752952328578/dataset baseFile=043ae454-9fc2-420b-9fe7-9df1455440b6-0_2-16-27_20260409184907205.parquet logFiles=0 partitionPath=
I0409 18:49:14.871467 186829 HudiPlanConverter.cc:36] [HudiMOR] parseHudiSplitInfo: baseUri=/tmp/junit-7881629752952328578/dataset baseFile=9579d0d4-ab3d-49ba-bb2e-e13512875986-0_0-16-25_20260409184907205.parquet logFiles=0 partitionPath=
I0409 18:49:14.871749 186660 HudiPlanConverter.cc:161] [HudiMOR] fileGroupReaderContext: tablePath=/tmp/junit-7881629752952328578/dataset latestCommitTime=20260409184907205 mergeMode=
I0409 18:49:14.871752 186828 HudiPlanConverter.cc:161] [HudiMOR] fileGroupReaderContext: tablePath=/tmp/junit-7881629752952328578/dataset latestCommitTime=20260409184907205 mergeMode=
I0409 18:49:14.871750 186829 HudiPlanConverter.cc:161] [HudiMOR] fileGroupReaderContext: tablePath=/tmp/junit-7881629752952328578/dataset latestCommitTime=20260409184907205 mergeMode=
I0409 18:49:14.874768 186660 WholeStageResultIterator.cc:161] [HudiMOR] Building HiveHudiMORSplit path=file:/tmp/junit-7881629752952328578/dataset/2015/03/16/dcdd5d8c-6797-4b30-b8b0-33cc731d7d08-0_1-16-26_20260409184907205.parquet baseUri=/tmp/junit-7881629752952328578/dataset baseFile=dcdd5d8c-6797-4b30-b8b0-33cc731d7d08-0_1-16-26_20260409184907205.parquet logFiles=0 partitionPath= hudiOptions=0 latestCommitTime=20260409184907205 mergeMode= isMOR=false (CoW)
I0409 18:49:14.874771 186829 WholeStageResultIterator.cc:161] [HudiMOR] Building HiveHudiMORSplit path=file:/tmp/junit-7881629752952328578/dataset/2016/03/15/9579d0d4-ab3d-49ba-bb2e-e13512875986-0_0-16-25_20260409184907205.parquet baseUri=/tmp/junit-7881629752952328578/dataset baseFile=9579d0d4-ab3d-49ba-bb2e-e13512875986-0_0-16-25_20260409184907205.parquet logFiles=0 partitionPath= hudiOptions=0 latestCommitTime=20260409184907205 mergeMode= isMOR=false (CoW)
I0409 18:49:14.874768 186828 WholeStageResultIterator.cc:161] [HudiMOR] Building HiveHudiMORSplit path=file:/tmp/junit-7881629752952328578/dataset/2015/03/17/043ae454-9fc2-420b-9fe7-9df1455440b6-0_2-16-27_20260409184907205.parquet baseUri=/tmp/junit-7881629752952328578/dataset baseFile=043ae454-9fc2-420b-9fe7-9df1455440b6-0_2-16-27_20260409184907205.parquet logFiles=0 partitionPath= hudiOptions=0 latestCommitTime=20260409184907205 mergeMode= isMOR=false (CoW)
I0409 18:49:14.905654 186660 HiveDataSource.cpp:522] [HudiMOR-DS] next: rowsScanned=33 outputSize=33 outputType=ROW<_hoodie_commit_time:VARCHAR,partition_path:VARCHAR> readerOutputType=ROW<_hoodie_commit_time:VARCHAR,partition_path:VARCHAR> outputType=ROW<n0_0:VARCHAR,n0_1:VARCHAR>
I0409 18:49:14.905654 186828 HiveDataSource.cpp:522] [HudiMOR-DS] next: rowsScanned=33 outputSize=33 outputType=ROW<_hoodie_commit_time:VARCHAR,partition_path:VARCHAR> readerOutputType=ROW<_hoodie_commit_time:VARCHAR,partition_path:VARCHAR> outputType=ROW<n0_0:VARCHAR,n0_1:VARCHAR>
I0409 18:49:14.905654 186829 HiveDataSource.cpp:522] [HudiMOR-DS] next: rowsScanned=34 outputSize=34 outputType=ROW<_hoodie_commit_time:VARCHAR,partition_path:VARCHAR> readerOutputType=ROW<_hoodie_commit_time:VARCHAR,partition_path:VARCHAR> outputType=ROW<n0_0:VARCHAR,n0_1:VARCHAR>
I0409 18:49:14.905812 186660 HiveDataSource.cpp:546] [HudiMOR-DS] next: remainingFilterExprSet=NO rowVector cols=2 rows=33
I0409 18:49:14.905813 186829 HiveDataSource.cpp:546] [HudiMOR-DS] next: remainingFilterExprSet=NO rowVector cols=2 rows=34
I0409 18:49:14.905812 186828 HiveDataSource.cpp:546] [HudiMOR-DS] next: remainingFilterExprSet=NO rowVector cols=2 rows=33
I0409 18:49:14.924706 186828 LocalPartitionWriter.cc:633] LocalPartitionWriter stopped. Total spills: 0
I0409 18:49:14.924706 186660 LocalPartitionWriter.cc:633] LocalPartitionWriter stopped. Total spills: 0
I0409 18:49:14.924706 186829 LocalPartitionWriter.cc:633] LocalPartitionWriter stopped. Total spills: 0
E0409 18:49:14.931232 186660 Exceptions.h:66] Line: /home/ubuntu/ws3/velox-internal/velox/exec/Task.cpp:2401, Function:terminate, Expression:  Cancelled, Source: RUNTIME, ErrorCode: INVALID_STATE
I0409 18:49:14.932015 186660 Task.cpp:2413] Terminating task Gluten_Stage_24_TID_51_VTID_0 with state Canceled after running for 43ms
E0409 18:49:14.936527 186828 Exceptions.h:66] Line: /home/ubuntu/ws3/velox-internal/velox/exec/Task.cpp:2401, Function:terminate, Expression:  Cancelled, Source: RUNTIME, ErrorCode: INVALID_STATE
I0409 18:49:14.936882 186828 Task.cpp:2413] Terminating task Gluten_Stage_24_TID_50_VTID_2 with state Canceled after running for 47ms
E0409 18:49:14.939266 186829 Exceptions.h:66] Line: /home/ubuntu/ws3/velox-internal/velox/exec/Task.cpp:2401, Function:terminate, Expression:  Cancelled, Source: RUNTIME, ErrorCode: INVALID_STATE
I0409 18:49:14.939687 186829 Task.cpp:2413] Terminating task Gluten_Stage_24_TID_49_VTID_1 with state Canceled after running for 50ms
I0409 18:49:15.304263 186829 HudiPlanConverter.cc:36] [HudiMOR] parseHudiSplitInfo: baseUri=/tmp/junit-7881629752952328578/dataset baseFile=9579d0d4-ab3d-49ba-bb2e-e13512875986-0_0-16-25_20260409184907205.parquet logFiles=0 partitionPath=
I0409 18:49:15.304296 186660 HudiPlanConverter.cc:36] [HudiMOR] parseHudiSplitInfo: baseUri=/tmp/junit-7881629752952328578/dataset baseFile=dcdd5d8c-6797-4b30-b8b0-33cc731d7d08-0_1-16-26_20260409184907205.parquet logFiles=0 partitionPath=
I0409 18:49:15.304371 186829 HudiPlanConverter.cc:161] [HudiMOR] fileGroupReaderContext: tablePath=/tmp/junit-7881629752952328578/dataset latestCommitTime=20260409184907205 mergeMode=
I0409 18:49:15.304384 186660 HudiPlanConverter.cc:161] [HudiMOR] fileGroupReaderContext: tablePath=/tmp/junit-7881629752952328578/dataset latestCommitTime=20260409184907205 mergeMode=
I0409 18:49:15.304807 186828 HudiPlanConverter.cc:36] [HudiMOR] parseHudiSplitInfo: baseUri=/tmp/junit-7881629752952328578/dataset baseFile=043ae454-9fc2-420b-9fe7-9df1455440b6-0_2-16-27_20260409184907205.parquet logFiles=0 partitionPath=
I0409 18:49:15.304945 186828 HudiPlanConverter.cc:161] [HudiMOR] fileGroupReaderContext: tablePath=/tmp/junit-7881629752952328578/dataset latestCommitTime=20260409184907205 mergeMode=
I0409 18:49:15.306648 186829 WholeStageResultIterator.cc:161] [HudiMOR] Building HiveHudiMORSplit path=file:/tmp/junit-7881629752952328578/dataset/2016/03/15/9579d0d4-ab3d-49ba-bb2e-e13512875986-0_0-16-25_20260409184907205.parquet baseUri=/tmp/junit-7881629752952328578/dataset baseFile=9579d0d4-ab3d-49ba-bb2e-e13512875986-0_0-16-25_20260409184907205.parquet logFiles=0 partitionPath= hudiOptions=0 latestCommitTime=20260409184907205 mergeMode= isMOR=false (CoW)
I0409 18:49:15.306658 186828 WholeStageResultIterator.cc:161] [HudiMOR] Building HiveHudiMORSplit path=file:/tmp/junit-7881629752952328578/dataset/2015/03/17/043ae454-9fc2-420b-9fe7-9df1455440b6-0_2-16-27_20260409184907205.parquet baseUri=/tmp/junit-7881629752952328578/dataset baseFile=043ae454-9fc2-420b-9fe7-9df1455440b6-0_2-16-27_20260409184907205.parquet logFiles=0 partitionPath= hudiOptions=0 latestCommitTime=20260409184907205 mergeMode= isMOR=false (CoW)
I0409 18:49:15.306649 186660 WholeStageResultIterator.cc:161] [HudiMOR] Building HiveHudiMORSplit path=file:/tmp/junit-7881629752952328578/dataset/2015/03/16/dcdd5d8c-6797-4b30-b8b0-33cc731d7d08-0_1-16-26_20260409184907205.parquet baseUri=/tmp/junit-7881629752952328578/dataset baseFile=dcdd5d8c-6797-4b30-b8b0-33cc731d7d08-0_1-16-26_20260409184907205.parquet logFiles=0 partitionPath= hudiOptions=0 latestCommitTime=20260409184907205 mergeMode= isMOR=false (CoW)
I0409 18:49:15.319587 186829 HiveDataSource.cpp:522] [HudiMOR-DS] next: rowsScanned=34 outputSize=34 outputType=ROW<partition_path:VARCHAR> readerOutputType=ROW<partition_path:VARCHAR> outputType=ROW<n0_0:VARCHAR>
I0409 18:49:15.319587 186660 HiveDataSource.cpp:522] [HudiMOR-DS] next: rowsScanned=33 outputSize=33 outputType=ROW<partition_path:VARCHAR> readerOutputType=ROW<partition_path:VARCHAR> outputType=ROW<n0_0:VARCHAR>
I0409 18:49:15.319675 186829 HiveDataSource.cpp:546] [HudiMOR-DS] next: remainingFilterExprSet=NO rowVector cols=1 rows=34
I0409 18:49:15.319684 186660 HiveDataSource.cpp:546] [HudiMOR-DS] next: remainingFilterExprSet=NO rowVector cols=1 rows=33
I0409 18:49:15.319772 186828 HiveDataSource.cpp:522] [HudiMOR-DS] next: rowsScanned=33 outputSize=33 outputType=ROW<partition_path:VARCHAR> readerOutputType=ROW<partition_path:VARCHAR> outputType=ROW<n0_0:VARCHAR>
I0409 18:49:15.319854 186828 HiveDataSource.cpp:546] [HudiMOR-DS] next: remainingFilterExprSet=NO rowVector cols=1 rows=33
I0409 18:49:15.320340 186660 HiveDataSource.cpp:522] [HudiMOR-DS] next: rowsScanned=0 outputSize=33 outputType=ROW<partition_path:VARCHAR> readerOutputType=ROW<partition_path:VARCHAR> outputType=ROW<n0_0:VARCHAR>
I0409 18:49:15.320343 186829 HiveDataSource.cpp:522] [HudiMOR-DS] next: rowsScanned=0 outputSize=34 outputType=ROW<partition_path:VARCHAR> readerOutputType=ROW<partition_path:VARCHAR> outputType=ROW<n0_0:VARCHAR>
I0409 18:49:15.320360 186828 HiveDataSource.cpp:522] [HudiMOR-DS] next: rowsScanned=0 outputSize=33 outputType=ROW<partition_path:VARCHAR> readerOutputType=ROW<partition_path:VARCHAR> outputType=ROW<n0_0:VARCHAR>
I0409 18:49:15.322340 186829 Task.cpp:2413] Terminating task Gluten_Stage_26_TID_53_VTID_3 with state Finished after running for 9ms
I0409 18:49:15.322350 186828 Task.cpp:2413] Terminating task Gluten_Stage_26_TID_54_VTID_5 with state Finished after running for 9ms
I0409 18:49:15.322340 186660 Task.cpp:2413] Terminating task Gluten_Stage_26_TID_55_VTID_4 with state Finished after running for 9ms
I0409 18:49:15.326807 186660 LocalPartitionWriter.cc:633] LocalPartitionWriter stopped. Total spills: 0
I0409 18:49:15.326807 186829 LocalPartitionWriter.cc:633] LocalPartitionWriter stopped. Total spills: 0
I0409 18:49:15.326807 186828 LocalPartitionWriter.cc:633] LocalPartitionWriter stopped. Total spills: 0
I0409 18:49:15.428043 186829 Task.cpp:2413] Terminating task Gluten_Stage_28_TID_56_VTID_6 with state Finished after running for 7ms
2026-04-09 18:49:15.535:INFO:oejs.Server:main: jetty-9.4.57.v20241219; built: 2025-01-08T21:24:30.412Z; git: df524e6b29271c2e09ba9aea83c18dc9db464a31; jvm 17.0.18+8-Ubuntu-122.04.1
2026-04-09 18:49:15.538:INFO:oejs.Server:main: Started @24075ms
2026-04-09 18:49:15.579:INFO:oejs.Server:main: jetty-9.4.57.v20241219; built: 2025-01-08T21:24:30.412Z; git: df524e6b29271c2e09ba9aea83c18dc9db464a31; jvm 17.0.18+8-Ubuntu-122.04.1
2026-04-09 18:49:15.582:INFO:oejs.Server:main: Started @24119ms
2026-04-09 18:49:16.282:INFO:oejs.Server:main: jetty-9.4.57.v20241219; built: 2025-01-08T21:24:30.412Z; git: df524e6b29271c2e09ba9aea83c18dc9db464a31; jvm 17.0.18+8-Ubuntu-122.04.1
2026-04-09 18:49:16.285:INFO:oejs.Server:main: Started @24821ms
I0409 18:49:17.331004 186828 Task.cpp:2413] Terminating task Gluten_Stage_52_TID_122_VTID_7 with state Finished after running for 3ms
I0409 18:49:17.331063 186735 Task.cpp:2413] Terminating task Gluten_Stage_52_TID_124_VTID_8 with state Finished after running for 3ms
I0409 18:49:17.353775 186829 Task.cpp:2413] Terminating task Gluten_Stage_52_TID_125_VTID_10 with state Finished after running for 10ms
I0409 18:49:17.353794 187465 Task.cpp:2413] Terminating task Gluten_Stage_52_TID_123_VTID_9 with state Finished after running for 10ms
I0409 18:49:17.442682 186829 HudiPlanConverter.cc:36] [HudiMOR] parseHudiSplitInfo: baseUri=/tmp/junit-7881629752952328578/dataset baseFile=9579d0d4-ab3d-49ba-bb2e-e13512875986-0_0-16-25_20260409184907205.parquet logFiles=1 partitionPath=2016/03/15
I0409 18:49:17.442682 186828 HudiPlanConverter.cc:36] [HudiMOR] parseHudiSplitInfo: baseUri=/tmp/junit-7881629752952328578/dataset baseFile=043ae454-9fc2-420b-9fe7-9df1455440b6-0_2-16-27_20260409184907205.parquet logFiles=1 partitionPath=2015/03/17
I0409 18:49:17.442682 187465 HudiPlanConverter.cc:36] [HudiMOR] parseHudiSplitInfo: baseUri=/tmp/junit-7881629752952328578/dataset baseFile=dcdd5d8c-6797-4b30-b8b0-33cc731d7d08-0_1-16-26_20260409184907205.parquet logFiles=1 partitionPath=2015/03/16
I0409 18:49:17.442910 186829 HudiPlanConverter.cc:161] [HudiMOR] fileGroupReaderContext: tablePath=/tmp/junit-7881629752952328578/dataset latestCommitTime=20260409184915541 mergeMode=
I0409 18:49:17.442911 187465 HudiPlanConverter.cc:161] [HudiMOR] fileGroupReaderContext: tablePath=/tmp/junit-7881629752952328578/dataset latestCommitTime=20260409184915541 mergeMode=
I0409 18:49:17.442927 186828 HudiPlanConverter.cc:161] [HudiMOR] fileGroupReaderContext: tablePath=/tmp/junit-7881629752952328578/dataset latestCommitTime=20260409184915541 mergeMode=
I0409 18:49:17.444388 186829 WholeStageResultIterator.cc:161] [HudiMOR] Building HiveHudiMORSplit path=file:/tmp/junit-7881629752952328578/dataset/2016/03/15/9579d0d4-ab3d-49ba-bb2e-e13512875986-0_0-16-25_20260409184907205.parquet baseUri=/tmp/junit-7881629752952328578/dataset baseFile=9579d0d4-ab3d-49ba-bb2e-e13512875986-0_0-16-25_20260409184907205.parquet logFiles=1 partitionPath=2016/03/15 hudiOptions=0 latestCommitTime=20260409184915541 mergeMode= isMOR=true
I0409 18:49:17.444396 186828 WholeStageResultIterator.cc:161] [HudiMOR] Building HiveHudiMORSplit path=file:/tmp/junit-7881629752952328578/dataset/2015/03/17/043ae454-9fc2-420b-9fe7-9df1455440b6-0_2-16-27_20260409184907205.parquet baseUri=/tmp/junit-7881629752952328578/dataset baseFile=043ae454-9fc2-420b-9fe7-9df1455440b6-0_2-16-27_20260409184907205.parquet logFiles=1 partitionPath=2015/03/17 hudiOptions=0 latestCommitTime=20260409184915541 mergeMode= isMOR=true
I0409 18:49:17.444388 187465 WholeStageResultIterator.cc:161] [HudiMOR] Building HiveHudiMORSplit path=file:/tmp/junit-7881629752952328578/dataset/2015/03/16/dcdd5d8c-6797-4b30-b8b0-33cc731d7d08-0_1-16-26_20260409184907205.parquet baseUri=/tmp/junit-7881629752952328578/dataset baseFile=dcdd5d8c-6797-4b30-b8b0-33cc731d7d08-0_1-16-26_20260409184907205.parquet logFiles=1 partitionPath=2015/03/16 hudiOptions=0 latestCommitTime=20260409184915541 mergeMode= isMOR=true
I0409 18:49:17.444406 186829 WholeStageResultIterator.cc:172] [HudiMOR]   logFile[0]=.9579d0d4-ab3d-49ba-bb2e-e13512875986-0_20260409184907205.log.1_0-43-94
I0409 18:49:17.444418 186828 WholeStageResultIterator.cc:172] [HudiMOR]   logFile[0]=.043ae454-9fc2-420b-9fe7-9df1455440b6-0_20260409184907205.log.1_2-43-96
I0409 18:49:17.444424 187465 WholeStageResultIterator.cc:172] [HudiMOR]   logFile[0]=.dcdd5d8c-6797-4b30-b8b0-33cc731d7d08-0_20260409184907205.log.1_1-43-95
I0409 18:49:17.451218 186829 HiveDataSource.cpp:488] [HudiMOR] Restored remainingFilter for HudiSplitReader post-scan filtering
I0409 18:49:17.451218 187465 HiveDataSource.cpp:488] [HudiMOR] Restored remainingFilter for HudiSplitReader post-scan filtering
I0409 18:49:17.451243 186829 HudiSplitReader.cpp:82] [HudiMOR] prepareSplit: creating FileGroupReader baseUri=/tmp/junit-7881629752952328578/dataset latestCommitTime=20260409184915541 mergeMode= hudiOptions=0
I0409 18:49:17.451254 187465 HudiSplitReader.cpp:82] [HudiMOR] prepareSplit: creating FileGroupReader baseUri=/tmp/junit-7881629752952328578/dataset latestCommitTime=20260409184915541 mergeMode= hudiOptions=0
I0409 18:49:17.451417 186829 HudiSplitReader.cpp:184] [HudiMOR] prepareSplit: creating FileGroupReader with context partitionPath=2016/03/15 baseFileName=9579d0d4-ab3d-49ba-bb2e-e13512875986-0_0-16-25_20260409184907205.parquet logFileNames=1
I0409 18:49:17.451432 186829 HudiSplitReader.cpp:189] [HudiMOR] prepareSplit: logFile[0]=.9579d0d4-ab3d-49ba-bb2e-e13512875986-0_20260409184907205.log.1_0-43-94
I0409 18:49:17.451421 187465 HudiSplitReader.cpp:184] [HudiMOR] prepareSplit: creating FileGroupReader with context partitionPath=2015/03/16 baseFileName=dcdd5d8c-6797-4b30-b8b0-33cc731d7d08-0_1-16-26_20260409184907205.parquet logFileNames=1
I0409 18:49:17.451444 187465 HudiSplitReader.cpp:189] [HudiMOR] prepareSplit: logFile[0]=.dcdd5d8c-6797-4b30-b8b0-33cc731d7d08-0_20260409184907205.log.1_1-43-95
I0409 18:49:17.451565 186828 HiveDataSource.cpp:488] [HudiMOR] Restored remainingFilter for HudiSplitReader post-scan filtering
I0409 18:49:17.451578 186828 HudiSplitReader.cpp:82] [HudiMOR] prepareSplit: creating FileGroupReader baseUri=/tmp/junit-7881629752952328578/dataset latestCommitTime=20260409184915541 mergeMode= hudiOptions=0
I0409 18:49:17.451692 186828 HudiSplitReader.cpp:184] [HudiMOR] prepareSplit: creating FileGroupReader with context partitionPath=2015/03/17 baseFileName=043ae454-9fc2-420b-9fe7-9df1455440b6-0_2-16-27_20260409184907205.parquet logFileNames=1
I0409 18:49:17.451699 186828 HudiSplitReader.cpp:189] [HudiMOR] prepareSplit: logFile[0]=.043ae454-9fc2-420b-9fe7-9df1455440b6-0_20260409184907205.log.1_2-43-96
[2026-04-09T18:49:17Z DEBUG hudi] new_file_group_reader_with_context: table_path=/tmp/junit-7881629752952328578/dataset partition_path=2015/03/16 latest_commit_time=20260409184915541 start=0 length=445358 should_use_record_position=true allow_inflight_instants=false emit_delete=false sort_output=false props_count=30 base_file=dcdd5d8c-6797-4b30-b8b0-33cc731d7d08-0_1-16-26_20260409184907205.parquet log_files_count=1 has_data_schema=true has_requested_schema=true
[2026-04-09T18:49:17Z DEBUG hudi] new_file_group_reader_with_context: table_path=/tmp/junit-7881629752952328578/dataset partition_path=2016/03/15 latest_commit_time=20260409184915541 start=0 length=445493 should_use_record_position=true allow_inflight_instants=false emit_delete=false sort_output=false props_count=30 base_file=9579d0d4-ab3d-49ba-bb2e-e13512875986-0_0-16-25_20260409184907205.parquet log_files_count=1 has_data_schema=true has_requested_schema=true
[2026-04-09T18:49:17Z DEBUG hudi] new_file_group_reader_with_context: table_path=/tmp/junit-7881629752952328578/dataset partition_path=2015/03/17 latest_commit_time=20260409184915541 start=0 length=445364 should_use_record_position=true allow_inflight_instants=false emit_delete=false sort_output=false props_count=30 base_file=043ae454-9fc2-420b-9fe7-9df1455440b6-0_2-16-27_20260409184907205.parquet log_files_count=1 has_data_schema=true has_requested_schema=true
[2026-04-09T18:49:17Z DEBUG hudi] new_file_group_reader_with_context: reader_context table_path=/tmp/junit-7881629752952328578/dataset latest_commit_time=20260409184915541 base_file_format=PARQUET has_log_files=true needs_bootstrap_merge=false should_merge_use_record_position=true iterator_mode=ENGINE_RECORD merge_mode= merge_strategy_id=eeb8d96f-b1e4-49fd-bbf8-28ac514178e5 has_instant_range=false table_config_count=29 hoodie_reader_config_count=0
[2026-04-09T18:49:17Z DEBUG hudi] new_file_group_reader_with_context: reader_context table_path=/tmp/junit-7881629752952328578/dataset latest_commit_time=20260409184915541 base_file_format=PARQUET has_log_files=true needs_bootstrap_merge=false should_merge_use_record_position=true iterator_mode=ENGINE_RECORD merge_mode= merge_strategy_id=eeb8d96f-b1e4-49fd-bbf8-28ac514178e5 has_instant_range=false table_config_count=29 hoodie_reader_config_count=0
[2026-04-09T18:49:17Z DEBUG hudi] new_file_group_reader_with_context: reader_context table_path=/tmp/junit-7881629752952328578/dataset latest_commit_time=20260409184915541 base_file_format=PARQUET has_log_files=true needs_bootstrap_merge=false should_merge_use_record_position=true iterator_mode=ENGINE_RECORD merge_mode= merge_strategy_id=eeb8d96f-b1e4-49fd-bbf8-28ac514178e5 has_instant_range=false table_config_count=29 hoodie_reader_config_count=0
[2026-04-09T18:49:17Z DEBUG hudi] new_file_group_reader_with_context: split base_file_name=dcdd5d8c-6797-4b30-b8b0-33cc731d7d08-0_1-16-26_20260409184907205.parquet log_file_names=[".dcdd5d8c-6797-4b30-b8b0-33cc731d7d08-0_20260409184907205.log.1_1-43-95"]
[2026-04-09T18:49:17Z DEBUG hudi] new_file_group_reader_with_context: split base_file_name=9579d0d4-ab3d-49ba-bb2e-e13512875986-0_0-16-25_20260409184907205.parquet log_file_names=[".9579d0d4-ab3d-49ba-bb2e-e13512875986-0_20260409184907205.log.1_0-43-94"]
[2026-04-09T18:49:17Z DEBUG hudi] new_file_group_reader_with_context: split base_file_name=043ae454-9fc2-420b-9fe7-9df1455440b6-0_2-16-27_20260409184907205.parquet log_file_names=[".043ae454-9fc2-420b-9fe7-9df1455440b6-0_20260409184907205.log.1_2-43-96"]
I0409 18:49:17.453068 186829 HudiSplitReader.cpp:195] [HudiMOR] prepareSplit: FileGroupReader created OK
I0409 18:49:17.453068 186828 HudiSplitReader.cpp:195] [HudiMOR] prepareSplit: FileGroupReader created OK
I0409 18:49:17.453078 186829 HudiSplitReader.cpp:197] [HudiMOR] prepareSplit: calling get_closable_iterator (hudi-rs MOR merge)...
I0409 18:49:17.453080 186828 HudiSplitReader.cpp:197] [HudiMOR] prepareSplit: calling get_closable_iterator (hudi-rs MOR merge)...
I0409 18:49:17.453068 187465 HudiSplitReader.cpp:195] [HudiMOR] prepareSplit: FileGroupReader created OK
I0409 18:49:17.453094 187465 HudiSplitReader.cpp:197] [HudiMOR] prepareSplit: calling get_closable_iterator (hudi-rs MOR merge)...
[2026-04-09T18:49:17Z DEBUG hudi] get_closable_iterator: partition=2016/03/15 base_file=Some("2016/03/15/9579d0d4-ab3d-49ba-bb2e-e13512875986-0_0-16-25_20260409184907205.parquet") log_files=1 latest_instant_time=20260409184915541 ordering_fields=["timestamp"] merge_mode=
[2026-04-09T18:49:17Z DEBUG hudi] get_closable_iterator: partition=2015/03/16 base_file=Some("2015/03/16/dcdd5d8c-6797-4b30-b8b0-33cc731d7d08-0_1-16-26_20260409184907205.parquet") log_files=1 latest_instant_time=20260409184915541 ordering_fields=["timestamp"] merge_mode=
[2026-04-09T18:49:17Z DEBUG hudi] get_closable_iterator: partition=2015/03/17 base_file=Some("2015/03/17/043ae454-9fc2-420b-9fe7-9df1455440b6-0_2-16-27_20260409184907205.parquet") log_files=1 latest_instant_time=20260409184915541 ordering_fields=["timestamp"] merge_mode=
[2026-04-09T18:49:17Z DEBUG apache_avro::validator] Going to use the default name validator.
[2026-04-09T18:49:17Z DEBUG apache_avro::validator] Going to use the default namespace validator.
[2026-04-09T18:49:17Z DEBUG apache_avro::schema] Going to parse record schema: Name { name: "hoodie_test_record", namespace: Some("hoodie.hoodie_test") }
[2026-04-09T18:49:17Z DEBUG apache_avro::schema] Going to parse record schema: Name { name: "hoodie_test_record", namespace: Some("hoodie.hoodie_test") }
[2026-04-09T18:49:17Z DEBUG apache_avro::validator] Going to use the default record field name validator.
[2026-04-09T18:49:17Z DEBUG apache_avro::schema] Going to parse record schema: Name { name: "hoodie_test_record", namespace: Some("hoodie.hoodie_test") }
[2026-04-09T18:49:17Z DEBUG apache_avro::schema] Going to parse record schema: Name { name: "fare", namespace: Some("hoodie.hoodie_test.hoodie_test_record") }
[2026-04-09T18:49:17Z DEBUG apache_avro::schema] Going to parse record schema: Name { name: "fare", namespace: Some("hoodie.hoodie_test.hoodie_test_record") }
[2026-04-09T18:49:17Z DEBUG apache_avro::schema] Going to parse record schema: Name { name: "tip_history", namespace: Some("hoodie.hoodie_test.hoodie_test_record") }
[2026-04-09T18:49:17Z DEBUG apache_avro::schema] Going to parse record schema: Name { name: "tip_history", namespace: Some("hoodie.hoodie_test.hoodie_test_record") }
[2026-04-09T18:49:17Z DEBUG apache_avro::schema] Going to parse record schema: Name { name: "fare", namespace: Some("hoodie.hoodie_test.hoodie_test_record") }
[2026-04-09T18:49:17Z DEBUG apache_avro::schema] Going to parse record schema: Name { name: "hoodie_test_record", namespace: Some("hoodie.hoodie_test") }
[2026-04-09T18:49:17Z DEBUG apache_avro::schema] Going to parse record schema: Name { name: "hoodie_test_record", namespace: Some("hoodie.hoodie_test") }
[2026-04-09T18:49:17Z DEBUG apache_avro::schema] Going to parse record schema: Name { name: "tip_history", namespace: Some("hoodie.hoodie_test.hoodie_test_record") }
[2026-04-09T18:49:17Z DEBUG apache_avro::schema] Going to parse record schema: Name { name: "fare", namespace: Some("hoodie.hoodie_test.hoodie_test_record") }
[2026-04-09T18:49:17Z DEBUG apache_avro::schema] Going to parse record schema: Name { name: "fare", namespace: Some("hoodie.hoodie_test.hoodie_test_record") }
[2026-04-09T18:49:17Z DEBUG apache_avro::schema] Going to parse record schema: Name { name: "tip_history", namespace: Some("hoodie.hoodie_test.hoodie_test_record") }
[2026-04-09T18:49:17Z DEBUG apache_avro::schema] Going to parse record schema: Name { name: "hoodie_test_record", namespace: Some("hoodie.hoodie_test") }
[2026-04-09T18:49:17Z DEBUG apache_avro::schema] Going to parse record schema: Name { name: "tip_history", namespace: Some("hoodie.hoodie_test.hoodie_test_record") }
[2026-04-09T18:49:17Z DEBUG hudi_core::file_group::reader] HoodieFileGroupReader::new partition=2016/03/15 base_file=2016/03/15/9579d0d4-ab3d-49ba-bb2e-e13512875986-0_0-16-25_20260409184907205.parquet log_files=1 ordering_fields=["timestamp"] latest_commit_time=20260409184915541 record_key_field=_hoodie_record_key
[2026-04-09T18:49:17Z DEBUG hudi_core::file_group::reader]   log_file[0]: 2016/03/15/.9579d0d4-ab3d-49ba-bb2e-e13512875986-0_20260409184907205.log.1_0-43-94
[2026-04-09T18:49:17Z DEBUG hudi_core::file_group::reader] HoodieFileGroupReader::new partition=2015/03/16 base_file=2015/03/16/dcdd5d8c-6797-4b30-b8b0-33cc731d7d08-0_1-16-26_20260409184907205.parquet log_files=1 ordering_fields=["timestamp"] latest_commit_time=20260409184915541 record_key_field=_hoodie_record_key
[2026-04-09T18:49:17Z DEBUG hudi_core::file_group::reader] [HoodieFileGroupReader] initRecordIterators: partition=2016/03/15 base_file=2016/03/15/9579d0d4-ab3d-49ba-bb2e-e13512875986-0_0-16-25_20260409184907205.parquet log_files=1
[2026-04-09T18:49:17Z DEBUG hudi_core::file_group::reader]   log_file[0]: 2015/03/16/.dcdd5d8c-6797-4b30-b8b0-33cc731d7d08-0_20260409184907205.log.1_1-43-95
[2026-04-09T18:49:17Z DEBUG hudi_core::file_group::reader] [HoodieFileGroupReader] initRecordIterators: partition=2015/03/16 base_file=2015/03/16/dcdd5d8c-6797-4b30-b8b0-33cc731d7d08-0_1-16-26_20260409184907205.parquet log_files=1
[2026-04-09T18:49:17Z DEBUG apache_avro::schema] Going to parse record schema: Name { name: "fare", namespace: Some("hoodie.hoodie_test.hoodie_test_record") }
[2026-04-09T18:49:17Z DEBUG apache_avro::schema] Going to parse record schema: Name { name: "tip_history", namespace: Some("hoodie.hoodie_test.hoodie_test_record") }
[2026-04-09T18:49:17Z DEBUG hudi_core::storage] Parquet full read (non-streaming) for '2016/03/15/9579d0d4-ab3d-49ba-bb2e-e13512875986-0_0-16-25_20260409184907205.parquet': reading all 26 cols: [_hoodie_commit_time, _hoodie_commit_seqno, _hoodie_record_key, _hoodie_partition_path, _hoodie_file_name, timestamp, _row_key, partition_path, trip_type, rider, driver, begin_lat, begin_lon, end_lat, end_lon, distance_in_meters, seconds_since_epoch, weight, nation, current_date, current_ts, height, city_to_state, fare, tip_history, _hoodie_is_deleted]
[2026-04-09T18:49:17Z DEBUG hudi_core::storage] Parquet full read (non-streaming) for '2015/03/16/dcdd5d8c-6797-4b30-b8b0-33cc731d7d08-0_1-16-26_20260409184907205.parquet': reading all 26 cols: [_hoodie_commit_time, _hoodie_commit_seqno, _hoodie_record_key, _hoodie_partition_path, _hoodie_file_name, timestamp, _row_key, partition_path, trip_type, rider, driver, begin_lat, begin_lon, end_lat, end_lon, distance_in_meters, seconds_since_epoch, weight, nation, current_date, current_ts, height, city_to_state, fare, tip_history, _hoodie_is_deleted]
[2026-04-09T18:49:17Z DEBUG hudi_core::file_group::reader] HoodieFileGroupReader::new partition=2015/03/17 base_file=2015/03/17/043ae454-9fc2-420b-9fe7-9df1455440b6-0_2-16-27_20260409184907205.parquet log_files=1 ordering_fields=["timestamp"] latest_commit_time=20260409184915541 record_key_field=_hoodie_record_key
[2026-04-09T18:49:17Z DEBUG hudi_core::file_group::reader]   log_file[0]: 2015/03/17/.043ae454-9fc2-420b-9fe7-9df1455440b6-0_20260409184907205.log.1_2-43-96
[2026-04-09T18:49:17Z DEBUG hudi_core::file_group::reader] [HoodieFileGroupReader] initRecordIterators: partition=2015/03/17 base_file=2015/03/17/043ae454-9fc2-420b-9fe7-9df1455440b6-0_2-16-27_20260409184907205.parquet log_files=1
[2026-04-09T18:49:17Z DEBUG hudi_core::storage] Parquet full read (non-streaming) for '2015/03/17/043ae454-9fc2-420b-9fe7-9df1455440b6-0_2-16-27_20260409184907205.parquet': reading all 26 cols: [_hoodie_commit_time, _hoodie_commit_seqno, _hoodie_record_key, _hoodie_partition_path, _hoodie_file_name, timestamp, _row_key, partition_path, trip_type, rider, driver, begin_lat, begin_lon, end_lat, end_lon, distance_in_meters, seconds_since_epoch, weight, nation, current_date, current_ts, height, city_to_state, fare, tip_history, _hoodie_is_deleted]
[2026-04-09T18:49:17Z DEBUG hudi_core::file_group::reader] [HoodieFileGroupReader] makeBaseFileIterator: 1 batches, 33 total rows
[2026-04-09T18:49:17Z DEBUG hudi_core::file_group::reader] [HoodieFileGroupReader] base file schema: ["_hoodie_commit_time", "_hoodie_commit_seqno", "_hoodie_record_key", "_hoodie_partition_path", "_hoodie_file_name", "timestamp", "_row_key", "partition_path", "trip_type", "rider", "driver", "begin_lat", "begin_lon", "end_lat", "end_lon", "distance_in_meters", "seconds_since_epoch", "weight", "nation", "current_date", "current_ts", "height", "city_to_state", "fare", "tip_history", "_hoodie_is_deleted"]
[2026-04-09T18:49:17Z DEBUG hudi_core::file_group::reader] [HoodieFileGroupReader] scanning 1 log file(s) with latest_commit_time=20260409184915541
[2026-04-09T18:49:17Z DEBUG hudi_core::file_group::reader::buffer::loader] [DefaultFileGroupRecordBufferLoader] getRecordBuffer: merge_mode=COMMIT_TIME_ORDERING record_key_field=_hoodie_record_key ordering_fields=["timestamp"] log_files=1 latest_commit_time=20260409184915541
[2026-04-09T18:49:17Z DEBUG hudi_core::file_group::reader] [HoodieFileGroupReader] makeBaseFileIterator: 1 batches, 34 total rows
[2026-04-09T18:49:17Z DEBUG hudi_core::file_group::reader] [HoodieFileGroupReader] base file schema: ["_hoodie_commit_time", "_hoodie_commit_seqno", "_hoodie_record_key", "_hoodie_partition_path", "_hoodie_file_name", "timestamp", "_row_key", "partition_path", "trip_type", "rider", "driver", "begin_lat", "begin_lon", "end_lat", "end_lon", "distance_in_meters", "seconds_since_epoch", "weight", "nation", "current_date", "current_ts", "height", "city_to_state", "fare", "tip_history", "_hoodie_is_deleted"]
[2026-04-09T18:49:17Z DEBUG hudi_core::file_group::reader] [HoodieFileGroupReader] scanning 1 log file(s) with latest_commit_time=20260409184915541
[2026-04-09T18:49:17Z DEBUG hudi_core::file_group::reader::log_record_reader] [Pass1] forward_scan: 1 total blocks, latest_instant_time=20260409184915541, has_instant_range=false
[2026-04-09T18:49:17Z DEBUG hudi_core::file_group::reader::buffer::loader] [DefaultFileGroupRecordBufferLoader] getRecordBuffer: merge_mode=COMMIT_TIME_ORDERING record_key_field=_hoodie_record_key ordering_fields=["timestamp"] log_files=1 latest_commit_time=20260409184915541
[2026-04-09T18:49:17Z DEBUG hudi_core::file_group::reader::log_record_reader] [Pass1] block #1 passed all gates: type=AvroData instant=20260409184915541
[2026-04-09T18:49:17Z DEBUG hudi_core::file_group::reader::log_record_reader] [Pass1] complete: ordered_instants=["20260409184915541"] total_blocks=1 corrupt=0 rollbacks=0
[2026-04-09T18:49:17Z DEBUG hudi_core::file_group::reader::log_record_reader] [Pass1]   instant=20260409184915541: 1 block(s) [["AvroData"]]
[2026-04-09T18:49:17Z DEBUG hudi_core::file_group::reader::log_record_reader] [Pass2] reverse_scan: 1 instants to process (newest→oldest)
[2026-04-09T18:49:17Z DEBUG hudi_core::file_group::reader::log_record_reader] [Pass2] complete: 1 blocks in deque, valid_instants=["20260409184915541"]
[2026-04-09T18:49:17Z DEBUG hudi_core::file_group::reader::log_record_reader] Pass 1+2 complete: 1 blocks queued, 1 valid instants
[2026-04-09T18:49:17Z DEBUG hudi_core::file_group::reader::log_record_reader] Merging the final data blocks
[2026-04-09T18:49:17Z DEBUG hudi_core::file_group::reader::log_record_reader] [Pass1] forward_scan: 1 total blocks, latest_instant_time=20260409184915541, has_instant_range=false
[2026-04-09T18:49:17Z DEBUG hudi_core::file_group::reader::log_record_reader] [Pass3] processQueuedBlocksForInstant: 1 blocks to process (pop_back = oldest first)
[2026-04-09T18:49:17Z DEBUG hudi_core::file_group::reader::log_record_reader] [Pass1] block #1 passed all gates: type=AvroData instant=20260409184915541
[2026-04-09T18:49:17Z DEBUG hudi_core::file_group::reader::log_record_reader] [Pass3] block #1: type=AvroData instant=20260409184915541
[2026-04-09T18:49:17Z DEBUG hudi_core::file_group::reader::log_record_reader] [Pass1] complete: ordered_instants=["20260409184915541"] total_blocks=1 corrupt=0 rollbacks=0
[2026-04-09T18:49:17Z DEBUG hudi_core::file_group::log_file::log_block] [LogBlock::inflate_from_bytes] type=AvroData file=2015/03/16/.dcdd5d8c-6797-4b30-b8b0-33cc731d7d08-0_20260409184907205.log.1_1-43-95 pos=1900 len=6181 block_len=8079
[2026-04-09T18:49:17Z DEBUG hudi_core::file_group::reader::log_record_reader] [Pass1]   instant=20260409184915541: 1 block(s) [["AvroData"]]
[2026-04-09T18:49:17Z DEBUG hudi_core::file_group::reader::log_record_reader] [Pass2] reverse_scan: 1 instants to process (newest→oldest)
[2026-04-09T18:49:17Z DEBUG hudi_core::file_group::reader::log_record_reader] [Pass2] complete: 1 blocks in deque, valid_instants=["20260409184915541"]
[2026-04-09T18:49:17Z DEBUG hudi_core::file_group::reader::log_record_reader] Pass 1+2 complete: 1 blocks queued, 1 valid instants
[2026-04-09T18:49:17Z DEBUG hudi_core::file_group::reader::log_record_reader] Merging the final data blocks
[2026-04-09T18:49:17Z DEBUG hudi_core::file_group::reader::log_record_reader] [Pass3] processQueuedBlocksForInstant: 1 blocks to process (pop_back = oldest first)
[2026-04-09T18:49:17Z DEBUG hudi_core::file_group::reader::log_record_reader] [Pass3] block #1: type=AvroData instant=20260409184915541
[2026-04-09T18:49:17Z DEBUG apache_avro::schema] Going to parse record schema: Name { name: "hoodie_test_record", namespace: Some("hoodie.hoodie_test") }
[2026-04-09T18:49:17Z DEBUG hudi_core::file_group::log_file::log_block] [LogBlock::inflate_from_bytes] type=AvroData file=2016/03/15/.9579d0d4-ab3d-49ba-bb2e-e13512875986-0_20260409184907205.log.1_0-43-94 pos=1900 len=5217 block_len=7115
[2026-04-09T18:49:17Z DEBUG apache_avro::schema] Going to parse record schema: Name { name: "hoodie_test_record", namespace: Some("hoodie.hoodie_test") }
[2026-04-09T18:49:17Z DEBUG apache_avro::schema] Going to parse record schema: Name { name: "fare", namespace: Some("hoodie.hoodie_test.hoodie_test_record") }
[2026-04-09T18:49:17Z DEBUG apache_avro::schema] Going to parse record schema: Name { name: "tip_history", namespace: Some("hoodie.hoodie_test.hoodie_test_record") }
[2026-04-09T18:49:17Z DEBUG hudi_core::file_group::reader] [HoodieFileGroupReader] makeBaseFileIterator: 1 batches, 33 total rows
[2026-04-09T18:49:17Z DEBUG hudi_core::file_group::reader] [HoodieFileGroupReader] base file schema: ["_hoodie_commit_time", "_hoodie_commit_seqno", "_hoodie_record_key", "_hoodie_partition_path", "_hoodie_file_name", "timestamp", "_row_key", "partition_path", "trip_type", "rider", "driver", "begin_lat", "begin_lon", "end_lat", "end_lon", "distance_in_meters", "seconds_since_epoch", "weight", "nation", "current_date", "current_ts", "height", "city_to_state", "fare", "tip_history", "_hoodie_is_deleted"]
[2026-04-09T18:49:17Z DEBUG apache_avro::schema] Going to parse record schema: Name { name: "fare", namespace: Some("hoodie.hoodie_test.hoodie_test_record") }
[2026-04-09T18:49:17Z DEBUG hudi_core::file_group::reader] [HoodieFileGroupReader] scanning 1 log file(s) with latest_commit_time=20260409184915541
[2026-04-09T18:49:17Z DEBUG hudi_core::file_group::reader::buffer::loader] [DefaultFileGroupRecordBufferLoader] getRecordBuffer: merge_mode=COMMIT_TIME_ORDERING record_key_field=_hoodie_record_key ordering_fields=["timestamp"] log_files=1 latest_commit_time=20260409184915541
[2026-04-09T18:49:17Z DEBUG apache_avro::schema] Going to parse record schema: Name { name: "tip_history", namespace: Some("hoodie.hoodie_test.hoodie_test_record") }
[2026-04-09T18:49:17Z DEBUG hudi_core::file_group::reader::log_record_reader] [Pass1] forward_scan: 1 total blocks, latest_instant_time=20260409184915541, has_instant_range=false
[2026-04-09T18:49:17Z DEBUG hudi_core::file_group::reader::log_record_reader] [Pass1] block #1 passed all gates: type=AvroData instant=20260409184915541
[2026-04-09T18:49:17Z DEBUG hudi_core::file_group::reader::log_record_reader] [Pass1] complete: ordered_instants=["20260409184915541"] total_blocks=1 corrupt=0 rollbacks=0
[2026-04-09T18:49:17Z DEBUG hudi_core::file_group::reader::log_record_reader] [Pass1]   instant=20260409184915541: 1 block(s) [["AvroData"]]
[2026-04-09T18:49:17Z DEBUG hudi_core::file_group::reader::log_record_reader] [Pass2] reverse_scan: 1 instants to process (newest→oldest)
[2026-04-09T18:49:17Z DEBUG hudi_core::file_group::reader::log_record_reader] [Pass2] complete: 1 blocks in deque, valid_instants=["20260409184915541"]
[2026-04-09T18:49:17Z DEBUG hudi_core::file_group::reader::log_record_reader] Pass 1+2 complete: 1 blocks queued, 1 valid instants
[2026-04-09T18:49:17Z DEBUG hudi_core::file_group::reader::log_record_reader] Merging the final data blocks
[2026-04-09T18:49:17Z DEBUG hudi_core::file_group::reader::log_record_reader] [Pass3] processQueuedBlocksForInstant: 1 blocks to process (pop_back = oldest first)
[2026-04-09T18:49:17Z DEBUG hudi_core::file_group::reader::log_record_reader] [Pass3] block #1: type=AvroData instant=20260409184915541
[2026-04-09T18:49:17Z DEBUG hudi_core::file_group::log_file::log_block] [LogBlock::inflate_from_bytes] type=AvroData file=2015/03/17/.043ae454-9fc2-420b-9fe7-9df1455440b6-0_20260409184907205.log.1_2-43-96 pos=1900 len=4890 block_len=6788
[2026-04-09T18:49:17Z DEBUG hudi_core::file_group::reader::buffer::key_based] [KeyBasedBuffer] processDataBlock: 1 data batches, 19 total rows
[2026-04-09T18:49:17Z DEBUG hudi_core::file_group::reader::buffer::key_based] [KeyBasedBuffer] processNextDataRecord: key=0445f7b1-3674-4599-bd5b-f208ab853b01 has_existing=false → merged (is_delete=false)
[2026-04-09T18:49:17Z DEBUG apache_avro::schema] Going to parse record schema: Name { name: "hoodie_test_record", namespace: Some("hoodie.hoodie_test") }
[2026-04-09T18:49:17Z DEBUG hudi_core::file_group::reader::buffer::key_based] [KeyBasedBuffer] processNextDataRecord: key=0335d935-986a-41e4-b201-852f76a429ce has_existing=false → merged (is_delete=false)
[2026-04-09T18:49:17Z DEBUG hudi_core::file_group::reader::buffer::key_based] [KeyBasedBuffer] processNextDataRecord: key=407fbb35-3956-4e64-bd97-bbcc99687218 has_existing=false → merged (is_delete=false)
[2026-04-09T18:49:17Z DEBUG hudi_core::file_group::reader::buffer::key_based] [KeyBasedBuffer] processDataBlock: 1 data batches, 16 total rows
[2026-04-09T18:49:17Z DEBUG hudi_core::file_group::reader::buffer::key_based] [KeyBasedBuffer] processNextDataRecord: key=9d8087dc-8e24-42fe-b70f-0390aa69acf4 has_existing=false → merged (is_delete=false)
[2026-04-09T18:49:17Z DEBUG hudi_core::file_group::reader::buffer::key_based] [KeyBasedBuffer] processNextDataRecord: key=d9dee2fc-a191-4d1f-bb02-5f8d71e7f8d3 has_existing=false → merged (is_delete=false)
[2026-04-09T18:49:17Z DEBUG apache_avro::schema] Going to parse record schema: Name { name: "fare", namespace: Some("hoodie.hoodie_test.hoodie_test_record") }
[2026-04-09T18:49:17Z DEBUG hudi_core::file_group::reader::buffer::key_based] [KeyBasedBuffer] processNextDataRecord: key=3f7cb3a3-1790-430c-92b7-2d7ad790419b has_existing=false → merged (is_delete=false)
[2026-04-09T18:49:17Z DEBUG hudi_core::file_group::reader::buffer::key_based] [KeyBasedBuffer] processNextDataRecord: key=dd44ce63-acf6-45c9-95e1-a90df78d5f50 has_existing=false → merged (is_delete=false)
[2026-04-09T18:49:17Z DEBUG apache_avro::schema] Going to parse record schema: Name { name: "tip_history", namespace: Some("hoodie.hoodie_test.hoodie_test_record") }
[2026-04-09T18:49:17Z DEBUG hudi_core::file_group::reader::buffer::key_based] [KeyBasedBuffer] processNextDataRecord: key=0173648e-2fd6-45c4-a59d-f8d53f96610f has_existing=false → merged (is_delete=false)
[2026-04-09T18:49:17Z DEBUG hudi_core::file_group::reader::buffer::key_based] [KeyBasedBuffer] processNextDataRecord: key=4e751fc3-5a6e-4ed5-bfa5-b8647ef8c7bd has_existing=false → merged (is_delete=false)
[2026-04-09T18:49:17Z DEBUG hudi_core::file_group::reader::buffer::key_based] [KeyBasedBuffer] processNextDataRecord: key=8755baf0-2052-41c8-980f-03636b81d8ef has_existing=false → merged (is_delete=false)
[2026-04-09T18:49:17Z DEBUG hudi_core::file_group::reader::buffer::key_based] [KeyBasedBuffer] processNextDataRecord: key=51d2ade6-9b2f-49d4-b304-88f7da5fb3b1 has_existing=false → merged (is_delete=false)
[2026-04-09T18:49:17Z DEBUG hudi_core::file_group::reader::buffer::key_based] [KeyBasedBuffer] processNextDataRecord: key=c651bd7b-6564-4de4-8d0f-8d7bd8d3ca5b has_existing=false → merged (is_delete=false)
[2026-04-09T18:49:17Z DEBUG hudi_core::file_group::reader::buffer::key_based] [KeyBasedBuffer] processNextDataRecord: key=12aa19b0-6fb8-4359-b6e8-173989ff7786 has_existing=false → merged (is_delete=false)
[2026-04-09T18:49:17Z DEBUG hudi_core::file_group::reader::buffer::key_based] [KeyBasedBuffer] processNextDataRecord: key=fc74094d-02b0-41d9-8004-bd35286aefb8 has_existing=false → merged (is_delete=false)
[2026-04-09T18:49:17Z DEBUG hudi_core::file_group::reader::buffer::key_based] [KeyBasedBuffer] processNextDataRecord: key=a8d39a40-1d7b-4271-aca6-f29a5016b68c has_existing=false → merged (is_delete=false)
[2026-04-09T18:49:17Z DEBUG hudi_core::file_group::reader::buffer::key_based] [KeyBasedBuffer] processNextDataRecord: key=f9fa8867-4640-4810-93b7-af77d8706a24 has_existing=false → merged (is_delete=false)
[2026-04-09T18:49:17Z DEBUG hudi_core::file_group::reader::buffer::key_based] [KeyBasedBuffer] processNextDataRecord: key=7702dd9b-13ee-4136-9543-554dcb0661db has_existing=false → merged (is_delete=false)
[2026-04-09T18:49:17Z DEBUG hudi_core::file_group::reader::buffer::key_based] [KeyBasedBuffer] processNextDataRecord: key=6f2784bd-277a-436f-91ff-0c42cbb2c685 has_existing=false → merged (is_delete=false)
[2026-04-09T18:49:17Z DEBUG hudi_core::file_group::reader::buffer::key_based] [KeyBasedBuffer] processDataBlock: 1 data batches, 15 total rows
[2026-04-09T18:49:17Z DEBUG hudi_core::file_group::reader::buffer::key_based] [KeyBasedBuffer] processNextDataRecord: key=c8661995-38d4-449e-8736-b9136e5bb058 has_existing=false → merged (is_delete=false)
[2026-04-09T18:49:17Z DEBUG hudi_core::file_group::reader::buffer::key_based] [KeyBasedBuffer] processNextDataRecord: key=a1f13c37-6c84-4f53-9357-e9eda50a96cf has_existing=false → merged (is_delete=false)
[2026-04-09T18:49:17Z DEBUG hudi_core::file_group::reader::buffer::key_based] [KeyBasedBuffer] processNextDataRecord: key=224c6b94-b656-4570-b5d0-a097ba7424bf has_existing=false → merged (is_delete=false)
[2026-04-09T18:49:17Z DEBUG hudi_core::file_group::reader::buffer::key_based] [KeyBasedBuffer] processNextDataRecord: key=00354cbd-8384-48c2-9ae7-c21bc57cdd49 has_existing=false → merged (is_delete=false)
[2026-04-09T18:49:17Z DEBUG hudi_core::file_group::reader::buffer::key_based] [KeyBasedBuffer] processNextDataRecord: key=07ef3b08-1cd0-4237-80de-a9f45f1dd0ad has_existing=false → merged (is_delete=false)
[2026-04-09T18:49:17Z DEBUG hudi_core::file_group::reader::buffer::key_based] [KeyBasedBuffer] processNextDataRecord: key=9d8a98e0-cb2f-48a6-8298-af4f940dd966 has_existing=false → merged (is_delete=false)
[2026-04-09T18:49:17Z DEBUG hudi_core::file_group::reader::buffer::key_based] [KeyBasedBuffer] processNextDataRecord: key=fd7aff27-1b42-4937-b154-9f8f538bfd39 has_existing=false → merged (is_delete=false)
[2026-04-09T18:49:17Z DEBUG hudi_core::file_group::reader::buffer::key_based] [KeyBasedBuffer] processNextDataRecord: key=110088d3-f0d2-45e3-bd10-cfbe45d078a2 has_existing=false → merged (is_delete=false)
[2026-04-09T18:49:17Z DEBUG hudi_core::file_group::reader::buffer::key_based] [KeyBasedBuffer] processNextDataRecord: key=01c406aa-c0c2-4e11-ad59-ebe3f2eb2f2f has_existing=false → merged (is_delete=false)
[2026-04-09T18:49:17Z DEBUG hudi_core::file_group::reader::buffer::key_based] [KeyBasedBuffer] processNextDataRecord: key=a381bd26-b467-4332-a925-77e760b4b3b6 has_existing=false → merged (is_delete=false)
[2026-04-09T18:49:17Z DEBUG hudi_core::file_group::reader::buffer::key_based] [KeyBasedBuffer] processNextDataRecord: key=64328bc9-3e4e-4367-92de-56ff678c0741 has_existing=false → merged (is_delete=false)
[2026-04-09T18:49:17Z DEBUG hudi_core::file_group::reader::buffer::key_based] [KeyBasedBuffer] processNextDataRecord: key=9a56cb73-6f66-4bf7-9708-9da9420649af has_existing=false → merged (is_delete=false)
[2026-04-09T18:49:17Z DEBUG hudi_core::file_group::reader::buffer::key_based] [KeyBasedBuffer] processNextDataRecord: key=5509d3b7-651e-4391-b096-901e220619c3 has_existing=false → merged (is_delete=false)
[2026-04-09T18:49:17Z DEBUG hudi_core::file_group::reader::buffer::key_based] [KeyBasedBuffer] processNextDataRecord: key=41144b0f-4870-4a4c-bab8-5fb33f8ce30a has_existing=false → merged (is_delete=false)
[2026-04-09T18:49:17Z DEBUG hudi_core::file_group::reader::buffer::key_based] [KeyBasedBuffer] processNextDataRecord: key=5f8c779c-6bf6-4c44-b1ff-435c7a136750 has_existing=false → merged (is_delete=false)
[2026-04-09T18:49:17Z DEBUG hudi_core::file_group::reader::buffer::key_based] [KeyBasedBuffer] processNextDataRecord: key=17f80f60-1e24-49b7-abed-79a74508cb71 has_existing=false → merged (is_delete=false)
[2026-04-09T18:49:17Z DEBUG hudi_core::file_group::reader::buffer::key_based] [KeyBasedBuffer] processNextDataRecord: key=3df6c9e1-4dd6-4421-9dd4-dbd5a5836077 has_existing=false → merged (is_delete=false)
[2026-04-09T18:49:17Z DEBUG hudi_core::file_group::reader::buffer::key_based] [KeyBasedBuffer] processNextDataRecord: key=60929109-97ae-4a1e-9ee2-10ebd4578920 has_existing=false → merged (is_delete=false)
[2026-04-09T18:49:17Z DEBUG hudi_core::file_group::reader::buffer::key_based] [KeyBasedBuffer] processNextDataRecord: key=159794b8-b551-4b66-a4e4-7e286e514270 has_existing=false → merged (is_delete=false)
[2026-04-09T18:49:17Z DEBUG hudi_core::file_group::reader::buffer::key_based] [KeyBasedBuffer] processNextDataRecord: key=c7c0c7cf-1dd6-421f-91f2-92c8e9a37efe has_existing=false → merged (is_delete=false)
[2026-04-09T18:49:17Z DEBUG hudi_core::file_group::reader::buffer::key_based] [KeyBasedBuffer] processNextDataRecord: key=cc35a737-a51d-4481-8b1d-e99546fb353b has_existing=false → merged (is_delete=false)
[2026-04-09T18:49:17Z DEBUG hudi_core::file_group::reader::log_record_reader] [Pass3] after processing data block #1: buffer size=19
[2026-04-09T18:49:17Z INFO  hudi_core::file_group::reader::merged_log_record_reader] Number of log files scanned => 1
[2026-04-09T18:49:17Z INFO  hudi_core::file_group::reader::merged_log_record_reader] Number of entries in Map => 19
[2026-04-09T18:49:17Z DEBUG hudi_core::file_group::reader] [HoodieFileGroupReader] log scan complete: buffer_size=19 valid_instants=["20260409184915541"] stats: log_blocks=1 log_records=19 corrupt=0 rollbacks=0
[2026-04-09T18:49:17Z DEBUG hudi_core::file_group::reader::buffer::key_based] [KeyBasedBuffer] processNextDataRecord: key=dd34e504-38d1-4b02-892b-cea07a4ef7be has_existing=false → merged (is_delete=false)
[2026-04-09T18:49:17Z DEBUG hudi_core::file_group::reader] [HoodieFileGroupReader] set base file iterator (33 rows), starting merge_and_collect
[2026-04-09T18:49:17Z DEBUG hudi_core::file_group::reader::buffer::key_based] [KeyBasedBuffer] merge_and_collect: base_rows=33 log_records_in_map=19 total_log_records_processed=19
[2026-04-09T18:49:17Z DEBUG hudi_core::file_group::reader::buffer::key_based] [KeyBasedBuffer] processNextDataRecord: key=2afda5cb-9f12-423c-be66-b1718e5bb695 has_existing=false → merged (is_delete=false)
[2026-04-09T18:49:17Z DEBUG hudi_core::file_group::reader::buffer::key_based] [KeyBasedBuffer] processNextDataRecord: key=aeb679a2-7277-474b-bd69-01e613a8031a has_existing=false → merged (is_delete=false)
