[2026-04-09T18:49:18Z DEBUG hudi_core::file_group::reader] [HoodieFileGroupReader] log scan complete: buffer_size=15 valid_instants=["20260409184915541"] stats: log_blocks=1 log_records=15 corrupt=0 rollbacks=0
[2026-04-09T18:49:18Z DEBUG hudi_core::file_group::reader] [HoodieFileGroupReader] set base file iterator (0 rows), starting merge_and_collect
[2026-04-09T18:49:18Z DEBUG hudi_core::file_group::reader::buffer::key_based] [KeyBasedBuffer] merge_and_collect: base_rows=0 log_records_in_map=15 total_log_records_processed=15
I0409 18:49:18.157433 187465 HudiSplitReader.cpp:240] [HudiMOR] next: got ArrowArray numRows=19 numCols=26
I0409 18:49:18.157444 186829 HudiSplitReader.cpp:240] [HudiMOR] next: got ArrowArray numRows=16 numCols=26
[2026-04-09T18:49:18Z DEBUG hudi_core::file_group::reader::buffer::key_based] [KeyBasedBuffer] merge_and_collect output: 15 data records, 0 deletes skipped
I0409 18:49:18.157505 187465 HudiSplitReader.cpp:265] [HudiMOR] next: Arrow schema (26 cols): _hoodie_commit_time, _hoodie_commit_seqno, _hoodie_record_key, _hoodie_partition_path, _hoodie_file_name, timestamp, _row_key, partition_path, trip_type, rider, driver, begin_lat, begin_lon, end_lat, end_lon, distance_in_meters, seconds_since_epoch, weight, nation, current_date, current_ts, height, city_to_state, fare, tip_history, _hoodie_is_deleted
I0409 18:49:18.157508 187465 HudiSplitReader.cpp:270] [HudiMOR] next: importing Arrow batch into Velox RowVector...
I0409 18:49:18.157511 186829 HudiSplitReader.cpp:265] [HudiMOR] next: Arrow schema (26 cols): _hoodie_commit_time, _hoodie_commit_seqno, _hoodie_record_key, _hoodie_partition_path, _hoodie_file_name, timestamp, _row_key, partition_path, trip_type, rider, driver, begin_lat, begin_lon, end_lat, end_lon, distance_in_meters, seconds_since_epoch, weight, nation, current_date, current_ts, height, city_to_state, fare, tip_history, _hoodie_is_deleted
I0409 18:49:18.157514 186829 HudiSplitReader.cpp:270] [HudiMOR] next: importing Arrow batch into Velox RowVector...
I0409 18:49:18.158413 186829 HudiSplitReader.cpp:283] [HudiMOR] next: Velox RowVector from Arrow (16 rows, 26 cols): _hoodie_commit_time:VARCHAR, _hoodie_commit_seqno:VARCHAR, _hoodie_record_key:VARCHAR, _hoodie_partition_path:VARCHAR, _hoodie_file_name:VARCHAR, timestamp:BIGINT, _row_key:VARCHAR, partition_path:VARCHAR, trip_type:VARCHAR, rider:VARCHAR, driver:VARCHAR, begin_lat:DOUBLE, begin_lon:DOUBLE, end_lat:DOUBLE, end_lon:DOUBLE, distance_in_meters:INTEGER, seconds_since_epoch:BIGINT, weight:REAL, nation:VARBINARY, current_date:DATE, current_ts:BIGINT, height:DECIMAL(10, 6), city_to_state:MAP<VARCHAR,VARCHAR>, fare:ROW<amount:DOUBLE,currency:VARCHAR>, tip_history:ARRAY<ROW<amount:DOUBLE,currency:VARCHAR>>, _hoodie_is_deleted:BOOLEAN
I0409 18:49:18.158429 186829 HudiSplitReader.cpp:296] [HudiMOR] next: readerOutputType (2 cols): _hoodie_commit_time:VARCHAR, partition_path:VARCHAR
I0409 18:49:18.158416 187465 HudiSplitReader.cpp:283] [HudiMOR] next: Velox RowVector from Arrow (19 rows, 26 cols): _hoodie_commit_time:VARCHAR, _hoodie_commit_seqno:VARCHAR, _hoodie_record_key:VARCHAR, _hoodie_partition_path:VARCHAR, _hoodie_file_name:VARCHAR, timestamp:BIGINT, _row_key:VARCHAR, partition_path:VARCHAR, trip_type:VARCHAR, rider:VARCHAR, driver:VARCHAR, begin_lat:DOUBLE, begin_lon:DOUBLE, end_lat:DOUBLE, end_lon:DOUBLE, distance_in_meters:INTEGER, seconds_since_epoch:BIGINT, weight:REAL, nation:VARBINARY, current_date:DATE, current_ts:BIGINT, height:DECIMAL(10, 6), city_to_state:MAP<VARCHAR,VARCHAR>, fare:ROW<amount:DOUBLE,currency:VARCHAR>, tip_history:ARRAY<ROW<amount:DOUBLE,currency:VARCHAR>>, _hoodie_is_deleted:BOOLEAN
I0409 18:49:18.158445 187465 HudiSplitReader.cpp:296] [HudiMOR] next: readerOutputType (2 cols): _hoodie_commit_time:VARCHAR, partition_path:VARCHAR
I0409 18:49:18.158639 186829 HiveDataSource.cpp:522] [HudiMOR-DS] next: rowsScanned=16 outputSize=16 outputType=ROW<_hoodie_commit_time:VARCHAR,partition_path:VARCHAR> readerOutputType=ROW<_hoodie_commit_time:VARCHAR,partition_path:VARCHAR> outputType=ROW<n0_0:VARCHAR,n0_1:VARCHAR>
I0409 18:49:18.158640 187465 HiveDataSource.cpp:522] [HudiMOR-DS] next: rowsScanned=19 outputSize=19 outputType=ROW<_hoodie_commit_time:VARCHAR,partition_path:VARCHAR> readerOutputType=ROW<_hoodie_commit_time:VARCHAR,partition_path:VARCHAR> outputType=ROW<n0_0:VARCHAR,n0_1:VARCHAR>
I0409 18:49:18.158725 186829 HiveDataSource.cpp:546] [HudiMOR-DS] next: remainingFilterExprSet=YES rowVector cols=2 rows=16
I0409 18:49:18.158735 187465 HiveDataSource.cpp:546] [HudiMOR-DS] next: remainingFilterExprSet=YES rowVector cols=2 rows=19
I0409 18:49:18.159574 186829 HudiSplitReader.cpp:222] [HudiMOR] next: calling get_next on ArrowArrayStream...
I0409 18:49:18.159588 186829 HudiSplitReader.cpp:236] [HudiMOR] next: end-of-stream (null release callback)
I0409 18:49:18.159574 187465 HudiSplitReader.cpp:222] [HudiMOR] next: calling get_next on ArrowArrayStream...
I0409 18:49:18.159603 187465 HudiSplitReader.cpp:236] [HudiMOR] next: end-of-stream (null release callback)
I0409 18:49:18.159590 186829 HiveDataSource.cpp:522] [HudiMOR-DS] next: rowsScanned=0 outputSize=16 outputType=ROW<_hoodie_commit_time:VARCHAR,partition_path:VARCHAR> readerOutputType=ROW<_hoodie_commit_time:VARCHAR,partition_path:VARCHAR> outputType=ROW<n0_0:VARCHAR,n0_1:VARCHAR>
I0409 18:49:18.159606 187465 HiveDataSource.cpp:522] [HudiMOR-DS] next: rowsScanned=0 outputSize=19 outputType=ROW<_hoodie_commit_time:VARCHAR,partition_path:VARCHAR> readerOutputType=ROW<_hoodie_commit_time:VARCHAR,partition_path:VARCHAR> outputType=ROW<n0_0:VARCHAR,n0_1:VARCHAR>
I0409 18:49:18.161036 186829 Task.cpp:2413] Terminating task Gluten_Stage_60_TID_139_VTID_20 with state Finished after running for 28ms
I0409 18:49:18.161036 187465 Task.cpp:2413] Terminating task Gluten_Stage_60_TID_138_VTID_19 with state Finished after running for 32ms
I0409 18:49:18.164268 187465 LocalPartitionWriter.cc:633] LocalPartitionWriter stopped. Total spills: 0
I0409 18:49:18.164268 186829 LocalPartitionWriter.cc:633] LocalPartitionWriter stopped. Total spills: 0
[2026-04-09T18:49:18Z DEBUG hudi_core::file_group::reader] [HoodieFileGroupReader] merge_and_collect complete: 15 rows, 26 columns
[2026-04-09T18:49:18Z DEBUG hudi] get_closable_iterator: merge complete, 15 rows, 26 cols
I0409 18:49:18.164883 186828 HudiSplitReader.cpp:207] [HudiMOR] prepareSplit: read_file_slice returned OK arrowStream=0x78bde42e8d10
I0409 18:49:18.165061 186828 HudiSplitReader.cpp:222] [HudiMOR] next: calling get_next on ArrowArrayStream...
I0409 18:49:18.165261 186828 HudiSplitReader.cpp:240] [HudiMOR] next: got ArrowArray numRows=15 numCols=26
I0409 18:49:18.165364 186828 HudiSplitReader.cpp:265] [HudiMOR] next: Arrow schema (26 cols): _hoodie_commit_time, _hoodie_commit_seqno, _hoodie_record_key, _hoodie_partition_path, _hoodie_file_name, timestamp, _row_key, partition_path, trip_type, rider, driver, begin_lat, begin_lon, end_lat, end_lon, distance_in_meters, seconds_since_epoch, weight, nation, current_date, current_ts, height, city_to_state, fare, tip_history, _hoodie_is_deleted
I0409 18:49:18.165369 186828 HudiSplitReader.cpp:270] [HudiMOR] next: importing Arrow batch into Velox RowVector...
I0409 18:49:18.166378 186828 HudiSplitReader.cpp:283] [HudiMOR] next: Velox RowVector from Arrow (15 rows, 26 cols): _hoodie_commit_time:VARCHAR, _hoodie_commit_seqno:VARCHAR, _hoodie_record_key:VARCHAR, _hoodie_partition_path:VARCHAR, _hoodie_file_name:VARCHAR, timestamp:BIGINT, _row_key:VARCHAR, partition_path:VARCHAR, trip_type:VARCHAR, rider:VARCHAR, driver:VARCHAR, begin_lat:DOUBLE, begin_lon:DOUBLE, end_lat:DOUBLE, end_lon:DOUBLE, distance_in_meters:INTEGER, seconds_since_epoch:BIGINT, weight:REAL, nation:VARBINARY, current_date:DATE, current_ts:BIGINT, height:DECIMAL(10, 6), city_to_state:MAP<VARCHAR,VARCHAR>, fare:ROW<amount:DOUBLE,currency:VARCHAR>, tip_history:ARRAY<ROW<amount:DOUBLE,currency:VARCHAR>>, _hoodie_is_deleted:BOOLEAN
I0409 18:49:18.166390 186828 HudiSplitReader.cpp:296] [HudiMOR] next: readerOutputType (2 cols): _hoodie_commit_time:VARCHAR, partition_path:VARCHAR
I0409 18:49:18.166633 186828 HiveDataSource.cpp:522] [HudiMOR-DS] next: rowsScanned=15 outputSize=15 outputType=ROW<_hoodie_commit_time:VARCHAR,partition_path:VARCHAR> readerOutputType=ROW<_hoodie_commit_time:VARCHAR,partition_path:VARCHAR> outputType=ROW<n0_0:VARCHAR,n0_1:VARCHAR>
I0409 18:49:18.166733 186828 HiveDataSource.cpp:546] [HudiMOR-DS] next: remainingFilterExprSet=YES rowVector cols=2 rows=15
I0409 18:49:18.167625 186828 HudiSplitReader.cpp:222] [HudiMOR] next: calling get_next on ArrowArrayStream...
I0409 18:49:18.167636 186828 HudiSplitReader.cpp:236] [HudiMOR] next: end-of-stream (null release callback)
I0409 18:49:18.167639 186828 HiveDataSource.cpp:522] [HudiMOR-DS] next: rowsScanned=0 outputSize=15 outputType=ROW<_hoodie_commit_time:VARCHAR,partition_path:VARCHAR> readerOutputType=ROW<_hoodie_commit_time:VARCHAR,partition_path:VARCHAR> outputType=ROW<n0_0:VARCHAR,n0_1:VARCHAR>
I0409 18:49:18.169040 186828 Task.cpp:2413] Terminating task Gluten_Stage_60_TID_140_VTID_21 with state Finished after running for 36ms
I0409 18:49:18.172315 186828 LocalPartitionWriter.cc:633] LocalPartitionWriter stopped. Total spills: 0
I0409 18:49:18.234524 186828 Task.cpp:2413] Terminating task Gluten_Stage_62_TID_141_VTID_22 with state Finished after running for 6ms
I0409 18:49:18.851974 186829 Task.cpp:2413] Terminating task Gluten_Stage_63_TID_144_VTID_23 with state Finished after running for 22ms
I0409 18:49:18.853966 186828 Task.cpp:2413] Terminating task Gluten_Stage_63_TID_142_VTID_24 with state Finished after running for 24ms
I0409 18:49:18.853966 187465 Task.cpp:2413] Terminating task Gluten_Stage_63_TID_143_VTID_25 with state Finished after running for 24ms
I0409 18:49:18.854693 186829 LocalPartitionWriter.cc:633] LocalPartitionWriter stopped. Total spills: 0
I0409 18:49:18.856540 186828 LocalPartitionWriter.cc:633] LocalPartitionWriter stopped. Total spills: 0
I0409 18:49:18.856540 187465 LocalPartitionWriter.cc:633] LocalPartitionWriter stopped. Total spills: 0
I0409 18:49:18.930284 187465 Task.cpp:2413] Terminating task Gluten_Stage_65_TID_145_VTID_26 with state Finished after running for 7ms
I0409 18:49:19.108832 186828 HudiPlanConverter.cc:36] [HudiMOR] parseHudiSplitInfo: baseUri=/tmp/junit-7881629752952328578/dataset baseFile=043ae454-9fc2-420b-9fe7-9df1455440b6-0_2-16-27_20260409184907205.parquet logFiles=0 partitionPath=
I0409 18:49:19.108832 187465 HudiPlanConverter.cc:36] [HudiMOR] parseHudiSplitInfo: baseUri=/tmp/junit-7881629752952328578/dataset baseFile=9579d0d4-ab3d-49ba-bb2e-e13512875986-0_0-16-25_20260409184907205.parquet logFiles=0 partitionPath=
I0409 18:49:19.108917 186829 HudiPlanConverter.cc:36] [HudiMOR] parseHudiSplitInfo: baseUri=/tmp/junit-7881629752952328578/dataset baseFile=dcdd5d8c-6797-4b30-b8b0-33cc731d7d08-0_1-16-26_20260409184907205.parquet logFiles=0 partitionPath=
I0409 18:49:19.109010 187465 HudiPlanConverter.cc:161] [HudiMOR] fileGroupReaderContext: tablePath=/tmp/junit-7881629752952328578/dataset latestCommitTime=20260409184907205 mergeMode=
I0409 18:49:19.109010 186828 HudiPlanConverter.cc:161] [HudiMOR] fileGroupReaderContext: tablePath=/tmp/junit-7881629752952328578/dataset latestCommitTime=20260409184907205 mergeMode=
I0409 18:49:19.109047 186829 HudiPlanConverter.cc:161] [HudiMOR] fileGroupReaderContext: tablePath=/tmp/junit-7881629752952328578/dataset latestCommitTime=20260409184907205 mergeMode=
I0409 18:49:19.110788 186829 WholeStageResultIterator.cc:161] [HudiMOR] Building HiveHudiMORSplit path=file:/tmp/junit-7881629752952328578/dataset/2015/03/16/dcdd5d8c-6797-4b30-b8b0-33cc731d7d08-0_1-16-26_20260409184907205.parquet baseUri=/tmp/junit-7881629752952328578/dataset baseFile=dcdd5d8c-6797-4b30-b8b0-33cc731d7d08-0_1-16-26_20260409184907205.parquet logFiles=0 partitionPath= hudiOptions=0 latestCommitTime=20260409184907205 mergeMode= isMOR=false (CoW)
I0409 18:49:19.110796 187465 WholeStageResultIterator.cc:161] [HudiMOR] Building HiveHudiMORSplit path=file:/tmp/junit-7881629752952328578/dataset/2016/03/15/9579d0d4-ab3d-49ba-bb2e-e13512875986-0_0-16-25_20260409184907205.parquet baseUri=/tmp/junit-7881629752952328578/dataset baseFile=9579d0d4-ab3d-49ba-bb2e-e13512875986-0_0-16-25_20260409184907205.parquet logFiles=0 partitionPath= hudiOptions=0 latestCommitTime=20260409184907205 mergeMode= isMOR=false (CoW)
I0409 18:49:19.110796 186828 WholeStageResultIterator.cc:161] [HudiMOR] Building HiveHudiMORSplit path=file:/tmp/junit-7881629752952328578/dataset/2015/03/17/043ae454-9fc2-420b-9fe7-9df1455440b6-0_2-16-27_20260409184907205.parquet baseUri=/tmp/junit-7881629752952328578/dataset baseFile=043ae454-9fc2-420b-9fe7-9df1455440b6-0_2-16-27_20260409184907205.parquet logFiles=0 partitionPath= hudiOptions=0 latestCommitTime=20260409184907205 mergeMode= isMOR=false (CoW)
I0409 18:49:19.118754 186829 HiveDataSource.cpp:522] [HudiMOR-DS] next: rowsScanned=33 outputSize=33 outputType=ROW<_hoodie_commit_time:VARCHAR,begin_lat:DOUBLE,nation:VARBINARY,current_date:DATE,fare:ROW<currency:VARCHAR>,tip_history:ARRAY<ROW<amount:DOUBLE,currency:VARCHAR>>,partition_path:VARCHAR> readerOutputType=ROW<_hoodie_commit_time:VARCHAR,begin_lat:DOUBLE,nation:VARBINARY,current_date:DATE,fare:ROW<currency:VARCHAR>,tip_history:ARRAY<ROW<amount:DOUBLE,currency:VARCHAR>>,partition_path:VARCHAR> outputType=ROW<n0_0:VARCHAR,n0_1:DOUBLE,n0_2:VARBINARY,n0_3:DATE,n0_4:ROW<currency:VARCHAR>,n0_5:ARRAY<ROW<amount:DOUBLE,currency:VARCHAR>>,n0_6:VARCHAR>
I0409 18:49:19.119026 186829 HiveDataSource.cpp:546] [HudiMOR-DS] next: remainingFilterExprSet=NO rowVector cols=7 rows=33
I0409 18:49:19.119163 186828 HiveDataSource.cpp:522] [HudiMOR-DS] next: rowsScanned=33 outputSize=33 outputType=ROW<_hoodie_commit_time:VARCHAR,begin_lat:DOUBLE,nation:VARBINARY,current_date:DATE,fare:ROW<currency:VARCHAR>,tip_history:ARRAY<ROW<amount:DOUBLE,currency:VARCHAR>>,partition_path:VARCHAR> readerOutputType=ROW<_hoodie_commit_time:VARCHAR,begin_lat:DOUBLE,nation:VARBINARY,current_date:DATE,fare:ROW<currency:VARCHAR>,tip_history:ARRAY<ROW<amount:DOUBLE,currency:VARCHAR>>,partition_path:VARCHAR> outputType=ROW<n0_0:VARCHAR,n0_1:DOUBLE,n0_2:VARBINARY,n0_3:DATE,n0_4:ROW<currency:VARCHAR>,n0_5:ARRAY<ROW<amount:DOUBLE,currency:VARCHAR>>,n0_6:VARCHAR>
I0409 18:49:19.119163 187465 HiveDataSource.cpp:522] [HudiMOR-DS] next: rowsScanned=34 outputSize=34 outputType=ROW<_hoodie_commit_time:VARCHAR,begin_lat:DOUBLE,nation:VARBINARY,current_date:DATE,fare:ROW<currency:VARCHAR>,tip_history:ARRAY<ROW<amount:DOUBLE,currency:VARCHAR>>,partition_path:VARCHAR> readerOutputType=ROW<_hoodie_commit_time:VARCHAR,begin_lat:DOUBLE,nation:VARBINARY,current_date:DATE,fare:ROW<currency:VARCHAR>,tip_history:ARRAY<ROW<amount:DOUBLE,currency:VARCHAR>>,partition_path:VARCHAR> outputType=ROW<n0_0:VARCHAR,n0_1:DOUBLE,n0_2:VARBINARY,n0_3:DATE,n0_4:ROW<currency:VARCHAR>,n0_5:ARRAY<ROW<amount:DOUBLE,currency:VARCHAR>>,n0_6:VARCHAR>
I0409 18:49:19.119578 186828 HiveDataSource.cpp:546] [HudiMOR-DS] next: remainingFilterExprSet=NO rowVector cols=7 rows=33
I0409 18:49:19.119587 187465 HiveDataSource.cpp:546] [HudiMOR-DS] next: remainingFilterExprSet=NO rowVector cols=7 rows=34
I0409 18:49:19.123555 186829 HiveDataSource.cpp:522] [HudiMOR-DS] next: rowsScanned=0 outputSize=33 outputType=ROW<_hoodie_commit_time:VARCHAR,begin_lat:DOUBLE,nation:VARBINARY,current_date:DATE,fare:ROW<currency:VARCHAR>,tip_history:ARRAY<ROW<amount:DOUBLE,currency:VARCHAR>>,partition_path:VARCHAR> readerOutputType=ROW<_hoodie_commit_time:VARCHAR,begin_lat:DOUBLE,nation:VARBINARY,current_date:DATE,fare:ROW<currency:VARCHAR>,tip_history:ARRAY<ROW<amount:DOUBLE,currency:VARCHAR>>,partition_path:VARCHAR> outputType=ROW<n0_0:VARCHAR,n0_1:DOUBLE,n0_2:VARBINARY,n0_3:DATE,n0_4:ROW<currency:VARCHAR>,n0_5:ARRAY<ROW<amount:DOUBLE,currency:VARCHAR>>,n0_6:VARCHAR>
I0409 18:49:19.123585 186828 HiveDataSource.cpp:522] [HudiMOR-DS] next: rowsScanned=0 outputSize=33 outputType=ROW<_hoodie_commit_time:VARCHAR,begin_lat:DOUBLE,nation:VARBINARY,current_date:DATE,fare:ROW<currency:VARCHAR>,tip_history:ARRAY<ROW<amount:DOUBLE,currency:VARCHAR>>,partition_path:VARCHAR> readerOutputType=ROW<_hoodie_commit_time:VARCHAR,begin_lat:DOUBLE,nation:VARBINARY,current_date:DATE,fare:ROW<currency:VARCHAR>,tip_history:ARRAY<ROW<amount:DOUBLE,currency:VARCHAR>>,partition_path:VARCHAR> outputType=ROW<n0_0:VARCHAR,n0_1:DOUBLE,n0_2:VARBINARY,n0_3:DATE,n0_4:ROW<currency:VARCHAR>,n0_5:ARRAY<ROW<amount:DOUBLE,currency:VARCHAR>>,n0_6:VARCHAR>
I0409 18:49:19.123585 187465 HiveDataSource.cpp:522] [HudiMOR-DS] next: rowsScanned=0 outputSize=34 outputType=ROW<_hoodie_commit_time:VARCHAR,begin_lat:DOUBLE,nation:VARBINARY,current_date:DATE,fare:ROW<currency:VARCHAR>,tip_history:ARRAY<ROW<amount:DOUBLE,currency:VARCHAR>>,partition_path:VARCHAR> readerOutputType=ROW<_hoodie_commit_time:VARCHAR,begin_lat:DOUBLE,nation:VARBINARY,current_date:DATE,fare:ROW<currency:VARCHAR>,tip_history:ARRAY<ROW<amount:DOUBLE,currency:VARCHAR>>,partition_path:VARCHAR> outputType=ROW<n0_0:VARCHAR,n0_1:DOUBLE,n0_2:VARBINARY,n0_3:DATE,n0_4:ROW<currency:VARCHAR>,n0_5:ARRAY<ROW<amount:DOUBLE,currency:VARCHAR>>,n0_6:VARCHAR>
I0409 18:49:19.127483 186829 Task.cpp:2413] Terminating task Gluten_Stage_66_TID_148_VTID_28 with state Finished after running for 15ms
I0409 18:49:19.127562 187465 Task.cpp:2413] Terminating task Gluten_Stage_66_TID_146_VTID_27 with state Finished after running for 15ms
I0409 18:49:19.127562 186828 Task.cpp:2413] Terminating task Gluten_Stage_66_TID_147_VTID_29 with state Finished after running for 15ms
I0409 18:49:19.130105 186828 LocalPartitionWriter.cc:633] LocalPartitionWriter stopped. Total spills: 0
I0409 18:49:19.130105 187465 LocalPartitionWriter.cc:633] LocalPartitionWriter stopped. Total spills: 0
I0409 18:49:19.130105 186829 LocalPartitionWriter.cc:633] LocalPartitionWriter stopped. Total spills: 0
I0409 18:49:19.167429 186829 Task.cpp:2413] Terminating task Gluten_Stage_67_TID_149_VTID_30 with state Finished after running for 9ms
I0409 18:49:19.296486 187465 HudiPlanConverter.cc:36] [HudiMOR] parseHudiSplitInfo: baseUri=/tmp/junit-7881629752952328578/dataset baseFile=043ae454-9fc2-420b-9fe7-9df1455440b6-0_2-16-27_20260409184907205.parquet logFiles=1 partitionPath=2015/03/17
I0409 18:49:19.296620 187465 HudiPlanConverter.cc:161] [HudiMOR] fileGroupReaderContext: tablePath=/tmp/junit-7881629752952328578/dataset latestCommitTime=20260409184915541 mergeMode=
I0409 18:49:19.297098 186829 HudiPlanConverter.cc:36] [HudiMOR] parseHudiSplitInfo: baseUri=/tmp/junit-7881629752952328578/dataset baseFile=dcdd5d8c-6797-4b30-b8b0-33cc731d7d08-0_1-16-26_20260409184907205.parquet logFiles=1 partitionPath=2015/03/16
I0409 18:49:19.297098 186828 HudiPlanConverter.cc:36] [HudiMOR] parseHudiSplitInfo: baseUri=/tmp/junit-7881629752952328578/dataset baseFile=9579d0d4-ab3d-49ba-bb2e-e13512875986-0_0-16-25_20260409184907205.parquet logFiles=1 partitionPath=2016/03/15
I0409 18:49:19.297242 186829 HudiPlanConverter.cc:161] [HudiMOR] fileGroupReaderContext: tablePath=/tmp/junit-7881629752952328578/dataset latestCommitTime=20260409184915541 mergeMode=
I0409 18:49:19.297242 186828 HudiPlanConverter.cc:161] [HudiMOR] fileGroupReaderContext: tablePath=/tmp/junit-7881629752952328578/dataset latestCommitTime=20260409184915541 mergeMode=
I0409 18:49:19.298350 187465 WholeStageResultIterator.cc:161] [HudiMOR] Building HiveHudiMORSplit path=file:/tmp/junit-7881629752952328578/dataset/2015/03/17/043ae454-9fc2-420b-9fe7-9df1455440b6-0_2-16-27_20260409184907205.parquet baseUri=/tmp/junit-7881629752952328578/dataset baseFile=043ae454-9fc2-420b-9fe7-9df1455440b6-0_2-16-27_20260409184907205.parquet logFiles=1 partitionPath=2015/03/17 hudiOptions=0 latestCommitTime=20260409184915541 mergeMode= isMOR=true
I0409 18:49:19.298362 187465 WholeStageResultIterator.cc:172] [HudiMOR]   logFile[0]=.043ae454-9fc2-420b-9fe7-9df1455440b6-0_20260409184907205.log.1_2-43-96
I0409 18:49:19.298637 186828 WholeStageResultIterator.cc:161] [HudiMOR] Building HiveHudiMORSplit path=file:/tmp/junit-7881629752952328578/dataset/2016/03/15/9579d0d4-ab3d-49ba-bb2e-e13512875986-0_0-16-25_20260409184907205.parquet baseUri=/tmp/junit-7881629752952328578/dataset baseFile=9579d0d4-ab3d-49ba-bb2e-e13512875986-0_0-16-25_20260409184907205.parquet logFiles=1 partitionPath=2016/03/15 hudiOptions=0 latestCommitTime=20260409184915541 mergeMode= isMOR=true
I0409 18:49:19.298657 186828 WholeStageResultIterator.cc:172] [HudiMOR]   logFile[0]=.9579d0d4-ab3d-49ba-bb2e-e13512875986-0_20260409184907205.log.1_0-43-94
I0409 18:49:19.298637 186829 WholeStageResultIterator.cc:161] [HudiMOR] Building HiveHudiMORSplit path=file:/tmp/junit-7881629752952328578/dataset/2015/03/16/dcdd5d8c-6797-4b30-b8b0-33cc731d7d08-0_1-16-26_20260409184907205.parquet baseUri=/tmp/junit-7881629752952328578/dataset baseFile=dcdd5d8c-6797-4b30-b8b0-33cc731d7d08-0_1-16-26_20260409184907205.parquet logFiles=1 partitionPath=2015/03/16 hudiOptions=0 latestCommitTime=20260409184915541 mergeMode= isMOR=true
I0409 18:49:19.298673 186829 WholeStageResultIterator.cc:172] [HudiMOR]   logFile[0]=.dcdd5d8c-6797-4b30-b8b0-33cc731d7d08-0_20260409184907205.log.1_1-43-95
I0409 18:49:19.302332 187465 HudiSplitReader.cpp:82] [HudiMOR] prepareSplit: creating FileGroupReader baseUri=/tmp/junit-7881629752952328578/dataset latestCommitTime=20260409184915541 mergeMode= hudiOptions=0
I0409 18:49:19.302449 187465 HudiSplitReader.cpp:184] [HudiMOR] prepareSplit: creating FileGroupReader with context partitionPath=2015/03/17 baseFileName=043ae454-9fc2-420b-9fe7-9df1455440b6-0_2-16-27_20260409184907205.parquet logFileNames=1
I0409 18:49:19.302456 187465 HudiSplitReader.cpp:189] [HudiMOR] prepareSplit: logFile[0]=.043ae454-9fc2-420b-9fe7-9df1455440b6-0_20260409184907205.log.1_2-43-96
I0409 18:49:19.302531 186829 HudiSplitReader.cpp:82] [HudiMOR] prepareSplit: creating FileGroupReader baseUri=/tmp/junit-7881629752952328578/dataset latestCommitTime=20260409184915541 mergeMode= hudiOptions=0
I0409 18:49:19.302531 186828 HudiSplitReader.cpp:82] [HudiMOR] prepareSplit: creating FileGroupReader baseUri=/tmp/junit-7881629752952328578/dataset latestCommitTime=20260409184915541 mergeMode= hudiOptions=0
I0409 18:49:19.302652 186829 HudiSplitReader.cpp:184] [HudiMOR] prepareSplit: creating FileGroupReader with context partitionPath=2015/03/16 baseFileName=dcdd5d8c-6797-4b30-b8b0-33cc731d7d08-0_1-16-26_20260409184907205.parquet logFileNames=1
I0409 18:49:19.302655 186828 HudiSplitReader.cpp:184] [HudiMOR] prepareSplit: creating FileGroupReader with context partitionPath=2016/03/15 baseFileName=9579d0d4-ab3d-49ba-bb2e-e13512875986-0_0-16-25_20260409184907205.parquet logFileNames=1
I0409 18:49:19.302659 186829 HudiSplitReader.cpp:189] [HudiMOR] prepareSplit: logFile[0]=.dcdd5d8c-6797-4b30-b8b0-33cc731d7d08-0_20260409184907205.log.1_1-43-95
I0409 18:49:19.302661 186828 HudiSplitReader.cpp:189] [HudiMOR] prepareSplit: logFile[0]=.9579d0d4-ab3d-49ba-bb2e-e13512875986-0_20260409184907205.log.1_0-43-94
[2026-04-09T18:49:19Z DEBUG hudi] new_file_group_reader_with_context: table_path=/tmp/junit-7881629752952328578/dataset partition_path=2015/03/17 latest_commit_time=20260409184915541 start=0 length=445364 should_use_record_position=true allow_inflight_instants=false emit_delete=false sort_output=false props_count=30 base_file=043ae454-9fc2-420b-9fe7-9df1455440b6-0_2-16-27_20260409184907205.parquet log_files_count=1 has_data_schema=true has_requested_schema=true
[2026-04-09T18:49:19Z DEBUG hudi] new_file_group_reader_with_context: reader_context table_path=/tmp/junit-7881629752952328578/dataset latest_commit_time=20260409184915541 base_file_format=PARQUET has_log_files=true needs_bootstrap_merge=false should_merge_use_record_position=true iterator_mode=ENGINE_RECORD merge_mode= merge_strategy_id=eeb8d96f-b1e4-49fd-bbf8-28ac514178e5 has_instant_range=false table_config_count=29 hoodie_reader_config_count=0
[2026-04-09T18:49:19Z DEBUG hudi] new_file_group_reader_with_context: table_path=/tmp/junit-7881629752952328578/dataset partition_path=2016/03/15 latest_commit_time=20260409184915541 start=0 length=445493 should_use_record_position=true allow_inflight_instants=false emit_delete=false sort_output=false props_count=30 base_file=9579d0d4-ab3d-49ba-bb2e-e13512875986-0_0-16-25_20260409184907205.parquet log_files_count=1 has_data_schema=true has_requested_schema=true
[2026-04-09T18:49:19Z DEBUG hudi] new_file_group_reader_with_context: table_path=/tmp/junit-7881629752952328578/dataset partition_path=2015/03/16 latest_commit_time=20260409184915541 start=0 length=445358 should_use_record_position=true allow_inflight_instants=false emit_delete=false sort_output=false props_count=30 base_file=dcdd5d8c-6797-4b30-b8b0-33cc731d7d08-0_1-16-26_20260409184907205.parquet log_files_count=1 has_data_schema=true has_requested_schema=true
[2026-04-09T18:49:19Z DEBUG hudi] new_file_group_reader_with_context: split base_file_name=043ae454-9fc2-420b-9fe7-9df1455440b6-0_2-16-27_20260409184907205.parquet log_file_names=[".043ae454-9fc2-420b-9fe7-9df1455440b6-0_20260409184907205.log.1_2-43-96"]
[2026-04-09T18:49:19Z DEBUG hudi] new_file_group_reader_with_context: reader_context table_path=/tmp/junit-7881629752952328578/dataset latest_commit_time=20260409184915541 base_file_format=PARQUET has_log_files=true needs_bootstrap_merge=false should_merge_use_record_position=true iterator_mode=ENGINE_RECORD merge_mode= merge_strategy_id=eeb8d96f-b1e4-49fd-bbf8-28ac514178e5 has_instant_range=false table_config_count=29 hoodie_reader_config_count=0
[2026-04-09T18:49:19Z DEBUG hudi] new_file_group_reader_with_context: reader_context table_path=/tmp/junit-7881629752952328578/dataset latest_commit_time=20260409184915541 base_file_format=PARQUET has_log_files=true needs_bootstrap_merge=false should_merge_use_record_position=true iterator_mode=ENGINE_RECORD merge_mode= merge_strategy_id=eeb8d96f-b1e4-49fd-bbf8-28ac514178e5 has_instant_range=false table_config_count=29 hoodie_reader_config_count=0
[2026-04-09T18:49:19Z DEBUG hudi] new_file_group_reader_with_context: split base_file_name=9579d0d4-ab3d-49ba-bb2e-e13512875986-0_0-16-25_20260409184907205.parquet log_file_names=[".9579d0d4-ab3d-49ba-bb2e-e13512875986-0_20260409184907205.log.1_0-43-94"]
[2026-04-09T18:49:19Z DEBUG hudi] new_file_group_reader_with_context: split base_file_name=dcdd5d8c-6797-4b30-b8b0-33cc731d7d08-0_1-16-26_20260409184907205.parquet log_file_names=[".dcdd5d8c-6797-4b30-b8b0-33cc731d7d08-0_20260409184907205.log.1_1-43-95"]
I0409 18:49:19.303436 187465 HudiSplitReader.cpp:195] [HudiMOR] prepareSplit: FileGroupReader created OK
I0409 18:49:19.303442 187465 HudiSplitReader.cpp:197] [HudiMOR] prepareSplit: calling get_closable_iterator (hudi-rs MOR merge)...
[2026-04-09T18:49:19Z DEBUG hudi] get_closable_iterator: partition=2015/03/17 base_file=Some("2015/03/17/043ae454-9fc2-420b-9fe7-9df1455440b6-0_2-16-27_20260409184907205.parquet") log_files=1 latest_instant_time=20260409184915541 ordering_fields=["timestamp"] merge_mode=
I0409 18:49:19.303653 186828 HudiSplitReader.cpp:195] [HudiMOR] prepareSplit: FileGroupReader created OK
I0409 18:49:19.303668 186828 HudiSplitReader.cpp:197] [HudiMOR] prepareSplit: calling get_closable_iterator (hudi-rs MOR merge)...
I0409 18:49:19.303653 186829 HudiSplitReader.cpp:195] [HudiMOR] prepareSplit: FileGroupReader created OK
I0409 18:49:19.303682 186829 HudiSplitReader.cpp:197] [HudiMOR] prepareSplit: calling get_closable_iterator (hudi-rs MOR merge)...
[2026-04-09T18:49:19Z DEBUG hudi] get_closable_iterator: partition=2016/03/15 base_file=Some("2016/03/15/9579d0d4-ab3d-49ba-bb2e-e13512875986-0_0-16-25_20260409184907205.parquet") log_files=1 latest_instant_time=20260409184915541 ordering_fields=["timestamp"] merge_mode=
[2026-04-09T18:49:19Z DEBUG hudi] get_closable_iterator: partition=2015/03/16 base_file=Some("2015/03/16/dcdd5d8c-6797-4b30-b8b0-33cc731d7d08-0_1-16-26_20260409184907205.parquet") log_files=1 latest_instant_time=20260409184915541 ordering_fields=["timestamp"] merge_mode=
[2026-04-09T18:49:19Z DEBUG apache_avro::schema] Going to parse record schema: Name { name: "hoodie_test_record", namespace: Some("hoodie.hoodie_test") }
[2026-04-09T18:49:19Z DEBUG apache_avro::schema] Going to parse record schema: Name { name: "hoodie_test_record", namespace: Some("hoodie.hoodie_test") }
[2026-04-09T18:49:19Z DEBUG apache_avro::schema] Going to parse record schema: Name { name: "hoodie_test_record", namespace: Some("hoodie.hoodie_test") }
[2026-04-09T18:49:19Z DEBUG apache_avro::schema] Going to parse record schema: Name { name: "fare", namespace: Some("hoodie.hoodie_test.hoodie_test_record") }
[2026-04-09T18:49:19Z DEBUG apache_avro::schema] Going to parse record schema: Name { name: "tip_history", namespace: Some("hoodie.hoodie_test.hoodie_test_record") }
[2026-04-09T18:49:19Z DEBUG apache_avro::schema] Going to parse record schema: Name { name: "fare", namespace: Some("hoodie.hoodie_test.hoodie_test_record") }
[2026-04-09T18:49:19Z DEBUG apache_avro::schema] Going to parse record schema: Name { name: "fare", namespace: Some("hoodie.hoodie_test.hoodie_test_record") }
[2026-04-09T18:49:19Z DEBUG apache_avro::schema] Going to parse record schema: Name { name: "tip_history", namespace: Some("hoodie.hoodie_test.hoodie_test_record") }
[2026-04-09T18:49:19Z DEBUG apache_avro::schema] Going to parse record schema: Name { name: "tip_history", namespace: Some("hoodie.hoodie_test.hoodie_test_record") }
[2026-04-09T18:49:19Z DEBUG apache_avro::schema] Going to parse record schema: Name { name: "hoodie_test_record", namespace: Some("hoodie.hoodie_test") }
[2026-04-09T18:49:19Z DEBUG apache_avro::schema] Going to parse record schema: Name { name: "hoodie_test_record", namespace: Some("hoodie.hoodie_test") }
[2026-04-09T18:49:19Z DEBUG apache_avro::schema] Going to parse record schema: Name { name: "hoodie_test_record", namespace: Some("hoodie.hoodie_test") }
[2026-04-09T18:49:19Z DEBUG apache_avro::schema] Going to parse record schema: Name { name: "fare", namespace: Some("hoodie.hoodie_test.hoodie_test_record") }
[2026-04-09T18:49:19Z DEBUG apache_avro::schema] Going to parse record schema: Name { name: "tip_history", namespace: Some("hoodie.hoodie_test.hoodie_test_record") }
[2026-04-09T18:49:19Z DEBUG hudi_core::file_group::reader] HoodieFileGroupReader::new partition=2015/03/17 base_file=2015/03/17/043ae454-9fc2-420b-9fe7-9df1455440b6-0_2-16-27_20260409184907205.parquet log_files=1 ordering_fields=["timestamp"] latest_commit_time=20260409184915541 record_key_field=_hoodie_record_key
[2026-04-09T18:49:19Z DEBUG hudi_core::file_group::reader]   log_file[0]: 2015/03/17/.043ae454-9fc2-420b-9fe7-9df1455440b6-0_20260409184907205.log.1_2-43-96
[2026-04-09T18:49:19Z DEBUG hudi_core::file_group::reader] [HoodieFileGroupReader] initRecordIterators: partition=2015/03/17 base_file=2015/03/17/043ae454-9fc2-420b-9fe7-9df1455440b6-0_2-16-27_20260409184907205.parquet log_files=1
[2026-04-09T18:49:19Z DEBUG apache_avro::schema] Going to parse record schema: Name { name: "fare", namespace: Some("hoodie.hoodie_test.hoodie_test_record") }
[2026-04-09T18:49:19Z DEBUG apache_avro::schema] Going to parse record schema: Name { name: "fare", namespace: Some("hoodie.hoodie_test.hoodie_test_record") }
[2026-04-09T18:49:19Z DEBUG apache_avro::schema] Going to parse record schema: Name { name: "tip_history", namespace: Some("hoodie.hoodie_test.hoodie_test_record") }
[2026-04-09T18:49:19Z DEBUG apache_avro::schema] Going to parse record schema: Name { name: "tip_history", namespace: Some("hoodie.hoodie_test.hoodie_test_record") }
[2026-04-09T18:49:19Z DEBUG hudi_core::file_group::reader] HoodieFileGroupReader::new partition=2016/03/15 base_file=2016/03/15/9579d0d4-ab3d-49ba-bb2e-e13512875986-0_0-16-25_20260409184907205.parquet log_files=1 ordering_fields=["timestamp"] latest_commit_time=20260409184915541 record_key_field=_hoodie_record_key
[2026-04-09T18:49:19Z DEBUG hudi_core::file_group::reader] HoodieFileGroupReader::new partition=2015/03/16 base_file=2015/03/16/dcdd5d8c-6797-4b30-b8b0-33cc731d7d08-0_1-16-26_20260409184907205.parquet log_files=1 ordering_fields=["timestamp"] latest_commit_time=20260409184915541 record_key_field=_hoodie_record_key
[2026-04-09T18:49:19Z DEBUG hudi_core::file_group::reader]   log_file[0]: 2016/03/15/.9579d0d4-ab3d-49ba-bb2e-e13512875986-0_20260409184907205.log.1_0-43-94
[2026-04-09T18:49:19Z DEBUG hudi_core::file_group::reader]   log_file[0]: 2015/03/16/.dcdd5d8c-6797-4b30-b8b0-33cc731d7d08-0_20260409184907205.log.1_1-43-95
[2026-04-09T18:49:19Z DEBUG hudi_core::file_group::reader] [HoodieFileGroupReader] initRecordIterators: partition=2016/03/15 base_file=2016/03/15/9579d0d4-ab3d-49ba-bb2e-e13512875986-0_0-16-25_20260409184907205.parquet log_files=1
[2026-04-09T18:49:19Z DEBUG hudi_core::file_group::reader] [HoodieFileGroupReader] initRecordIterators: partition=2015/03/16 base_file=2015/03/16/dcdd5d8c-6797-4b30-b8b0-33cc731d7d08-0_1-16-26_20260409184907205.parquet log_files=1
[2026-04-09T18:49:19Z DEBUG hudi_core::storage] Parquet full read (non-streaming) for '2015/03/17/043ae454-9fc2-420b-9fe7-9df1455440b6-0_2-16-27_20260409184907205.parquet': reading all 26 cols: [_hoodie_commit_time, _hoodie_commit_seqno, _hoodie_record_key, _hoodie_partition_path, _hoodie_file_name, timestamp, _row_key, partition_path, trip_type, rider, driver, begin_lat, begin_lon, end_lat, end_lon, distance_in_meters, seconds_since_epoch, weight, nation, current_date, current_ts, height, city_to_state, fare, tip_history, _hoodie_is_deleted]
[2026-04-09T18:49:19Z DEBUG hudi_core::storage] Parquet full read (non-streaming) for '2016/03/15/9579d0d4-ab3d-49ba-bb2e-e13512875986-0_0-16-25_20260409184907205.parquet': reading all 26 cols: [_hoodie_commit_time, _hoodie_commit_seqno, _hoodie_record_key, _hoodie_partition_path, _hoodie_file_name, timestamp, _row_key, partition_path, trip_type, rider, driver, begin_lat, begin_lon, end_lat, end_lon, distance_in_meters, seconds_since_epoch, weight, nation, current_date, current_ts, height, city_to_state, fare, tip_history, _hoodie_is_deleted]
[2026-04-09T18:49:19Z DEBUG hudi_core::storage] Parquet full read (non-streaming) for '2015/03/16/dcdd5d8c-6797-4b30-b8b0-33cc731d7d08-0_1-16-26_20260409184907205.parquet': reading all 26 cols: [_hoodie_commit_time, _hoodie_commit_seqno, _hoodie_record_key, _hoodie_partition_path, _hoodie_file_name, timestamp, _row_key, partition_path, trip_type, rider, driver, begin_lat, begin_lon, end_lat, end_lon, distance_in_meters, seconds_since_epoch, weight, nation, current_date, current_ts, height, city_to_state, fare, tip_history, _hoodie_is_deleted]
[2026-04-09T18:49:19Z DEBUG hudi_core::file_group::reader] [HoodieFileGroupReader] makeBaseFileIterator: 1 batches, 33 total rows
[2026-04-09T18:49:19Z DEBUG hudi_core::file_group::reader] [HoodieFileGroupReader] base file schema: ["_hoodie_commit_time", "_hoodie_commit_seqno", "_hoodie_record_key", "_hoodie_partition_path", "_hoodie_file_name", "timestamp", "_row_key", "partition_path", "trip_type", "rider", "driver", "begin_lat", "begin_lon", "end_lat", "end_lon", "distance_in_meters", "seconds_since_epoch", "weight", "nation", "current_date", "current_ts", "height", "city_to_state", "fare", "tip_history", "_hoodie_is_deleted"]
[2026-04-09T18:49:19Z DEBUG hudi_core::file_group::reader] [HoodieFileGroupReader] scanning 1 log file(s) with latest_commit_time=20260409184915541
[2026-04-09T18:49:19Z DEBUG hudi_core::file_group::reader::buffer::loader] [DefaultFileGroupRecordBufferLoader] getRecordBuffer: merge_mode=COMMIT_TIME_ORDERING record_key_field=_hoodie_record_key ordering_fields=["timestamp"] log_files=1 latest_commit_time=20260409184915541
[2026-04-09T18:49:19Z DEBUG hudi_core::file_group::reader::log_record_reader] [Pass1] forward_scan: 1 total blocks, latest_instant_time=20260409184915541, has_instant_range=false
[2026-04-09T18:49:19Z DEBUG hudi_core::file_group::reader::log_record_reader] [Pass1] block #1 passed all gates: type=AvroData instant=20260409184915541
[2026-04-09T18:49:19Z DEBUG hudi_core::file_group::reader::log_record_reader] [Pass1] complete: ordered_instants=["20260409184915541"] total_blocks=1 corrupt=0 rollbacks=0
[2026-04-09T18:49:19Z DEBUG hudi_core::file_group::reader::log_record_reader] [Pass1]   instant=20260409184915541: 1 block(s) [["AvroData"]]
[2026-04-09T18:49:19Z DEBUG hudi_core::file_group::reader::log_record_reader] [Pass2] reverse_scan: 1 instants to process (newest→oldest)
[2026-04-09T18:49:19Z DEBUG hudi_core::file_group::reader::log_record_reader] [Pass2] complete: 1 blocks in deque, valid_instants=["20260409184915541"]
[2026-04-09T18:49:19Z DEBUG hudi_core::file_group::reader::log_record_reader] Pass 1+2 complete: 1 blocks queued, 1 valid instants
[2026-04-09T18:49:19Z DEBUG hudi_core::file_group::reader::log_record_reader] Merging the final data blocks
[2026-04-09T18:49:19Z DEBUG hudi_core::file_group::reader::log_record_reader] [Pass3] processQueuedBlocksForInstant: 1 blocks to process (pop_back = oldest first)
[2026-04-09T18:49:19Z DEBUG hudi_core::file_group::reader::log_record_reader] [Pass3] block #1: type=AvroData instant=20260409184915541
[2026-04-09T18:49:19Z DEBUG hudi_core::file_group::log_file::log_block] [LogBlock::inflate_from_bytes] type=AvroData file=2015/03/17/.043ae454-9fc2-420b-9fe7-9df1455440b6-0_20260409184907205.log.1_2-43-96 pos=1900 len=4890 block_len=6788
[2026-04-09T18:49:19Z DEBUG hudi_core::file_group::reader] [HoodieFileGroupReader] makeBaseFileIterator: 1 batches, 33 total rows
[2026-04-09T18:49:19Z DEBUG hudi_core::file_group::reader] [HoodieFileGroupReader] base file schema: ["_hoodie_commit_time", "_hoodie_commit_seqno", "_hoodie_record_key", "_hoodie_partition_path", "_hoodie_file_name", "timestamp", "_row_key", "partition_path", "trip_type", "rider", "driver", "begin_lat", "begin_lon", "end_lat", "end_lon", "distance_in_meters", "seconds_since_epoch", "weight", "nation", "current_date", "current_ts", "height", "city_to_state", "fare", "tip_history", "_hoodie_is_deleted"]
[2026-04-09T18:49:19Z DEBUG hudi_core::file_group::reader] [HoodieFileGroupReader] scanning 1 log file(s) with latest_commit_time=20260409184915541
[2026-04-09T18:49:19Z DEBUG hudi_core::file_group::reader] [HoodieFileGroupReader] makeBaseFileIterator: 1 batches, 34 total rows
[2026-04-09T18:49:19Z DEBUG hudi_core::file_group::reader::buffer::loader] [DefaultFileGroupRecordBufferLoader] getRecordBuffer: merge_mode=COMMIT_TIME_ORDERING record_key_field=_hoodie_record_key ordering_fields=["timestamp"] log_files=1 latest_commit_time=20260409184915541
[2026-04-09T18:49:19Z DEBUG apache_avro::schema] Going to parse record schema: Name { name: "hoodie_test_record", namespace: Some("hoodie.hoodie_test") }
[2026-04-09T18:49:19Z DEBUG hudi_core::file_group::reader] [HoodieFileGroupReader] base file schema: ["_hoodie_commit_time", "_hoodie_commit_seqno", "_hoodie_record_key", "_hoodie_partition_path", "_hoodie_file_name", "timestamp", "_row_key", "partition_path", "trip_type", "rider", "driver", "begin_lat", "begin_lon", "end_lat", "end_lon", "distance_in_meters", "seconds_since_epoch", "weight", "nation", "current_date", "current_ts", "height", "city_to_state", "fare", "tip_history", "_hoodie_is_deleted"]
[2026-04-09T18:49:19Z DEBUG hudi_core::file_group::reader] [HoodieFileGroupReader] scanning 1 log file(s) with latest_commit_time=20260409184915541
[2026-04-09T18:49:19Z DEBUG hudi_core::file_group::reader::buffer::loader] [DefaultFileGroupRecordBufferLoader] getRecordBuffer: merge_mode=COMMIT_TIME_ORDERING record_key_field=_hoodie_record_key ordering_fields=["timestamp"] log_files=1 latest_commit_time=20260409184915541
[2026-04-09T18:49:19Z DEBUG hudi_core::file_group::reader::log_record_reader] [Pass1] forward_scan: 1 total blocks, latest_instant_time=20260409184915541, has_instant_range=false
[2026-04-09T18:49:19Z DEBUG hudi_core::file_group::reader::log_record_reader] [Pass1] block #1 passed all gates: type=AvroData instant=20260409184915541
[2026-04-09T18:49:19Z DEBUG hudi_core::file_group::reader::log_record_reader] [Pass1] complete: ordered_instants=["20260409184915541"] total_blocks=1 corrupt=0 rollbacks=0
[2026-04-09T18:49:19Z DEBUG hudi_core::file_group::reader::log_record_reader] [Pass1]   instant=20260409184915541: 1 block(s) [["AvroData"]]
[2026-04-09T18:49:19Z DEBUG hudi_core::file_group::reader::log_record_reader] [Pass2] reverse_scan: 1 instants to process (newest→oldest)
[2026-04-09T18:49:19Z DEBUG hudi_core::file_group::reader::log_record_reader] [Pass2] complete: 1 blocks in deque, valid_instants=["20260409184915541"]
[2026-04-09T18:49:19Z DEBUG hudi_core::file_group::reader::log_record_reader] Pass 1+2 complete: 1 blocks queued, 1 valid instants
[2026-04-09T18:49:19Z DEBUG hudi_core::file_group::reader::log_record_reader] Merging the final data blocks
[2026-04-09T18:49:19Z DEBUG hudi_core::file_group::reader::log_record_reader] [Pass3] processQueuedBlocksForInstant: 1 blocks to process (pop_back = oldest first)
[2026-04-09T18:49:19Z DEBUG hudi_core::file_group::reader::log_record_reader] [Pass1] forward_scan: 1 total blocks, latest_instant_time=20260409184915541, has_instant_range=false
[2026-04-09T18:49:19Z DEBUG hudi_core::file_group::reader::log_record_reader] [Pass3] block #1: type=AvroData instant=20260409184915541
[2026-04-09T18:49:19Z DEBUG hudi_core::file_group::reader::log_record_reader] [Pass1] block #1 passed all gates: type=AvroData instant=20260409184915541
[2026-04-09T18:49:19Z DEBUG hudi_core::file_group::log_file::log_block] [LogBlock::inflate_from_bytes] type=AvroData file=2015/03/16/.dcdd5d8c-6797-4b30-b8b0-33cc731d7d08-0_20260409184907205.log.1_1-43-95 pos=1900 len=6181 block_len=8079
[2026-04-09T18:49:19Z DEBUG hudi_core::file_group::reader::log_record_reader] [Pass1] complete: ordered_instants=["20260409184915541"] total_blocks=1 corrupt=0 rollbacks=0
[2026-04-09T18:49:19Z DEBUG hudi_core::file_group::reader::log_record_reader] [Pass1]   instant=20260409184915541: 1 block(s) [["AvroData"]]
[2026-04-09T18:49:19Z DEBUG hudi_core::file_group::reader::log_record_reader] [Pass2] reverse_scan: 1 instants to process (newest→oldest)
[2026-04-09T18:49:19Z DEBUG apache_avro::schema] Going to parse record schema: Name { name: "fare", namespace: Some("hoodie.hoodie_test.hoodie_test_record") }
[2026-04-09T18:49:19Z DEBUG hudi_core::file_group::reader::log_record_reader] [Pass2] complete: 1 blocks in deque, valid_instants=["20260409184915541"]
[2026-04-09T18:49:19Z DEBUG hudi_core::file_group::reader::log_record_reader] Pass 1+2 complete: 1 blocks queued, 1 valid instants
[2026-04-09T18:49:19Z DEBUG hudi_core::file_group::reader::log_record_reader] Merging the final data blocks
[2026-04-09T18:49:19Z DEBUG hudi_core::file_group::reader::log_record_reader] [Pass3] processQueuedBlocksForInstant: 1 blocks to process (pop_back = oldest first)
[2026-04-09T18:49:19Z DEBUG apache_avro::schema] Going to parse record schema: Name { name: "hoodie_test_record", namespace: Some("hoodie.hoodie_test") }
[2026-04-09T18:49:19Z DEBUG hudi_core::file_group::reader::log_record_reader] [Pass3] block #1: type=AvroData instant=20260409184915541
[2026-04-09T18:49:19Z DEBUG hudi_core::file_group::log_file::log_block] [LogBlock::inflate_from_bytes] type=AvroData file=2016/03/15/.9579d0d4-ab3d-49ba-bb2e-e13512875986-0_20260409184907205.log.1_0-43-94 pos=1900 len=5217 block_len=7115
[2026-04-09T18:49:19Z DEBUG apache_avro::schema] Going to parse record schema: Name { name: "tip_history", namespace: Some("hoodie.hoodie_test.hoodie_test_record") }
[2026-04-09T18:49:19Z DEBUG apache_avro::schema] Going to parse record schema: Name { name: "hoodie_test_record", namespace: Some("hoodie.hoodie_test") }
[2026-04-09T18:49:19Z DEBUG apache_avro::schema] Going to parse record schema: Name { name: "fare", namespace: Some("hoodie.hoodie_test.hoodie_test_record") }
[2026-04-09T18:49:19Z DEBUG apache_avro::schema] Going to parse record schema: Name { name: "tip_history", namespace: Some("hoodie.hoodie_test.hoodie_test_record") }
[2026-04-09T18:49:19Z DEBUG apache_avro::schema] Going to parse record schema: Name { name: "fare", namespace: Some("hoodie.hoodie_test.hoodie_test_record") }
[2026-04-09T18:49:19Z DEBUG apache_avro::schema] Going to parse record schema: Name { name: "tip_history", namespace: Some("hoodie.hoodie_test.hoodie_test_record") }
[2026-04-09T18:49:19Z DEBUG hudi_core::file_group::reader::buffer::key_based] [KeyBasedBuffer] processDataBlock: 1 data batches, 15 total rows
[2026-04-09T18:49:19Z DEBUG hudi_core::file_group::reader::buffer::key_based] [KeyBasedBuffer] processNextDataRecord: key=a1f13c37-6c84-4f53-9357-e9eda50a96cf has_existing=false → merged (is_delete=false)
[2026-04-09T18:49:19Z DEBUG hudi_core::file_group::reader::buffer::key_based] [KeyBasedBuffer] processNextDataRecord: key=9d8a98e0-cb2f-48a6-8298-af4f940dd966 has_existing=false → merged (is_delete=false)
[2026-04-09T18:49:19Z DEBUG hudi_core::file_group::reader::buffer::key_based] [KeyBasedBuffer] processNextDataRecord: key=64328bc9-3e4e-4367-92de-56ff678c0741 has_existing=false → merged (is_delete=false)
[2026-04-09T18:49:19Z DEBUG hudi_core::file_group::reader::buffer::key_based] [KeyBasedBuffer] processDataBlock: 1 data batches, 19 total rows
[2026-04-09T18:49:19Z DEBUG hudi_core::file_group::reader::buffer::key_based] [KeyBasedBuffer] processNextDataRecord: key=0445f7b1-3674-4599-bd5b-f208ab853b01 has_existing=false → merged (is_delete=false)
[2026-04-09T18:49:19Z DEBUG hudi_core::file_group::reader::buffer::key_based] [KeyBasedBuffer] processNextDataRecord: key=41144b0f-4870-4a4c-bab8-5fb33f8ce30a has_existing=false → merged (is_delete=false)
[2026-04-09T18:49:19Z DEBUG hudi_core::file_group::reader::buffer::key_based] [KeyBasedBuffer] processDataBlock: 1 data batches, 16 total rows
[2026-04-09T18:49:19Z DEBUG hudi_core::file_group::reader::buffer::key_based] [KeyBasedBuffer] processNextDataRecord: key=0335d935-986a-41e4-b201-852f76a429ce has_existing=false → merged (is_delete=false)
[2026-04-09T18:49:19Z DEBUG hudi_core::file_group::reader::buffer::key_based] [KeyBasedBuffer] processNextDataRecord: key=d9dee2fc-a191-4d1f-bb02-5f8d71e7f8d3 has_existing=false → merged (is_delete=false)
[2026-04-09T18:49:19Z DEBUG hudi_core::file_group::reader::buffer::key_based] [KeyBasedBuffer] processNextDataRecord: key=3df6c9e1-4dd6-4421-9dd4-dbd5a5836077 has_existing=false → merged (is_delete=false)
[2026-04-09T18:49:19Z DEBUG hudi_core::file_group::reader::buffer::key_based] [KeyBasedBuffer] processNextDataRecord: key=407fbb35-3956-4e64-bd97-bbcc99687218 has_existing=false → merged (is_delete=false)
[2026-04-09T18:49:19Z DEBUG hudi_core::file_group::reader::buffer::key_based] [KeyBasedBuffer] processNextDataRecord: key=cc35a737-a51d-4481-8b1d-e99546fb353b has_existing=false → merged (is_delete=false)
[2026-04-09T18:49:19Z DEBUG hudi_core::file_group::reader::buffer::key_based] [KeyBasedBuffer] processNextDataRecord: key=dd44ce63-acf6-45c9-95e1-a90df78d5f50 has_existing=false → merged (is_delete=false)
[2026-04-09T18:49:19Z DEBUG hudi_core::file_group::reader::buffer::key_based] [KeyBasedBuffer] processNextDataRecord: key=9d8087dc-8e24-42fe-b70f-0390aa69acf4 has_existing=false → merged (is_delete=false)
[2026-04-09T18:49:19Z DEBUG hudi_core::file_group::reader::buffer::key_based] [KeyBasedBuffer] processNextDataRecord: key=2afda5cb-9f12-423c-be66-b1718e5bb695 has_existing=false → merged (is_delete=false)
[2026-04-09T18:49:19Z DEBUG hudi_core::file_group::reader::buffer::key_based] [KeyBasedBuffer] processNextDataRecord: key=4e751fc3-5a6e-4ed5-bfa5-b8647ef8c7bd has_existing=false → merged (is_delete=false)
[2026-04-09T18:49:19Z DEBUG hudi_core::file_group::reader::buffer::key_based] [KeyBasedBuffer] processNextDataRecord: key=3f7cb3a3-1790-430c-92b7-2d7ad790419b has_existing=false → merged (is_delete=false)
[2026-04-09T18:49:19Z DEBUG hudi_core::file_group::reader::buffer::key_based] [KeyBasedBuffer] processNextDataRecord: key=aa1d92d9-0593-4399-800f-8b276f792ff2 has_existing=false → merged (is_delete=false)
[2026-04-09T18:49:19Z DEBUG hudi_core::file_group::reader::buffer::key_based] [KeyBasedBuffer] processNextDataRecord: key=c651bd7b-6564-4de4-8d0f-8d7bd8d3ca5b has_existing=false → merged (is_delete=false)
[2026-04-09T18:49:19Z DEBUG hudi_core::file_group::reader::buffer::key_based] [KeyBasedBuffer] processNextDataRecord: key=0173648e-2fd6-45c4-a59d-f8d53f96610f has_existing=false → merged (is_delete=false)
[2026-04-09T18:49:19Z DEBUG hudi_core::file_group::reader::buffer::key_based] [KeyBasedBuffer] processNextDataRecord: key=167c9fd9-849d-4b75-9f8b-8060a1565dde has_existing=false → merged (is_delete=false)
[2026-04-09T18:49:19Z DEBUG hudi_core::file_group::reader::buffer::key_based] [KeyBasedBuffer] processNextDataRecord: key=fc74094d-02b0-41d9-8004-bd35286aefb8 has_existing=false → merged (is_delete=false)
[2026-04-09T18:49:19Z DEBUG hudi_core::file_group::reader::buffer::key_based] [KeyBasedBuffer] processNextDataRecord: key=8755baf0-2052-41c8-980f-03636b81d8ef has_existing=false → merged (is_delete=false)
[2026-04-09T18:49:19Z DEBUG hudi_core::file_group::reader::buffer::key_based] [KeyBasedBuffer] processNextDataRecord: key=27600f1c-3bf3-438d-ba54-1a61206a31ef has_existing=false → merged (is_delete=false)
[2026-04-09T18:49:19Z DEBUG hudi_core::file_group::reader::buffer::key_based] [KeyBasedBuffer] processNextDataRecord: key=f9fa8867-4640-4810-93b7-af77d8706a24 has_existing=false → merged (is_delete=false)
[2026-04-09T18:49:19Z DEBUG hudi_core::file_group::reader::buffer::key_based] [KeyBasedBuffer] processNextDataRecord: key=51d2ade6-9b2f-49d4-b304-88f7da5fb3b1 has_existing=false → merged (is_delete=false)
